Microchip MPLAB XC8 Compiler V2.32

Linker command line:

-W-3 --edf=C:\Program Files\Microchip\xc8\v2.32\pic\dat\en_msgs.txt -cn \
  -h+dist/default/debug\Fan_Control_A2.X.debug.sym \
  --cmf=dist/default/debug\Fan_Control_A2.X.debug.cmf -z -Q16LF18326 \
  -oC:\Users\MAJOKA\AppData\Local\Temp\xcAsb9k.4 --defsym=__MPLAB_BUILD=1 \
  -Mdist/default/debug/Fan_Control_A2.X.debug.map -E1 -ver=XC8 Compiler \
  --acfsm=1493 -ASTACK=02184h-027EFh -pstack=STACK -ACODE=00h-07FFhx8 \
  -ASTRCODE=00h-03FFFh -ASTRING=00h-0FFhx64 -ACONST=00h-0FFhx64 \
  -AENTRY=00h-0FFhx64 -ACOMMON=070h-07Fh -ABANK0=020h-06Fh \
  -ABANK1=0A0h-0EFh -ABANK2=0120h-016Fh -ABANK3=01A0h-01EFh \
  -ABANK4=0220h-026Fh -ABANK5=02A0h-02EFh -ABANK6=0320h-036Fh \
  -ABANK7=03A0h-03EFh -ABANK8=0420h-046Fh -ABANK9=04A0h-04EFh \
  -ABANK10=0520h-056Fh -ABANK11=05A0h-05EFh -ABANK12=0620h-066Fh \
  -ABANK13=06A0h-06EFh -ABANK14=0720h-076Fh -ABANK15=07A0h-07EFh \
  -ABANK16=0820h-086Fh -ABANK17=08A0h-08EFh -ABANK18=0920h-096Fh \
  -ABANK19=09A0h-09EFh -ABANK20=0A20h-0A6Fh -ABANK21=0AA0h-0AEFh \
  -ABANK22=0B20h-0B6Fh -ABANK23=0BA0h-0BEFh -ABANK24=0C20h-0C6Fh \
  -ABANK25=0CA0h-0CBFh -ABIGRAM=02000h-027EFh \
  -ARAM=020h-06Fh,0A0h-0EFh,0120h-016Fh,01A0h-01EFh,0220h-026Fh,02A0h-02EFh,0320h-036Fh,03A0h-03EFh,0420h-046Fh,04A0h-04EFh,0520h-056Fh,05A0h-05EFh,0620h-066Fh,06A0h-06EFh,0720h-076Fh,07A0h-07EFh,0820h-086Fh,08A0h-08EFh,0920h-096Fh,09A0h-09EFh,0A20h-0A6Fh,0AA0h-0AEFh,0B20h-0B6Fh,0BA0h-0BEFh,0C20h-0C6Fh,0CA0h-0CBFh \
  -AABS1=020h-07Fh,0A0h-0EFh,0120h-016Fh,01A0h-01EFh,0220h-026Fh,02A0h-02EFh,0320h-036Fh,03A0h-03EFh,0420h-046Fh,04A0h-04EFh,0520h-056Fh,05A0h-05EFh,0620h-066Fh,06A0h-06EFh,0720h-076Fh,07A0h-07EFh,0820h-086Fh,08A0h-08EFh,0920h-096Fh,09A0h-09EFh,0A20h-0A6Fh,0AA0h-0AEFh,0B20h-0B6Fh,0BA0h-0BEFh,0C20h-0C6Fh,0CA0h-0CBFh \
  -ASFR0=00h-01Fh -ASFR1=080h-09Fh -ASFR2=0100h-011Fh -ASFR3=0180h-019Fh \
  -ASFR4=0200h-021Fh -ASFR5=0280h-029Fh -ASFR6=0300h-031Fh \
  -ASFR7=0380h-039Fh -ASFR8=0400h-041Fh -ASFR9=0480h-049Fh \
  -ASFR10=0500h-051Fh -ASFR11=0580h-059Fh -ASFR12=0600h-061Fh \
  -ASFR13=0680h-069Fh -ASFR14=0700h-071Fh -ASFR15=0780h-079Fh \
  -ASFR16=0800h-081Fh -ASFR17=0880h-089Fh -ASFR18=0900h-091Fh \
  -ASFR19=0980h-099Fh -ASFR20=0A00h-0A1Fh -ASFR21=0A80h-0A9Fh \
  -ASFR22=0B00h-0B1Fh -ASFR23=0B80h-0B9Fh -ASFR24=0C00h-0C1Fh \
  -ASFR25=0C80h-0C9Fh -ASFR26=0D00h-0D6Fh -ASFR27=0D80h-0DEFh \
  -ASFR28=0E00h-0E6Fh -ASFR29=0E80h-0EEFh -ASFR30=0F00h-0F6Fh \
  -ASFR31=0F80h-0FEFh -ACONFIG=08007h-0800Ah -DCONFIG=2 \
  -AIDLOC=08000h-08003h -DIDLOC=2 -AEEDATA=00h-0FFh/0F000h \
  -peeprom_data=EEDATA -DEEDATA=2 -DCODE=2 -DSTRCODE=2 -DSTRING=2 -DCONST=2 \
  -DENTRY=2 -preset_vec=00h,intentry=04h,init,end_init -ppowerup=CODE \
  -pcinit=CODE -pfunctab=ENTRY -k \
  C:\Users\MAJOKA\AppData\Local\Temp\xcAsb9k.o \
  dist/default/debug\Fan_Control_A2.X.debug.o 

Object code version is 3.11

Machine type is 16LF18326



                Name                               Link     Load   Length Selector   Space Scale
C:\Users\MAJOKA\AppData\Local\Temp\xcAsb9k.o
                end_init                             5C       5C        2        8       0
                reset_vec                             0        0        2        0       0
                config                             8007     8007        4        0       4
dist/default/debug\Fan_Control_A2.X.debug.o
                cinit                                5E       5E       31        8       0
                intentry                              4        4       58        8       0
                config                             8007     8007        4        0       4
                text74                             237A     237A       90     46F4       0
                text73                             209D     209D       68     413A       0
                text72                             2DC0     2DC0       17     5B80       0
                text71                             2C82     2C82        3     5904       0
                text70                             2CBB     2CBB        8     5976       0
                text69                             2D51     2D51        D     5AA2       0
                text68                             2C85     2C85        3     590A       0
                text67                             2CAD     2CAD        7     595A       0
                text66                             2000     2000        5     3B90       0
                text65                             2C91     2C91        4     5922       0
                text64                             2CB4     2CB4        7     5968       0
                text63                             2CC3     2CC3        8     5986       0
                text62                             1828     1828      1B4     3050       0
                text61                             2D1B     2D1B        A     5A36       0
                text60                             2FA1     2FA1       5F     5F42       0
                text59                             2265     2265       8A     44CA       0
                text58                             2E64     2E64       23     5CC8       0
                text57                             10E0     10E0      257     21C0       0
                text56                             2D2F     2D2F        B     5A5E       0
                text55                             1B90     1B90      238     3720       0
                text54                             2E24     2E24       20     5C48       0
                text53                             2105     2105       75     420A       0
                text52                             240A     240A       AC     4814       0
                text51                              B06      B06      4FA     160C       0
                text50                             1337     1337      4C9     266E       0
                text49                             2EB0     2EB0       31     5D60       0
                text48                             2C88     2C88        3     5910       0
                text47                             2DF0     2DF0       1A     5BE0       0
                text46                             21EF     21EF       76     43DE       0
                text45                             2F56     2F56       4B     5EAC       0
                text43                             2DD7     2DD7       19     5BAE       0
                text42                             2CD3     2CD3        9     59A6       0
                text41                             2E0A     2E0A       1A     5C14       0
                text40                             2D5E     2D5E        D     5ABC       0
                text39                             2C8B     2C8B        3     5916       0
                text38                             2D79     2D79       11     5AF2       0
                text37                             2CDC     2CDC        9     59B8       0
                text36                             2CE5     2CE5        9     59CA       0
                text35                             2CEE     2CEE        9     59DC       0
                text34                             2CF7     2CF7        9     59EE       0
                text33                             2C95     2C95        6     592A       0
                text32                             2C9B     2C9B        6     5936       0
                text31                             2D00     2D00        9     5A00       0
                text30                             2D09     2D09        9     5A12       0
                text29                             2F17     2F17       3F     5E2E       0
                text28                             2DAD     2DAD       13     5B5A       0
                text27                             2D12     2D12        9     5A24       0
                text26                             2005     2005       38     400A       0
                text25                             2CCB     2CCB        8     5996       0
                text24                             2D25     2D25        A     5A4A       0
                text23                             2D6B     2D6B        E     5AD6       0
                text22                             2D9B     2D9B       12     5B36       0
                text21                             2C8E     2C8E        3     591C       0
                text20                             2D3A     2D3A        B     5A74       0
                text19                             1800     1800        4     266E       0
                text18                              7D3      7D3       2D        8       0
                text17                             19DC     19DC      1B4     33B8       0
                text16                             22EF     22EF       8B     45DE       0
                text15                             1DC8     1DC8      238     3B90       0
                text14                             2E44     2E44       20     5C88       0
                text13                              802      802       AD     1004       0
                text12                             24B6     24B6      198     496C       0
                text11                             2D8A     2D8A       11     5B14       0
                text10                             2EE1     2EE1       36     5DC2       0
                text9                              2E87     2E87       29     5D0E       0
                text8                              101C     101C       C4     2038       0
                text7                              1804     1804       24     3008       0
                text6                               8AF      8AF      257     115E       0
                text5                              264E     264E      1B2     4C9C       0
                text4                              203D     203D       60     407A       0
                text3                              2D45     2D45        C     5A8A       0
                text2                              217A     217A       75     42F4       0
                text1                                8F       8F      543        8       0
                maintext                            5D2      5D2      201        8       0
                cstackBANK0                          20       20       50       20       1
                cstackCOMMON                         70       70        E       70       1
                cstackBANK1                          A0       A0       27       A0       1
                cstackBANK2                         120      120       50      120       1
                cstackBANK3                         1A0      1A0       23      1A0       1
                clrtext                            2CA1     2CA1        6     5942       0
                inittext                           2CA7     2CA7        6     594E       0
                bssBANK4                            220      220       44      220       1
                dataBANK3                           1C3      1C3       1B      1A0       1
                bssBANK3                            1DE      1DE       11      1A0       1
                dataBANK1                            E6       E6        2       A0       1
                bssBANK1                             C7       C7       1B       A0       1
                nvBANK1                              E2       E2        4       A0       1
                idataBANK3                         1001     1001       1B     2002       0
                idataBANK1                            2        2        2        0       0

TOTAL           Name                               Link     Load   Length     Space
        CLASS   STACK          

        CLASS   CODE           
                end_init                             5C       5C        2         0
                cinit                                5E       5E       31         0
                intentry                              4        4       58         0
                reset_vec                             0        0        2         0
                text74                             237A     237A       90         0
                text73                             209D     209D       68         0
                text72                             2DC0     2DC0       17         0
                text71                             2C82     2C82        3         0
                text70                             2CBB     2CBB        8         0
                text69                             2D51     2D51        D         0
                text68                             2C85     2C85        3         0
                text67                             2CAD     2CAD        7         0
                text66                             2000     2000        5         0
                text65                             2C91     2C91        4         0
                text64                             2CB4     2CB4        7         0
                text63                             2CC3     2CC3        8         0
                text62                             1828     1828      1B4         0
                text61                             2D1B     2D1B        A         0
                text60                             2FA1     2FA1       5F         0
                text59                             2265     2265       8A         0
                text58                             2E64     2E64       23         0
                text57                             10E0     10E0      257         0
                text56                             2D2F     2D2F        B         0
                text55                             1B90     1B90      238         0
                text54                             2E24     2E24       20         0
                text53                             2105     2105       75         0
                text52                             240A     240A       AC         0
                text51                              B06      B06      4FA         0
                text50                             1337     1337      4C9         0
                text49                             2EB0     2EB0       31         0
                text48                             2C88     2C88        3         0
                text47                             2DF0     2DF0       1A         0
                text46                             21EF     21EF       76         0
                text45                             2F56     2F56       4B         0
                text43                             2DD7     2DD7       19         0
                text42                             2CD3     2CD3        9         0
                text41                             2E0A     2E0A       1A         0
                text40                             2D5E     2D5E        D         0
                text39                             2C8B     2C8B        3         0
                text38                             2D79     2D79       11         0
                text37                             2CDC     2CDC        9         0
                text36                             2CE5     2CE5        9         0
                text35                             2CEE     2CEE        9         0
                text34                             2CF7     2CF7        9         0
                text33                             2C95     2C95        6         0
                text32                             2C9B     2C9B        6         0
                text31                             2D00     2D00        9         0
                text30                             2D09     2D09        9         0
                text29                             2F17     2F17       3F         0
                text28                             2DAD     2DAD       13         0
                text27                             2D12     2D12        9         0
                text26                             2005     2005       38         0
                text25                             2CCB     2CCB        8         0
                text24                             2D25     2D25        A         0
                text23                             2D6B     2D6B        E         0
                text22                             2D9B     2D9B       12         0
                text21                             2C8E     2C8E        3         0
                text20                             2D3A     2D3A        B         0
                text19                             1800     1800        4         0
                text18                              7D3      7D3       2D         0
                text17                             19DC     19DC      1B4         0
                text16                             22EF     22EF       8B         0
                text15                             1DC8     1DC8      238         0
                text14                             2E44     2E44       20         0
                text13                              802      802       AD         0
                text12                             24B6     24B6      198         0
                text11                             2D8A     2D8A       11         0
                text10                             2EE1     2EE1       36         0
                text9                              2E87     2E87       29         0
                text8                              101C     101C       C4         0
                text7                              1804     1804       24         0
                text6                               8AF      8AF      257         0
                text5                              264E     264E      1B2         0
                text4                              203D     203D       60         0
                text3                              2D45     2D45        C         0
                text2                              217A     217A       75         0
                text1                                8F       8F      543         0
                maintext                            5D2      5D2      201         0
                clrtext                            2CA1     2CA1        6         0
                inittext                           2CA7     2CA7        6         0
                idataBANK3                         1001     1001       1B         0
                idataBANK1                            2        2        2         0

        CLASS   STRCODE        

        CLASS   STRING         

        CLASS   CONST          

        CLASS   ENTRY          

        CLASS   COMMON         
                cstackCOMMON                         70       70        E         1

        CLASS   BANK0          
                cstackBANK0                          20       20       50         1

        CLASS   BANK1          
                cstackBANK1                          A0       A0       27         1
                dataBANK1                            E6       E6        2         1
                bssBANK1                             C7       C7       1B         1
                nvBANK1                              E2       E2        4         1

        CLASS   BANK2          
                cstackBANK2                         120      120       50         1

        CLASS   BANK3          
                cstackBANK3                         1A0      1A0       23         1
                dataBANK3                           1C3      1C3       1B         1
                bssBANK3                            1DE      1DE       11         1

        CLASS   BANK4          
                bssBANK4                            220      220       44         1

        CLASS   BANK5          

        CLASS   BANK6          

        CLASS   BANK7          

        CLASS   BANK8          

        CLASS   BANK9          

        CLASS   BANK10         

        CLASS   BANK11         

        CLASS   BANK12         

        CLASS   BANK13         

        CLASS   BANK14         

        CLASS   BANK15         

        CLASS   BANK16         

        CLASS   BANK17         

        CLASS   BANK18         

        CLASS   BANK19         

        CLASS   BANK20         

        CLASS   BANK21         

        CLASS   BANK22         

        CLASS   BANK23         

        CLASS   BANK24         

        CLASS   BANK25         

        CLASS   BIGRAM         

        CLASS   RAM            

        CLASS   ABS1           
                abs_s1                               7E       7E        2         1

        CLASS   SFR0           

        CLASS   SFR1           

        CLASS   SFR2           

        CLASS   SFR3           

        CLASS   SFR4           

        CLASS   SFR5           

        CLASS   SFR6           

        CLASS   SFR7           

        CLASS   SFR8           

        CLASS   SFR9           

        CLASS   SFR10          

        CLASS   SFR11          

        CLASS   SFR12          

        CLASS   SFR13          

        CLASS   SFR14          

        CLASS   SFR15          

        CLASS   SFR16          

        CLASS   SFR17          

        CLASS   SFR18          

        CLASS   SFR19          

        CLASS   SFR20          

        CLASS   SFR21          

        CLASS   SFR22          

        CLASS   SFR23          

        CLASS   SFR24          

        CLASS   SFR25          

        CLASS   SFR26          

        CLASS   SFR27          

        CLASS   SFR28          

        CLASS   SFR29          

        CLASS   SFR30          

        CLASS   SFR31          

        CLASS   CONFIG         
                config                             8007     8007        4         4

        CLASS   IDLOC          

        CLASS   EEDATA         

        CLASS   BANK31         

        CLASS   BANK30         

        CLASS   BANK29         

        CLASS   BANK28         

        CLASS   BANK27         

        CLASS   BANK26         



SEGMENTS        Name                           Load    Length   Top    Selector   Space  Class     Delta

                reset_vec                      000000  000004  000004         0       0  CODE        2
                intentry                       000004  0007FC  000800         8       0  CODE        2
                cstackBANK0                    000020  000050  000070        20       1  BANK0       1
                cstackCOMMON                   000070  00000E  00007E        70       1  COMMON      1
                cstackBANK1                    0000A0  000048  0000E8        A0       1  BANK1       1
                cstackBANK2                    000120  000050  000170       120       1  BANK2       1
                cstackBANK3                    0001A0  00004F  0001EF       1A0       1  BANK3       1
                bssBANK4                       000220  000044  000264       220       1  BANK4       1
                text13                         000802  0000AD  0008AF      1004       0  CODE        2
                text6                          0008AF  000257  000B06      115E       0  CODE        2
                text51                         000B06  0004FA  001000      160C       0  CODE        2
                idataBANK3                     001001  00001B  00101C      2002       0  CODE        2
                text8                          00101C  0000C4  0010E0      2038       0  CODE        2
                text57                         0010E0  000257  001337      21C0       0  CODE        2
                text50                         001337  0004CD  001804      266E       0  CODE        2
                text7                          001804  000024  001828      3008       0  CODE        2
                text62                         001828  0001B4  0019DC      3050       0  CODE        2
                text17                         0019DC  0001B4  001B90      33B8       0  CODE        2
                text55                         001B90  000238  001DC8      3720       0  CODE        2
                text15                         001DC8  00023D  002005      3B90       0  CODE        2
                text26                         002005  000038  00203D      400A       0  CODE        2
                text4                          00203D  000060  00209D      407A       0  CODE        2
                text73                         00209D  000068  002105      413A       0  CODE        2
                text53                         002105  000075  00217A      420A       0  CODE        2
                text2                          00217A  000075  0021EF      42F4       0  CODE        2
                text46                         0021EF  000076  002265      43DE       0  CODE        2
                text59                         002265  00008A  0022EF      44CA       0  CODE        2
                text16                         0022EF  00008B  00237A      45DE       0  CODE        2
                text74                         00237A  000090  00240A      46F4       0  CODE        2
                text52                         00240A  0000AC  0024B6      4814       0  CODE        2
                text12                         0024B6  000198  00264E      496C       0  CODE        2
                text5                          00264E  0001B2  002800      4C9C       0  CODE        2
                text71                         002C82  000003  002C85      5904       0  CODE        2
                text68                         002C85  000003  002C88      590A       0  CODE        2
                text48                         002C88  000003  002C8B      5910       0  CODE        2
                text39                         002C8B  000003  002C8E      5916       0  CODE        2
                text21                         002C8E  000003  002C91      591C       0  CODE        2
                text65                         002C91  000004  002C95      5922       0  CODE        2
                text33                         002C95  000006  002C9B      592A       0  CODE        2
                text32                         002C9B  000006  002CA1      5936       0  CODE        2
                clrtext                        002CA1  000006  002CA7      5942       0  CODE        2
                inittext                       002CA7  000006  002CAD      594E       0  CODE        2
                text67                         002CAD  000007  002CB4      595A       0  CODE        2
                text64                         002CB4  000007  002CBB      5968       0  CODE        2
                text70                         002CBB  000008  002CC3      5976       0  CODE        2
                text63                         002CC3  000008  002CCB      5986       0  CODE        2
                text25                         002CCB  000008  002CD3      5996       0  CODE        2
                text42                         002CD3  000009  002CDC      59A6       0  CODE        2
                text37                         002CDC  000009  002CE5      59B8       0  CODE        2
                text36                         002CE5  000009  002CEE      59CA       0  CODE        2
                text35                         002CEE  000009  002CF7      59DC       0  CODE        2
                text34                         002CF7  000009  002D00      59EE       0  CODE        2
                text31                         002D00  000009  002D09      5A00       0  CODE        2
                text30                         002D09  000009  002D12      5A12       0  CODE        2
                text27                         002D12  000009  002D1B      5A24       0  CODE        2
                text61                         002D1B  00000A  002D25      5A36       0  CODE        2
                text24                         002D25  00000A  002D2F      5A4A       0  CODE        2
                text56                         002D2F  00000B  002D3A      5A5E       0  CODE        2
                text20                         002D3A  00000B  002D45      5A74       0  CODE        2
                text3                          002D45  00000C  002D51      5A8A       0  CODE        2
                text69                         002D51  00000D  002D5E      5AA2       0  CODE        2
                text40                         002D5E  00000D  002D6B      5ABC       0  CODE        2
                text23                         002D6B  00000E  002D79      5AD6       0  CODE        2
                text38                         002D79  000011  002D8A      5AF2       0  CODE        2
                text11                         002D8A  000011  002D9B      5B14       0  CODE        2
                text22                         002D9B  000012  002DAD      5B36       0  CODE        2
                text28                         002DAD  000013  002DC0      5B5A       0  CODE        2
                text72                         002DC0  000017  002DD7      5B80       0  CODE        2
                text43                         002DD7  000019  002DF0      5BAE       0  CODE        2
                text47                         002DF0  00001A  002E0A      5BE0       0  CODE        2
                text41                         002E0A  00001A  002E24      5C14       0  CODE        2
                text54                         002E24  000020  002E44      5C48       0  CODE        2
                text14                         002E44  000020  002E64      5C88       0  CODE        2
                text58                         002E64  000023  002E87      5CC8       0  CODE        2
                text9                          002E87  000029  002EB0      5D0E       0  CODE        2
                text49                         002EB0  000031  002EE1      5D60       0  CODE        2
                text10                         002EE1  000036  002F17      5DC2       0  CODE        2
                text29                         002F17  00003F  002F56      5E2E       0  CODE        2
                text45                         002F56  00004B  002FA1      5EAC       0  CODE        2
                text60                         002FA1  00005F  003000      5F42       0  CODE        2


UNUSED ADDRESS RANGES

        Name                Unused          Largest block    Delta
        BANK1            000E8-000EF               8           1
        BANK10           00520-0056F              50           1
        BANK11           005A0-005EF              50           1
        BANK12           00620-0066F              50           1
        BANK13           006A0-006EF              50           1
        BANK14           00720-0076F              50           1
        BANK15           007A0-007EF              50           1
        BANK16           00820-0086F              50           1
        BANK17           008A0-008EF              50           1
        BANK18           00920-0096F              50           1
        BANK19           009A0-009EF              50           1
        BANK20           00A20-00A6F              50           1
        BANK21           00AA0-00AEF              50           1
        BANK22           00B20-00B6F              50           1
        BANK23           00BA0-00BEF              50           1
        BANK24           00C20-00C6F              50           1
        BANK25           00CA0-00CBF              20           1
        BANK3            001EF-001EF               1           1
        BANK4            00264-0026F               C           1
        BANK5            002A0-002EF              50           1
        BANK6            00320-0036F              50           1
        BANK7            003A0-003EF              50           1
        BANK8            00420-0046F              50           1
        BANK9            004A0-004EF              50           1
        BIGRAM           02000-027EF             7F0           1
        CODE             00800-00801               2           2
                         01000-01000               1
                         02800-02C81             482
                         03000-03FFF             800
        CONST            00800-00801               2           2
                         01000-01000               1
                         02800-02C81             100
                         03000-03FFF             100
        EEDATA           0F000-0F0FF             100           2
        ENTRY            00800-00801               2           2
                         01000-01000               1
                         02800-02C81             100
                         03000-03FFF             100
        IDLOC            08000-08003               4           2
        RAM              000E8-000EF               8           1
                         001EF-001EF               1
                         00264-0026F               C
                         002A0-002EF              50
                         00320-0036F              50
                         003A0-003EF              50
                         00420-0046F              50
                         004A0-004EF              50
                         00520-0056F              50
                         005A0-005EF              50
                         00620-0066F              50
                         006A0-006EF              50
                         00720-0076F              50
                         007A0-007EF              50
                         00820-0086F              50
                         008A0-008EF              50
                         00920-0096F              50
                         009A0-009EF              50
                         00A20-00A6F              50
                         00AA0-00AEF              50
                         00B20-00B6F              50
                         00BA0-00BEF              50
                         00C20-00C6F              50
                         00CA0-00CBF              20
        SFR0             00000-0001F              20           1
        SFR1             00080-0009F              20           1
        SFR10            00500-0051F              20           1
        SFR11            00580-0059F              20           1
        SFR12            00600-0061F              20           1
        SFR13            00680-0069F              20           1
        SFR14            00700-0071F              20           1
        SFR15            00780-0079F              20           1
        SFR16            00800-0081F              20           1
        SFR17            00880-0089F              20           1
        SFR18            00900-0091F              20           1
        SFR19            00980-0099F              20           1
        SFR2             00100-0011F              20           1
        SFR20            00A00-00A1F              20           1
        SFR21            00A80-00A9F              20           1
        SFR22            00B00-00B1F              20           1
        SFR23            00B80-00B9F              20           1
        SFR24            00C00-00C1F              20           1
        SFR25            00C80-00C9F              20           1
        SFR26            00D00-00D6F              70           1
        SFR27            00D80-00DEF              70           1
        SFR28            00E00-00E6F              70           1
        SFR29            00E80-00EEF              70           1
        SFR3             00180-0019F              20           1
        SFR30            00F00-00F6F              70           1
        SFR31            00F80-00FEF              70           1
        SFR4             00200-0021F              20           1
        SFR5             00280-0029F              20           1
        SFR6             00300-0031F              20           1
        SFR7             00380-0039F              20           1
        SFR8             00400-0041F              20           1
        SFR9             00480-0049F              20           1
        STACK            02184-027EF             66C           1
        STRCODE          00800-00801               2           2
                         01000-01000               1
                         02800-02C81             482
                         03000-03FFF            1000
        STRING           00800-00801               2           2
                         01000-01000               1
                         02800-02C81             100
                         03000-03FFF             100

                                  Symbol Table

?_VariableIntergralCoefficient              cstackBANK2  00164
?__Umul8_16                                 cstackBANK2  00120
?___aldiv                                   cstackCOMMON 00070
?___awdiv                                   cstackBANK2  00120
?___fladd                                   cstackBANK2  0012E
?___fldiv                                   cstackBANK2  0014A
?___flmul                                   cstackBANK2  0014A
?___flneg                                   cstackBANK2  00120
?___flsub                                   cstackBANK2  00142
?___fltol                                   cstackBANK2  00164
?___xxtofl                                  cstackBANK2  00120
?_cal_temp                                  cstackBANK2  00164
?_fabsf                                     cstackBANK2  00120
?i1__Umul8_16                               cstackCOMMON 00070
?i1___awdiv                                 cstackCOMMON 00070
?i1___fladd                                 cstackBANK0  0003A
?i1___fldiv                                 cstackBANK0  00020
?i1___flmul                                 cstackBANK0  00056
?i1___flneg                                 cstackCOMMON 00070
?i1___flsub                                 cstackBANK0  0004E
?i1___fltol                                 cstackBANK1  000A0
?i1___xxtofl                                cstackCOMMON 00070
CCP1_CaptureISR@module                      cstackCOMMON 0007A
CCP1_DefaultCallBack@capturedValue          cstackBANK0  00026
CCP1_SetCallBack@customCallBack             cstackBANK2  00120
I2C2_SlaveRdCallBack@ch                     cstackBANK1  000C4
I2C2_SlaveSetAddrIntHandler@handler         cstackBANK2  00120
I2C2_SlaveSetBusColIntHandler@handler       cstackBANK2  00120
I2C2_SlaveSetIsrHandler@handler             cstackBANK2  00120
I2C2_SlaveSetReadIntHandler@handler         cstackBANK2  00120
I2C2_SlaveSetSlaveAddr@slaveAddr            cstackBANK2  00120
I2C2_SlaveSetSlaveMask@maskAddr             cstackBANK2  00120
I2C2_SlaveSetWrColIntHandler@handler        cstackBANK2  00120
I2C2_SlaveSetWriteIntHandler@handler        cstackBANK2  00120
MCP9808_init@F404                           dataBANK1    000E6
PWM5_LoadDutyValue@dutyValue                cstackBANK2  00120
VariableIntergralCoefficient@absmax         cstackBANK2  00168
VariableIntergralCoefficient@absmin         cstackBANK2  0016C
VariableIntergralCoefficient@error          cstackBANK2  00164
VariableIntergralCoefficient@factor         cstackBANK3  001A0
_ANSELA                                     (abs)        0018C
_ANSELC                                     (abs)        0018E
_CCP1CAP                                    (abs)        00294
_CCP1CON                                    (abs)        00293
_CCP1CONbits                                (abs)        00293
_CCP1PPS                                    (abs)        00E14
_CCP1_CallBack                              nvBANK1      000E4
_CCP1_CaptureISR                            text72       02DC0
_CCP1_DefaultCallBack                       text73       0209D
_CCP1_Initialize                            text41       02E0A
_CCP1_SetCallBack                           text42       02CD3
_CCPR1H                                     (abs)        00292
_CCPR1L                                     (abs)        00291
_CCPTMRSbits                                (abs)        0029F
_I2C2_Initialize                            text40       02D5E
_I2C2_Isr                                   text46       021EF
_I2C2_Open                                  text29       02F17
_I2C2_SlaveAddrCallBack                     text69       02D51
_I2C2_SlaveAddrInterruptHandler             bssBANK1     000D1
_I2C2_SlaveBusColInterruptHandler           bssBANK1     000CF
_I2C2_SlaveClearIrq                         text68       02C85
_I2C2_SlaveDefAddrInterruptHandler          text70       02CBB
_I2C2_SlaveDefBusColInterruptHandler        (abs)        00000
_I2C2_SlaveDefRdInterruptHandler            text63       02CC3
_I2C2_SlaveDefWrColInterruptHandler         (abs)        00000
_I2C2_SlaveDefWrInterruptHandler            (abs)        00000
_I2C2_SlaveEnableIrq                        text39       02C8B
_I2C2_SlaveGetRxData                        text71       02C82
_I2C2_SlaveIsAddr                           text67       02CAD
_I2C2_SlaveIsRead                           text66       02000
_I2C2_SlaveIsRxBufFull                      text65       02C91
_I2C2_SlaveIsTxBufEmpty                     text64       02CB4
_I2C2_SlaveOpen                             text38       02D79
_I2C2_SlaveRdCallBack                       text49       02EB0
_I2C2_SlaveRdInterruptHandler               bssBANK1     000D5
_I2C2_SlaveReleaseClock                     text48       02C88
_I2C2_SlaveSetAddrIntHandler                text37       02CDC
_I2C2_SlaveSetBusColIntHandler              text36       02CE5
_I2C2_SlaveSetIsrHandler                    text35       02CEE
_I2C2_SlaveSetReadIntHandler                text34       02CF7
_I2C2_SlaveSetSlaveAddr                     text33       02C95
_I2C2_SlaveSetSlaveMask                     text32       02C9B
_I2C2_SlaveSetWrColIntHandler               text31       02D00
_I2C2_SlaveSetWriteIntHandler               text30       02D09
_I2C2_SlaveWrCallBack                       text47       02DF0
_I2C2_SlaveWrColInterruptHandler            bssBANK1     000CD
_I2C2_SlaveWrInterruptHandler               bssBANK1     000D3
_INLVLA                                     (abs)        0038C
_INLVLC                                     (abs)        0038E
_INTCON                                     (abs)        0000B
_INTCONbits                                 (abs)        0000B
_INTERRUPT_InterruptManager                 intentry     00004
_LATA                                       (abs)        0010C
_LATAbits                                   (abs)        0010C
_LATC                                       (abs)        0010E
_MSSP2_InterruptHandler                     bssBANK1     000D7
_MSSP_HostInit                              text28       02DAD
_MaxFanSpeed                                dataBANK3    001D9
_ODCONA                                     (abs)        0028C
_ODCONC                                     (abs)        0028E
_OSCCON1                                    (abs)        00919
_OSCCON3                                    (abs)        0091B
_OSCEN                                      (abs)        0091D
_OSCFRQ                                     (abs)        0091F
_OSCILLATOR_Initialize                      text27       02D12
_OSCTUNE                                    (abs)        0091E
_PIE0bits                                   (abs)        00090
_PIE1bits                                   (abs)        00091
_PIE2bits                                   (abs)        00092
_PIE4bits                                   (abs)        00094
_PIN_MANAGER_Initialize                     text26       02005
_PIR0bits                                   (abs)        00010
_PIR1                                       (abs)        00011
_PIR1bits                                   (abs)        00011
_PIR2                                       (abs)        00012
_PIR2bits                                   (abs)        00012
_PIR4bits                                   (abs)        00014
_PMD0                                       (abs)        00911
_PMD1                                       (abs)        00912
_PMD2                                       (abs)        00913
_PMD3                                       (abs)        00914
_PMD4                                       (abs)        00915
_PMD5                                       (abs)        00916
_PMD_Initialize                             text25       02CCB
_PR2                                        (abs)        0001E
_PWM5CON                                    (abs)        00619
_PWM5DCH                                    (abs)        00618
_PWM5DCL                                    (abs)        00617
_PWM5_Initialize                            text24       02D25
_PWM5_LoadDutyValue                         text43       02DD7
_PWMTMRSbits                                (abs)        0061F
_RC0PPS                                     (abs)        00EA0
_RC1PPS                                     (abs)        00EA1
_RC2PPS                                     (abs)        00EA2
_RC4PPS                                     (abs)        00EA4
_RC5PPS                                     (abs)        00EA5
_SLRCONA                                    (abs)        0030C
_SLRCONC                                    (abs)        0030E
_SSP1ADD                                    (abs)        00212
_SSP1BUF                                    (abs)        00211
_SSP1CLKPPS                                 (abs)        00E20
_SSP1CON1                                   (abs)        00215
_SSP1CON1bits                               (abs)        00215
_SSP1CON2                                   (abs)        00216
_SSP1CON2bits                               (abs)        00216
_SSP1CON3                                   (abs)        00217
_SSP1DATPPS                                 (abs)        00E21
_SSP1STAT                                   (abs)        00214
_SSP1STATbits                               (abs)        00214
_SSP2ADD                                    (abs)        0021A
_SSP2BUF                                    (abs)        00219
_SSP2CLKPPS                                 (abs)        00E1D
_SSP2CON1                                   (abs)        0021D
_SSP2CON1bits                               (abs)        0021D
_SSP2CON2                                   (abs)        0021E
_SSP2CON2bits                               (abs)        0021E
_SSP2DATPPS                                 (abs)        00E1E
_SSP2MSK                                    (abs)        0021B
_SSP2STAT                                   (abs)        0021C
_SSP2STATbits                               (abs)        0021C
_SYSTEM_Initialize                          text18       007D3
_SetTemp                                    dataBANK3    001C3
_T0CON0                                     (abs)        00017
_T0CON0bits                                 (abs)        00017
_T0CON1                                     (abs)        00018
_T1CON                                      (abs)        0001B
_T1CONbits                                  (abs)        0001B
_T1GCON                                     (abs)        0001C
_T1GCONbits                                 (abs)        0001C
_T2CON                                      (abs)        0001F
_T2CONbits                                  (abs)        0001F
_TMR0H                                      (abs)        00016
_TMR0L                                      (abs)        00015
_TMR0_Initialize                            text23       02D6B
_TMR0_interrupt                             text45       02F56
_TMR1H                                      (abs)        0001A
_TMR1L                                      (abs)        00019
_TMR1_Initialize                            text22       02D9B
_TMR2                                       (abs)        0001D
_TMR2_Initialize                            text20       02D3A
_TMR2_StartTimer                            text21       02C8E
_TRISA                                      (abs)        0008C
_TRISC                                      (abs)        0008E
_Tol_1                                      dataBANK3    001CB
_Tol_2                                      dataBANK3    001C7
_Tol_max                                    dataBANK3    001CF
_Tol_min                                    dataBANK3    001D3
_VariableIntergralCoefficient               text8        0101C
_WDTCON                                     (abs)        00097
_WDT_Initialize                             text19       01800
_WPUA                                       (abs)        0020C
_WPUC                                       (abs)        0020E
__Habs1                                     abs1         00000
__Hbank0                                    bank0        00000
__Hbank1                                    bank1        00000
__Hbank10                                   bank10       00000
__Hbank11                                   bank11       00000
__Hbank12                                   bank12       00000
__Hbank13                                   bank13       00000
__Hbank14                                   bank14       00000
__Hbank15                                   bank15       00000
__Hbank16                                   bank16       00000
__Hbank17                                   bank17       00000
__Hbank18                                   bank18       00000
__Hbank19                                   bank19       00000
__Hbank2                                    bank2        00000
__Hbank20                                   bank20       00000
__Hbank21                                   bank21       00000
__Hbank22                                   bank22       00000
__Hbank23                                   bank23       00000
__Hbank24                                   bank24       00000
__Hbank25                                   bank25       00000
__Hbank26                                   bank26       00000
__Hbank27                                   bank27       00000
__Hbank28                                   bank28       00000
__Hbank29                                   bank29       00000
__Hbank3                                    bank3        00000
__Hbank30                                   bank30       00000
__Hbank31                                   bank31       00000
__Hbank4                                    bank4        00000
__Hbank5                                    bank5        00000
__Hbank6                                    bank6        00000
__Hbank7                                    bank7        00000
__Hbank8                                    bank8        00000
__Hbank9                                    bank9        00000
__Hbigram                                   bigram       00000
__HbssBANK1                                 bssBANK1     00000
__HbssBANK3                                 bssBANK3     00000
__HbssBANK4                                 bssBANK4     00000
__Hcinit                                    cinit        0008F
__Hclrtext                                  clrtext      00000
__Hcode                                     code         00000
__Hcommon                                   common       00000
__Hconfig                                   config       0800B
__HcstackBANK0                              cstackBANK0  00000
__HcstackBANK1                              cstackBANK1  00000
__HcstackBANK2                              cstackBANK2  00000
__HcstackBANK3                              cstackBANK3  00000
__HcstackCOMMON                             cstackCOMMON 00000
__HdataBANK1                                dataBANK1    00000
__HdataBANK3                                dataBANK3    00000
__Heeprom_data                              eeprom_data  00000
__Hend_init                                 end_init     0005E
__Hfunctab                                  functab      00000
__HidataBANK1                               idataBANK1   00000
__HidataBANK3                               idataBANK3   00000
__Hinit                                     init         0005C
__Hinittext                                 inittext     00000
__Hintentry                                 intentry     0005C
__Hmaintext                                 maintext     00000
__HnvBANK1                                  nvBANK1      00000
__Hpowerup                                  powerup      00000
__Hram                                      ram          00000
__Hreset_vec                                reset_vec    00002
__Hsfr0                                     sfr0         00000
__Hsfr1                                     sfr1         00000
__Hsfr10                                    sfr10        00000
__Hsfr11                                    sfr11        00000
__Hsfr12                                    sfr12        00000
__Hsfr13                                    sfr13        00000
__Hsfr14                                    sfr14        00000
__Hsfr15                                    sfr15        00000
__Hsfr16                                    sfr16        00000
__Hsfr17                                    sfr17        00000
__Hsfr18                                    sfr18        00000
__Hsfr19                                    sfr19        00000
__Hsfr2                                     sfr2         00000
__Hsfr20                                    sfr20        00000
__Hsfr21                                    sfr21        00000
__Hsfr22                                    sfr22        00000
__Hsfr23                                    sfr23        00000
__Hsfr24                                    sfr24        00000
__Hsfr25                                    sfr25        00000
__Hsfr26                                    sfr26        00000
__Hsfr27                                    sfr27        00000
__Hsfr28                                    sfr28        00000
__Hsfr29                                    sfr29        00000
__Hsfr3                                     sfr3         00000
__Hsfr30                                    sfr30        00000
__Hsfr31                                    sfr31        00000
__Hsfr4                                     sfr4         00000
__Hsfr5                                     sfr5         00000
__Hsfr6                                     sfr6         00000
__Hsfr7                                     sfr7         00000
__Hsfr8                                     sfr8         00000
__Hsfr9                                     sfr9         00000
__Hspace_0                                  (abs)        03000
__Hspace_1                                  (abs)        00264
__Hspace_2                                  (abs)        00000
__Hspace_3                                  (abs)        00000
__Hspace_4                                  (abs)        10012
__Hstack                                    stack        00000
__Hstrings                                  strings      00000
__Htext                                     text         00000
__Labs1                                     abs1         00000
__Lbank0                                    bank0        00000
__Lbank1                                    bank1        00000
__Lbank10                                   bank10       00000
__Lbank11                                   bank11       00000
__Lbank12                                   bank12       00000
__Lbank13                                   bank13       00000
__Lbank14                                   bank14       00000
__Lbank15                                   bank15       00000
__Lbank16                                   bank16       00000
__Lbank17                                   bank17       00000
__Lbank18                                   bank18       00000
__Lbank19                                   bank19       00000
__Lbank2                                    bank2        00000
__Lbank20                                   bank20       00000
__Lbank21                                   bank21       00000
__Lbank22                                   bank22       00000
__Lbank23                                   bank23       00000
__Lbank24                                   bank24       00000
__Lbank25                                   bank25       00000
__Lbank26                                   bank26       00000
__Lbank27                                   bank27       00000
__Lbank28                                   bank28       00000
__Lbank29                                   bank29       00000
__Lbank3                                    bank3        00000
__Lbank30                                   bank30       00000
__Lbank31                                   bank31       00000
__Lbank4                                    bank4        00000
__Lbank5                                    bank5        00000
__Lbank6                                    bank6        00000
__Lbank7                                    bank7        00000
__Lbank8                                    bank8        00000
__Lbank9                                    bank9        00000
__Lbigram                                   bigram       00000
__LbssBANK1                                 bssBANK1     00000
__LbssBANK3                                 bssBANK3     00000
__LbssBANK4                                 bssBANK4     00000
__Lcinit                                    cinit        0005E
__Lclrtext                                  clrtext      00000
__Lcode                                     code         00000
__Lcommon                                   common       00000
__Lconfig                                   config       00000
__LcstackBANK0                              cstackBANK0  00000
__LcstackBANK1                              cstackBANK1  00000
__LcstackBANK2                              cstackBANK2  00000
__LcstackBANK3                              cstackBANK3  00000
__LcstackCOMMON                             cstackCOMMON 00000
__LdataBANK1                                dataBANK1    00000
__LdataBANK3                                dataBANK3    00000
__Leeprom_data                              eeprom_data  00000
__Lend_init                                 end_init     0005C
__Lfunctab                                  functab      00000
__LidataBANK1                               idataBANK1   00000
__LidataBANK3                               idataBANK3   00000
__Linit                                     init         0005C
__Linittext                                 inittext     00000
__Lintentry                                 intentry     00004
__Lmaintext                                 maintext     00000
__LnvBANK1                                  nvBANK1      00000
__Lpowerup                                  powerup      00000
__Lram                                      ram          00000
__Lreset_vec                                reset_vec    00000
__Lsfr0                                     sfr0         00000
__Lsfr1                                     sfr1         00000
__Lsfr10                                    sfr10        00000
__Lsfr11                                    sfr11        00000
__Lsfr12                                    sfr12        00000
__Lsfr13                                    sfr13        00000
__Lsfr14                                    sfr14        00000
__Lsfr15                                    sfr15        00000
__Lsfr16                                    sfr16        00000
__Lsfr17                                    sfr17        00000
__Lsfr18                                    sfr18        00000
__Lsfr19                                    sfr19        00000
__Lsfr2                                     sfr2         00000
__Lsfr20                                    sfr20        00000
__Lsfr21                                    sfr21        00000
__Lsfr22                                    sfr22        00000
__Lsfr23                                    sfr23        00000
__Lsfr24                                    sfr24        00000
__Lsfr25                                    sfr25        00000
__Lsfr26                                    sfr26        00000
__Lsfr27                                    sfr27        00000
__Lsfr28                                    sfr28        00000
__Lsfr29                                    sfr29        00000
__Lsfr3                                     sfr3         00000
__Lsfr30                                    sfr30        00000
__Lsfr31                                    sfr31        00000
__Lsfr4                                     sfr4         00000
__Lsfr5                                     sfr5         00000
__Lsfr6                                     sfr6         00000
__Lsfr7                                     sfr7         00000
__Lsfr8                                     sfr8         00000
__Lsfr9                                     sfr9         00000
__Lspace_0                                  (abs)        00000
__Lspace_1                                  (abs)        00000
__Lspace_2                                  (abs)        00000
__Lspace_3                                  (abs)        00000
__Lspace_4                                  (abs)        00000
__Lstack                                    stack        00000
__Lstrings                                  strings      00000
__Ltext                                     text         00000
__S0                                        (abs)        03000
__S1                                        (abs)        00264
__S2                                        (abs)        00000
__S3                                        (abs)        00000
__Umul8_16                                  text7        01804
__Umul8_16@multiplicand                     cstackBANK2  00120
__Umul8_16@multiplier                       cstackBANK2  00128
__Umul8_16@product                          cstackBANK2  00124
__Umul8_16@word_mpld                        cstackBANK2  00126
___aldiv                                    text74       0237A
___aldiv@counter                            cstackBANK0  00020
___aldiv@dividend                           cstackCOMMON 00074
___aldiv@divisor                            cstackCOMMON 00070
___aldiv@quotient                           cstackBANK0  00022
___aldiv@sign                               cstackBANK0  00021
___awdiv                                    text4        0203D
___awdiv@counter                            cstackBANK2  00125
___awdiv@dividend                           cstackBANK2  00122
___awdiv@divisor                            cstackBANK2  00120
___awdiv@quotient                           cstackBANK2  00127
___awdiv@sign                               cstackBANK2  00126
___fladd                                    text15       01DC8
___fladd@a                                  cstackBANK2  00132
___fladd@aexp                               cstackBANK2  0013F
___fladd@b                                  cstackBANK2  0012E
___fladd@bexp                               cstackBANK2  00140
___fladd@grs                                cstackBANK2  00141
___fladd@signs                              cstackBANK2  0013E
___fldiv                                    text17       019DC
___fldiv@a                                  cstackBANK2  0014A
___fldiv@aexp                               cstackBANK2  00163
___fldiv@b                                  cstackBANK2  0014E
___fldiv@bexp                               cstackBANK2  00162
___fldiv@grs                                cstackBANK2  0015E
___fldiv@new_exp                            cstackBANK2  0015C
___fldiv@rem                                cstackBANK2  00157
___fldiv@sign                               cstackBANK2  0015B
___flge                                     text16       022EF
___flge@ff1                                 cstackBANK2  00128
___flge@ff2                                 cstackBANK2  0012C
___flmul                                    text6        008AF
___flmul@a                                  cstackBANK2  0014E
___flmul@aexp                               cstackBANK2  0015C
___flmul@b                                  cstackBANK2  0014A
___flmul@bexp                               cstackBANK2  0015D
___flmul@grs                                cstackBANK2  00158
___flmul@prod                               cstackBANK2  0015E
___flmul@sign                               cstackBANK2  00157
___flmul@temp                               cstackBANK2  00162
___flneg                                    text3        02D45
___flneg@f1                                 cstackBANK2  00120
___flsub                                    text14       02E44
___flsub@a                                  cstackBANK2  00142
___flsub@b                                  cstackBANK2  00146
___fltol                                    text2        0217A
___fltol@exp1                               cstackBANK2  0016E
___fltol@f1                                 cstackBANK2  00164
___fltol@sign1                              cstackBANK2  0016D
___int_sp                                   stack        00000
___latbits                                  (abs)        00003
___sp                                       stack        00000
___stackhi                                  (abs)        027EF
___stacklo                                  (abs)        02184
___xxtofl                                   text13       00802
___xxtofl@arg                               cstackBANK2  0012A
___xxtofl@exp                               cstackBANK2  00129
___xxtofl@sign                              cstackBANK2  00128
___xxtofl@val                               cstackBANK2  00120
__end_of_CCP1_CaptureISR                    text72       02DD7
__end_of_CCP1_DefaultCallBack               text73       02105
__end_of_CCP1_Initialize                    text41       02E24
__end_of_CCP1_SetCallBack                   text42       02CDC
__end_of_I2C2_Initialize                    text40       02D6B
__end_of_I2C2_Isr                           text46       02265
__end_of_I2C2_Open                          text29       02F56
__end_of_I2C2_SlaveAddrCallBack             text69       02D5E
__end_of_I2C2_SlaveClearIrq                 text68       02C88
__end_of_I2C2_SlaveDefAddrInterruptHandler  text70       02CC3
__end_of_I2C2_SlaveDefRdInterruptHandler    text63       02CCB
__end_of_I2C2_SlaveEnableIrq                text39       02C8E
__end_of_I2C2_SlaveGetRxData                text71       02C85
__end_of_I2C2_SlaveIsAddr                   text67       02CB4
__end_of_I2C2_SlaveIsRead                   text66       02005
__end_of_I2C2_SlaveIsRxBufFull              text65       02C95
__end_of_I2C2_SlaveIsTxBufEmpty             text64       02CBB
__end_of_I2C2_SlaveOpen                     text38       02D8A
__end_of_I2C2_SlaveRdCallBack               text49       02EE1
__end_of_I2C2_SlaveReleaseClock             text48       02C8B
__end_of_I2C2_SlaveSetAddrIntHandler        text37       02CE5
__end_of_I2C2_SlaveSetBusColIntHandler      text36       02CEE
__end_of_I2C2_SlaveSetIsrHandler            text35       02CF7
__end_of_I2C2_SlaveSetReadIntHandler        text34       02D00
__end_of_I2C2_SlaveSetSlaveAddr             text33       02C9B
__end_of_I2C2_SlaveSetSlaveMask             text32       02CA1
__end_of_I2C2_SlaveSetWrColIntHandler       text31       02D09
__end_of_I2C2_SlaveSetWriteIntHandler       text30       02D12
__end_of_I2C2_SlaveWrCallBack               text47       02E0A
__end_of_INTERRUPT_InterruptManager         intentry     0005C
__end_of_MSSP_HostInit                      text28       02DC0
__end_of_OSCILLATOR_Initialize              text27       02D1B
__end_of_PIN_MANAGER_Initialize             text26       0203D
__end_of_PMD_Initialize                     text25       02CD3
__end_of_PWM5_Initialize                    text24       02D2F
__end_of_PWM5_LoadDutyValue                 text43       02DF0
__end_of_SYSTEM_Initialize                  text18       00800
__end_of_TMR0_Initialize                    text23       02D79
__end_of_TMR0_interrupt                     text45       02FA1
__end_of_TMR1_Initialize                    text22       02DAD
__end_of_TMR2_Initialize                    text20       02D45
__end_of_TMR2_StartTimer                    text21       02C91
__end_of_VariableIntergralCoefficient       text8        010E0
__end_of_WDT_Initialize                     text19       01804
__end_of__Umul8_16                          text7        01828
__end_of___aldiv                            text74       0240A
__end_of___awdiv                            text4        0209D
__end_of___fladd                            text15       02000
__end_of___fldiv                            text17       01B90
__end_of___flge                             text16       0237A
__end_of___flmul                            text6        00B06
__end_of___flneg                            text3        02D51
__end_of___flsub                            text14       02E64
__end_of___fltol                            text2        021EF
__end_of___xxtofl                           text13       008AF
__end_of__initialization                    cinit        0008B
__end_of_cal_temp                           text12       0264E
__end_of_fabsf                              text9        02EB0
__end_of_init_pid                           text10       02F17
__end_of_main                               maintext     007D3
__end_of_pos_PIDRegulation                  text5        02800
__end_of_set_pid_target                     text11       02D9B
__end_of_update_offset_n_offFan_value       text50       01800
__end_of_update_slave_reg                   text1        005D2
__end_ofi1__Umul8_16                        text58       02E87
__end_ofi1___awdiv                          text60       03000
__end_ofi1___fladd                          text55       01DC8
__end_ofi1___fldiv                          text62       019DC
__end_ofi1___flge                           text59       022EF
__end_ofi1___flmul                          text57       01337
__end_ofi1___flneg                          text56       02D3A
__end_ofi1___flsub                          text54       02E44
__end_ofi1___fltol                          text53       0217A
__end_ofi1___xxtofl                         text52       024B6
__end_ofi1_set_pid_target                   text61       02D25
__end_ofi1_update_slave_reg                 text51       01000
__initialization                            cinit        0005E
__pbssBANK1                                 bssBANK1     000C7
__pbssBANK3                                 bssBANK3     001DE
__pbssBANK4                                 bssBANK4     00220
__pcstackBANK0                              cstackBANK0  00020
__pcstackBANK1                              cstackBANK1  000A0
__pcstackBANK2                              cstackBANK2  00120
__pcstackBANK3                              cstackBANK3  001A0
__pcstackCOMMON                             cstackCOMMON 00070
__pdataBANK1                                dataBANK1    000E6
__pdataBANK3                                dataBANK3    001C3
__pidataBANK1                               idataBANK1   00002
__pidataBANK3                               idataBANK3   01001
__pintentry                                 intentry     00004
__pmaintext                                 maintext     005D2
__pnvBANK1                                  nvBANK1      000E2
__ptext1                                    text1        0008F
__ptext10                                   text10       02EE1
__ptext11                                   text11       02D8A
__ptext12                                   text12       024B6
__ptext13                                   text13       00802
__ptext14                                   text14       02E44
__ptext15                                   text15       01DC8
__ptext16                                   text16       022EF
__ptext17                                   text17       019DC
__ptext18                                   text18       007D3
__ptext19                                   text19       01800
__ptext2                                    text2        0217A
__ptext20                                   text20       02D3A
__ptext21                                   text21       02C8E
__ptext22                                   text22       02D9B
__ptext23                                   text23       02D6B
__ptext24                                   text24       02D25
__ptext25                                   text25       02CCB
__ptext26                                   text26       02005
__ptext27                                   text27       02D12
__ptext28                                   text28       02DAD
__ptext29                                   text29       02F17
__ptext3                                    text3        02D45
__ptext30                                   text30       02D09
__ptext31                                   text31       02D00
__ptext32                                   text32       02C9B
__ptext33                                   text33       02C95
__ptext34                                   text34       02CF7
__ptext35                                   text35       02CEE
__ptext36                                   text36       02CE5
__ptext37                                   text37       02CDC
__ptext38                                   text38       02D79
__ptext39                                   text39       02C8B
__ptext4                                    text4        0203D
__ptext40                                   text40       02D5E
__ptext41                                   text41       02E0A
__ptext42                                   text42       02CD3
__ptext43                                   text43       02DD7
__ptext45                                   text45       02F56
__ptext46                                   text46       021EF
__ptext47                                   text47       02DF0
__ptext48                                   text48       02C88
__ptext49                                   text49       02EB0
__ptext5                                    text5        0264E
__ptext50                                   text50       01337
__ptext51                                   text51       00B06
__ptext52                                   text52       0240A
__ptext53                                   text53       02105
__ptext54                                   text54       02E24
__ptext55                                   text55       01B90
__ptext56                                   text56       02D2F
__ptext57                                   text57       010E0
__ptext58                                   text58       02E64
__ptext59                                   text59       02265
__ptext6                                    text6        008AF
__ptext60                                   text60       02FA1
__ptext61                                   text61       02D1B
__ptext62                                   text62       01828
__ptext63                                   text63       02CC3
__ptext64                                   text64       02CB4
__ptext65                                   text65       02C91
__ptext66                                   text66       02000
__ptext67                                   text67       02CAD
__ptext68                                   text68       02C85
__ptext69                                   text69       02D51
__ptext7                                    text7        01804
__ptext70                                   text70       02CBB
__ptext71                                   text71       02C82
__ptext72                                   text72       02DC0
__ptext73                                   text73       0209D
__ptext74                                   text74       0237A
__ptext8                                    text8        0101C
__ptext9                                    text9        02E87
__size_of_CCP1_CaptureISR                   (abs)        00000
__size_of_CCP1_DefaultCallBack              (abs)        00000
__size_of_CCP1_Initialize                   (abs)        00000
__size_of_CCP1_SetCallBack                  (abs)        00000
__size_of_I2C2_Initialize                   (abs)        00000
__size_of_I2C2_Isr                          (abs)        00000
__size_of_I2C2_Open                         (abs)        00000
__size_of_I2C2_SlaveAddrCallBack            (abs)        00000
__size_of_I2C2_SlaveClearIrq                (abs)        00000
__size_of_I2C2_SlaveDefAddrInterruptHandler (abs)        00000
__size_of_I2C2_SlaveDefRdInterruptHandler   (abs)        00000
__size_of_I2C2_SlaveEnableIrq               (abs)        00000
__size_of_I2C2_SlaveGetRxData               (abs)        00000
__size_of_I2C2_SlaveIsAddr                  (abs)        00000
__size_of_I2C2_SlaveIsRead                  (abs)        00000
__size_of_I2C2_SlaveIsRxBufFull             (abs)        00000
__size_of_I2C2_SlaveIsTxBufEmpty            (abs)        00000
__size_of_I2C2_SlaveOpen                    (abs)        00000
__size_of_I2C2_SlaveRdCallBack              (abs)        00000
__size_of_I2C2_SlaveReleaseClock            (abs)        00000
__size_of_I2C2_SlaveSetAddrIntHandler       (abs)        00000
__size_of_I2C2_SlaveSetBusColIntHandler     (abs)        00000
__size_of_I2C2_SlaveSetIsrHandler           (abs)        00000
__size_of_I2C2_SlaveSetReadIntHandler       (abs)        00000
__size_of_I2C2_SlaveSetSlaveAddr            (abs)        00000
__size_of_I2C2_SlaveSetSlaveMask            (abs)        00000
__size_of_I2C2_SlaveSetWrColIntHandler      (abs)        00000
__size_of_I2C2_SlaveSetWriteIntHandler      (abs)        00000
__size_of_I2C2_SlaveWrCallBack              (abs)        00000
__size_of_INTERRUPT_InterruptManager        (abs)        00000
__size_of_MSSP_HostInit                     (abs)        00000
__size_of_OSCILLATOR_Initialize             (abs)        00000
__size_of_PIN_MANAGER_Initialize            (abs)        00000
__size_of_PMD_Initialize                    (abs)        00000
__size_of_PWM5_Initialize                   (abs)        00000
__size_of_PWM5_LoadDutyValue                (abs)        00000
__size_of_SYSTEM_Initialize                 (abs)        00000
__size_of_TMR0_Initialize                   (abs)        00000
__size_of_TMR0_interrupt                    (abs)        00000
__size_of_TMR1_Initialize                   (abs)        00000
__size_of_TMR2_Initialize                   (abs)        00000
__size_of_TMR2_StartTimer                   (abs)        00000
__size_of_VariableIntergralCoefficient      (abs)        00000
__size_of_WDT_Initialize                    (abs)        00000
__size_of__Umul8_16                         (abs)        00000
__size_of___aldiv                           (abs)        00000
__size_of___awdiv                           (abs)        00000
__size_of___fladd                           (abs)        00000
__size_of___fldiv                           (abs)        00000
__size_of___flge                            (abs)        00000
__size_of___flmul                           (abs)        00000
__size_of___flneg                           (abs)        00000
__size_of___flsub                           (abs)        00000
__size_of___fltol                           (abs)        00000
__size_of___xxtofl                          (abs)        00000
__size_of_cal_temp                          (abs)        00000
__size_of_fabsf                             (abs)        00000
__size_of_init_pid                          (abs)        00000
__size_of_main                              (abs)        00000
__size_of_pos_PIDRegulation                 (abs)        00000
__size_of_set_pid_target                    (abs)        00000
__size_of_update_offset_n_offFan_value      (abs)        00000
__size_of_update_slave_reg                  (abs)        00000
__size_ofi1__Umul8_16                       (abs)        00000
__size_ofi1___awdiv                         (abs)        00000
__size_ofi1___fladd                         (abs)        00000
__size_ofi1___fldiv                         (abs)        00000
__size_ofi1___flge                          (abs)        00000
__size_ofi1___flmul                         (abs)        00000
__size_ofi1___flneg                         (abs)        00000
__size_ofi1___flsub                         (abs)        00000
__size_ofi1___fltol                         (abs)        00000
__size_ofi1___xxtofl                        (abs)        00000
__size_ofi1_set_pid_target                  (abs)        00000
__size_ofi1_update_slave_reg                (abs)        00000
_buffer_index                               bssBANK1     000DF
_cal_temp                                   text12       024B6
_cal_temp$2325                              cstackBANK3  001A0
_duty                                       dataBANK3    001D7
_fabsf                                      text9        02E87
_i2c2RdData                                 bssBANK1     000DC
_i2c2SlaveAddr                              bssBANK1     000DB
_i2c2SlaveState                             bssBANK1     000DA
_i2c2WrData                                 bssBANK1     000DD
_init_pid                                   text10       02EE1
_main                                       maintext     005D2
_new_ccp                                    bssBANK1     000E0
_offFan_temp                                bssBANK3     001E2
_offset_temp                                bssBANK3     001DE
_old_ccp                                    bssBANK1     000CB
_percent                                    dataBANK3    001DA
_pos_PIDRegulation                          text5        0264E
_pos_PIDRegulation$2326                     cstackBANK3  001AC
_pos_PIDRegulation$2327                     cstackBANK3  001B0
_rxBuf                                      bssBANK4     00232
_rxBuf_idx                                  bssBANK1     000DE
_set_pid_target                             text11       02D8A
_slave_reg                                  bssBANK4     00220
_speed                                      bssBANK3     001EA
_temp_ctrl                                  bssBANK4     00240
_temp_data                                  bssBANK3     001ED
_temperature                                bssBANK3     001E6
_time                                       bssBANK3     001EC
_timer1ReloadVal                            nvBANK1      000E2
_update_offset_n_offFan_value               text50       01337
_update_offset_n_offFan_value$2471          cstackBANK1  000BE
_update_slave_reg                           text1        0008F
_update_slave_reg$2330                      cstackBANK3  001A4
btemp                                       (abs)        0007E
cal_temp@re_temp                            cstackBANK3  001A5
cal_temp@temp                               cstackBANK3  001A4
clear_ram0                                  clrtext      02CA1
end_of_initialization                       cinit        0008B
fabsf@F465                                  bssBANK1     000C7
fabsf@u                                     cstackBANK2  00124
fabsf@x                                     cstackBANK2  00120
i1__Umul8_16                                text58       02E64
i1__Umul8_16@multiplicand                   cstackCOMMON 00070
i1__Umul8_16@multiplier                     cstackCOMMON 00078
i1__Umul8_16@product                        cstackCOMMON 00074
i1__Umul8_16@word_mpld                      cstackCOMMON 00076
i1___awdiv                                  text60       02FA1
i1___awdiv@counter                          cstackCOMMON 00075
i1___awdiv@dividend                         cstackCOMMON 00072
i1___awdiv@divisor                          cstackCOMMON 00070
i1___awdiv@quotient                         cstackCOMMON 00077
i1___awdiv@sign                             cstackCOMMON 00076
i1___fladd                                  text55       01B90
i1___fladd@a                                cstackBANK0  0003E
i1___fladd@aexp                             cstackBANK0  0004B
i1___fladd@b                                cstackBANK0  0003A
i1___fladd@bexp                             cstackBANK0  0004C
i1___fladd@grs                              cstackBANK0  0004D
i1___fladd@signs                            cstackBANK0  0004A
i1___fldiv                                  text62       01828
i1___fldiv@a                                cstackBANK0  00020
i1___fldiv@aexp                             cstackBANK0  00039
i1___fldiv@b                                cstackBANK0  00024
i1___fldiv@bexp                             cstackBANK0  00038
i1___fldiv@grs                              cstackBANK0  00034
i1___fldiv@new_exp                          cstackBANK0  00032
i1___fldiv@rem                              cstackBANK0  0002D
i1___fldiv@sign                             cstackBANK0  00031
i1___flge                                   text59       02265
i1___flge@ff1                               cstackCOMMON 00070
i1___flge@ff2                               cstackCOMMON 00074
i1___flmul                                  text57       010E0
i1___flmul@a                                cstackBANK0  0005A
i1___flmul@aexp                             cstackBANK0  00068
i1___flmul@b                                cstackBANK0  00056
i1___flmul@bexp                             cstackBANK0  00069
i1___flmul@grs                              cstackBANK0  00064
i1___flmul@prod                             cstackBANK0  0006A
i1___flmul@sign                             cstackBANK0  00063
i1___flmul@temp                             cstackBANK0  0006E
i1___flneg                                  text56       02D2F
i1___flneg@f1                               cstackCOMMON 00070
i1___flsub                                  text54       02E24
i1___flsub@a                                cstackBANK0  0004E
i1___flsub@b                                cstackBANK0  00052
i1___fltol                                  text53       02105
i1___fltol@exp1                             cstackBANK1  000AA
i1___fltol@f1                               cstackBANK1  000A0
i1___fltol@sign1                            cstackBANK1  000A9
i1___xxtofl                                 text52       0240A
i1___xxtofl@arg                             cstackCOMMON 0007A
i1___xxtofl@exp                             cstackCOMMON 00079
i1___xxtofl@sign                            cstackCOMMON 00078
i1___xxtofl@val                             cstackCOMMON 00070
i1_set_pid_target                           text61       02D1B
i1_update_slave_reg                         text51       00B06
i1_update_slave_reg$2472                    cstackBANK1  000B0
i1set_pid_target@settemp                    cstackCOMMON 00070
i1update_slave_reg@temp                     cstackBANK1  000AC
i1update_slave_reg@temp_storage             cstackBANK1  000B6
i1update_slave_reg@temp_storage1            cstackBANK1  000B4
init_ram                                    inittext     02CA7
int$flags                                   (abs)        0007E
intlevel0                                   functab      00000
intlevel1                                   functab      00000
intlevel2                                   functab      00000
intlevel3                                   functab      00000
intlevel4                                   functab      00000
intlevel5                                   functab      00000
main@calc_duty                              cstackBANK3  001C1
main@temperature_temp                       cstackBANK3  001BD
pos_PIDRegulation@factor                    cstackBANK3  001A8
pos_PIDRegulation@processValue              cstackBANK3  001A4
pos_PIDRegulation@thisError                 cstackBANK3  001B4
pos_PIDRegulation@vPID                      cstackBANK3  001B8
reset_vec                                   reset_vec    00000
set_pid_target@settemp                      cstackBANK2  00120
start                                       init         0005C
start_initialization                        cinit        0005E
update_offset_n_offFan_value@temp           cstackBANK1  000C2
update_slave_reg@temp                       cstackBANK3  001A0
update_slave_reg@temp_storage               cstackBANK3  001AA
update_slave_reg@temp_storage1              cstackBANK3  001A8
wtemp0                                      (abs)        0007E


MODULE INFORMATION

Module		Function		Class		Link	Load	Size
C:\Program Files\Microchip\xc8\v2.32\pic\sources\c99\common\awdiv.c
		___awdiv       		CODE           	203D	0000	96

C:\Program Files\Microchip\xc8\v2.32\pic\sources\c99\common\awdiv.c estimated size: 96

mcc_generated_files/ccp1.c
		_CCP1_SetCallBack		CODE           	2CD3	0000	9
		_CCP1_CaptureISR		CODE           	2DC0	0000	23
		_CCP1_DefaultCallBack		CODE           	209D	0000	104
		_CCP1_Initialize		CODE           	2E0A	0000	26

mcc_generated_files/ccp1.c estimated size: 162

C:\Program Files\Microchip\xc8\v2.32\pic\sources\c99\common\sprcadd.c
		___flsub       		CODE           	2E44	0000	32
		___fladd       		CODE           	1DC8	0000	568

C:\Program Files\Microchip\xc8\v2.32\pic\sources\c99\common\sprcadd.c estimated size: 600

C:\Program Files\Microchip\xc8\v2.32\pic\sources\c99\common\aldiv.c
		___aldiv       		CODE           	237A	0000	144

C:\Program Files\Microchip\xc8\v2.32\pic\sources\c99\common\aldiv.c estimated size: 144

C:\Program Files\Microchip\xc8\v2.32\pic\sources\c99\common\flneg.c
		___flneg       		CODE           	2D45	0000	12

C:\Program Files\Microchip\xc8\v2.32\pic\sources\c99\common\flneg.c estimated size: 12

C:\Program Files\Microchip\xc8\v2.32\pic\sources\c99\common\fabsf.c
		_fabsf         		CODE           	2E87	0000	41

C:\Program Files\Microchip\xc8\v2.32\pic\sources\c99\common\fabsf.c estimated size: 41

mcc_generated_files/tmr2.c
		_TMR2_Initialize		CODE           	2D3A	0000	11
		_TMR2_StartTimer		CODE           	2C8E	0000	3

mcc_generated_files/tmr2.c estimated size: 14

mcc_generated_files/interrupt_manager.c
		_INTERRUPT_InterruptManager		CODE           	0004	0000	88

mcc_generated_files/interrupt_manager.c estimated size: 88

mssp1_host.c
		_MSSP_HostInit 		CODE           	2DAD	0000	19

mssp1_host.c estimated size: 19

mcc_generated_files/tmr0.c
		_TMR0_interrupt		CODE           	2F56	0000	75
		_TMR0_Initialize		CODE           	2D6B	0000	14

mcc_generated_files/tmr0.c estimated size: 89

mcc_generated_files/pin_manager.c
		_PIN_MANAGER_Initialize		CODE           	2005	0000	56

mcc_generated_files/pin_manager.c estimated size: 56

slave_service.c
		_update_offset_n_offFan_value		CODE           	1337	0000	1225
		_update_slave_reg		CODE           	008F	0000	1347

slave_service.c estimated size: 2572

MCP9808.c
		_cal_temp      		CODE           	24B6	0000	408

MCP9808.c estimated size: 408

shared
		i1_update_slave_reg		CODE           	0B06	0000	1274
		i1_set_pid_target		CODE           	2D1B	0000	10
		i1___flneg     		CODE           	2D2F	0000	11
		i1___awdiv     		CODE           	2FA1	0000	95
		i1___fladd     		CODE           	1B90	0000	568
		i1__Umul8_16   		CODE           	2E64	0000	35
		i1___fldiv     		CODE           	1828	0000	436
		i1___fltol     		CODE           	2105	0000	117
		__initialization		CODE           	005E	0000	45
		i1___flge      		CODE           	2265	0000	138
		i1___flmul     		CODE           	10E0	0000	599
		i1___xxtofl    		CODE           	240A	0000	172
		i1___flsub     		CODE           	2E24	0000	32

shared estimated size: 3532

C:\Program Files\Microchip\xc8\v2.32\pic\sources\c99\common\sprcmul.c
		___flmul       		CODE           	08AF	0000	599

C:\Program Files\Microchip\xc8\v2.32\pic\sources\c99\common\sprcmul.c estimated size: 599

mcc_generated_files/pwm5.c
		_PWM5_LoadDutyValue		CODE           	2DD7	0000	25
		_PWM5_Initialize		CODE           	2D25	0000	10

mcc_generated_files/pwm5.c estimated size: 35

mcc_generated_files/mcc.c
		_WDT_Initialize		CODE           	1800	0000	4
		_PMD_Initialize		CODE           	2CCB	0000	8
		_OSCILLATOR_Initialize		CODE           	2D12	0000	9
		_SYSTEM_Initialize		CODE           	07D3	0000	45

mcc_generated_files/mcc.c estimated size: 66

C:\Program Files\Microchip\xc8\v2.32\pic\sources\c99\common\sprcdiv.c
		___fldiv       		CODE           	19DC	0000	436

C:\Program Files\Microchip\xc8\v2.32\pic\sources\c99\common\sprcdiv.c estimated size: 436

mcc_generated_files/i2c2_slave.c
		_I2C2_SlaveSetSlaveMask		CODE           	2C9B	0000	6
		_I2C2_SlaveSetReadIntHandler		CODE           	2CF7	0000	9
		_I2C2_SlaveDefAddrInterruptHandler		CODE           	2CBB	0000	8
		_I2C2_SlaveSetAddrIntHandler		CODE           	2CDC	0000	9
		_I2C2_SlaveIsRead		CODE           	2000	0000	5
		_I2C2_SlaveSetIsrHandler		CODE           	2CEE	0000	9
		_I2C2_SlaveIsAddr		CODE           	2CAD	0000	7
		_I2C2_SlaveEnableIrq		CODE           	2C8B	0000	3
		_I2C2_SlaveDefRdInterruptHandler		CODE           	2CC3	0000	8
		_I2C2_SlaveOpen		CODE           	2D79	0000	17
		_I2C2_SlaveSetSlaveAddr		CODE           	2C95	0000	6
		_I2C2_SlaveRdCallBack		CODE           	2EB0	0000	49
		_I2C2_SlaveWrCallBack		CODE           	2DF0	0000	26
		_I2C2_Isr      		CODE           	21EF	0000	118
		_I2C2_Open     		CODE           	2F17	0000	63
		_I2C2_SlaveAddrCallBack		CODE           	2D51	0000	13
		_I2C2_Initialize		CODE           	2D5E	0000	13
		_I2C2_SlaveSetWrColIntHandler		CODE           	2D00	0000	9
		_I2C2_SlaveIsTxBufEmpty		CODE           	2CB4	0000	7
		_I2C2_SlaveIsRxBufFull		CODE           	2C91	0000	4
		_I2C2_SlaveClearIrq		CODE           	2C85	0000	3
		_I2C2_SlaveGetRxData		CODE           	2C82	0000	3
		_I2C2_SlaveSetWriteIntHandler		CODE           	2D09	0000	9
		_I2C2_SlaveSetBusColIntHandler		CODE           	2CE5	0000	9
		_I2C2_SlaveReleaseClock		CODE           	2C88	0000	3

mcc_generated_files/i2c2_slave.c estimated size: 416

C:\Program Files\Microchip\xc8\v2.32\pic\sources\c99\common\Umul8_16.c
		__Umul8_16     		CODE           	1804	0000	36

C:\Program Files\Microchip\xc8\v2.32\pic\sources\c99\common\Umul8_16.c estimated size: 36

mcc_generated_files/tmr1.c
		_TMR1_Initialize		CODE           	2D9B	0000	18

mcc_generated_files/tmr1.c estimated size: 18

C:\Program Files\Microchip\xc8\v2.32\pic\sources\c99\common\fltol.c
		___fltol       		CODE           	217A	0000	117

C:\Program Files\Microchip\xc8\v2.32\pic\sources\c99\common\fltol.c estimated size: 117

C:\Program Files\Microchip\xc8\v2.32\pic\sources\c99\common\xxtofl.c
		___xxtofl      		CODE           	0802	0000	173

C:\Program Files\Microchip\xc8\v2.32\pic\sources\c99\common\xxtofl.c estimated size: 173

main.c
		_main          		CODE           	05D2	0000	513

main.c estimated size: 513

pid.c
		_set_pid_target		CODE           	2D8A	0000	17
		_init_pid      		CODE           	2EE1	0000	54
		_pos_PIDRegulation		CODE           	264E	0000	434
		_VariableIntergralCoefficient		CODE           	101C	0000	196

pid.c estimated size: 701

C:\Program Files\Microchip\xc8\v2.32\pic\sources\c99\common\flge.c
		___flge        		CODE           	22EF	0000	139

C:\Program Files\Microchip\xc8\v2.32\pic\sources\c99\common\flge.c estimated size: 139

