Microchip MPLAB XC8 Compiler V2.40

Linker command line:

-W-3 \
  --edf=C:\Program Files\Microchip\xc8\v2.40\pic\dat\20220703182018_en.msgs \
  -cn -h+dist/default/production\medicine_alert.X.production.sym \
  --cmf=dist/default/production\medicine_alert.X.production.cmf -z \
  -Q18F4550 -oC:\Users\nauma\AppData\Local\Temp\xcAsbg8.4 \
  --defsym=__MPLAB_BUILD=1 --fixupoverflow=error \
  -Mdist/default/production/medicine_alert.X.production.map \
  --md=C:\Users\nauma\AppData\Local\Temp\xcAsbg8.dat -E1 -ver=XC8 Compiler \
  --acfsm=1493 -ACODE=00h-07FFFh -ACONST=00h-07FFFh \
  -ASMALLCONST=0800h-08FFhx120 -AMEDIUMCONST=0800h-07FFFh -ACOMRAM=01h-05Fh \
  -AABS1=00h-07FFh -ABIGRAM=01h-07FFh -ARAM=060h-0FFh,0100h-01FFhx7 \
  -ABANK0=060h-0FFh -ABANK1=0100h-01FFh -ABANK2=0200h-02FFh \
  -ABANK3=0300h-03FFh -ABANK4=0400h-04FFh -ABANK5=0500h-05FFh \
  -ABANK6=0600h-06FFh -ABANK7=0700h-07FFh -ASFR=0F60h-0FFFh \
  -ABIGSFR=0F60h-0FFFh -ACONFIG=0300000h-030000Dh -AIDLOC=0200000h-0200007h \
  -AEEDATA=0F00000h-0F000FFh -peeprom_data=EEDATA \
  -preset_vec=00h,intcode=08h,intcodelo,powerup,init -pramtop=0800h \
  -psmallconst=SMALLCONST -pmediumconst=MEDIUMCONST -pconst=CONST \
  -AFARRAM=00h-00h \
  -prdata=COMRAM,nvrram=COMRAM,nvbit=COMRAM,rbss=COMRAM,rbit=COMRAM \
  -pfarbss=FARRAM,fardata=FARRAM,nvFARRAM=FARRAM \
  -pintsave_regs=BIGRAM,bigbss=BIGRAM,bigdata=BIGRAM -pbss=RAM \
  -pidata=CODE,irdata=CODE,ibigdata=CODE,ifardata=CODE -prparam=COMRAM \
  C:\Users\nauma\AppData\Local\Temp\xcAsbg8.o \
  dist/default/production\medicine_alert.X.production.o 

Object code version is 3.11

Machine type is 18F4550



                Name                               Link     Load   Length Selector   Space Scale
C:\Users\nauma\AppData\Local\Temp\xcAsbg8.o
                idloc                            200000   200000        8        0       5
                config                           300000   300000        E        0       4
                init                                  E        E        4        4       0
                reset_vec                             0        0        4        0       0
dist/default/production\medicine_alert.X.production.o
                intcode                               8        8        6        4       0
                idloc                            200000   200000        8        0       5
                config                           300000   300000        E        0       4
                temp                                 5F       5F        1        1       1
                smallconst                          800      800       A8      400       0
                intcode_body                       23B0     23B0       BC      454       0
                text29                             2766     2766       5C      454       0
                text28                             295C     295C       20      454       0
                text27                             2594     2594       7E      454       0
                text26                             29CE     29CE       1A      454       0
                text25                             297C     297C       1E      454       0
                text24                             246C     246C       AA      454       0
                text23                             1546     1546      2AA      454       0
                text22                             20CE     20CE      128      454       0
                text21                             29E8     29E8       18      454       0
                text20                             29B4     29B4       1A      454       0
                text19                             299A     299A       1A      454       0
                text18                             2A00     2A00        E      454       0
                text17                             2700     2700       66      454       0
                text16                             2924     2924       38      454       0
                text15                             2516     2516       7E      454       0
                text14                             21F6     21F6       F0      454       0
                text13                             268C     268C       74      454       0
                text12                             1C94     1C94      188      454       0
                text11                             1E1C     1E1C      164      454       0
                text10                             28A6     28A6       40      454       0
                text9                              2A18     2A18        2     150C       0
                text8                              22E6     22E6       CA      454       0
                text7                              2862     2862       44      454       0
                text6                              2612     2612       7A      454       0
                text5                              17F0     17F0      27C      454       0
                text4                              1F80     1F80      14E      454       0
                text3                              2814     2814       4E      454       0
                text2                              27C2     27C2       52      454       0
                text1                               8A8      8A8      C9E      454       0
                text0                              1A6C     1A6C      228      454       0
                cstackCOMRAM                          1        1       5C        1       1
                cstackBANK0                          C8       C8       25       60       1
                dataBANK0                            ED       ED        9       60       1
                bssBANK0                             60       60       68       60       1
                bssCOMRAM                            5D       5D        2        1       1
                cinit                              28E6     28E6       3E      454       0
                nvBANK0                              F6       F6        1       60       1
                idataBANK0                         2A0E     2A0E        9      454       0

TOTAL           Name                               Link     Load   Length     Space
        CLASS   CODE           
                intcode                               8        8        6         0
                init                                  E        E        4         0
                reset_vec                             0        0        4         0
                intcode_body                       23B0     23B0       BC         0
                text29                             2766     2766       5C         0
                text28                             295C     295C       20         0
                text27                             2594     2594       7E         0
                text26                             29CE     29CE       1A         0
                text25                             297C     297C       1E         0
                text24                             246C     246C       AA         0
                text23                             1546     1546      2AA         0
                text22                             20CE     20CE      128         0
                text21                             29E8     29E8       18         0
                text20                             29B4     29B4       1A         0
                text19                             299A     299A       1A         0
                text18                             2A00     2A00        E         0
                text17                             2700     2700       66         0
                text16                             2924     2924       38         0
                text15                             2516     2516       7E         0
                text14                             21F6     21F6       F0         0
                text13                             268C     268C       74         0
                text12                             1C94     1C94      188         0
                text11                             1E1C     1E1C      164         0
                text10                             28A6     28A6       40         0
                text9                              2A18     2A18        2         0
                text8                              22E6     22E6       CA         0
                text7                              2862     2862       44         0
                text6                              2612     2612       7A         0
                text5                              17F0     17F0      27C         0
                text4                              1F80     1F80      14E         0
                text3                              2814     2814       4E         0
                text2                              27C2     27C2       52         0
                text1                               8A8      8A8      C9E         0
                text0                              1A6C     1A6C      228         0
                cinit                              28E6     28E6       3E         0
                idataBANK0                         2A0E     2A0E        9         0

        CLASS   CONST          

        CLASS   SMALLCONST     
                smallconst                          800      800       A8         0

        CLASS   MEDIUMCONST    

        CLASS   COMRAM         
                temp                                 5F       5F        1         1
                cstackCOMRAM                          1        1       5C         1
                bssCOMRAM                            5D       5D        2         1

        CLASS   ABS1           

        CLASS   BIGRAM         

        CLASS   RAM            

        CLASS   BANK0          
                cstackBANK0                          C8       C8       25         1
                dataBANK0                            ED       ED        9         1
                bssBANK0                             60       60       68         1
                nvBANK0                              F6       F6        1         1

        CLASS   BANK1          

        CLASS   BANK2          

        CLASS   BANK3          

        CLASS   BANK4          

        CLASS   BANK5          

        CLASS   BANK6          

        CLASS   BANK7          

        CLASS   SFR            

        CLASS   BIGSFR         

        CLASS   CONFIG         
                config                           300000   300000        E         4

        CLASS   IDLOC          
                idloc                            200000   200000        8         5

        CLASS   EEDATA         

        CLASS   FARRAM         

        CLASS   HEAP           

        CLASS   STACK          



SEGMENTS        Name                           Load    Length   Top    Selector   Space  Class

                reset_vec                      000000  000004  000004         0       0  CODE    
                cstackCOMRAM                   000001  00005F  000060         1       1  COMRAM  
                intcode                        000008  00000A  000012         4       0  CODE    
                bssBANK0                       000060  000097  0000F7        60       1  BANK0   
                smallconst                     000800  0000A8  0008A8       400       0  SMALLCON
                text1                          0008A8  00216F  002A17       454       0  CODE    
                text9                          002A18  000002  002A1A      150C       0  CODE    


UNUSED ADDRESS RANGES

        Name                Unused          Largest block    Delta
        BANK0            0000F7-0000FF                9
        BANK1            000100-0001FF              100
        BANK2            000200-0002FF              100
        BANK3            000300-0003FF              100
        BANK4            000400-0004FF              100
        BANK5            000500-0005FF              100
        BANK6            000600-0006FF              100
        BANK7            000700-0007FF              100
        BIGRAM           0000F7-0007FF              709
        BIGSFR           000F60-000FFF               A0
        CODE             000004-000007                4
                         000012-0007FF              7EE
                         002A17-002A17                1
                         002A1A-007FFF             55E6
        CONST            000004-000007                4
                         000012-0007FF              7EE
                         002A17-002A17                1
                         002A1A-007FFF             55E6
        EEDATA           F00000-F000FF              100
        MEDIUMCONST      002A17-002A17                1
                         002A1A-007FFF             55E6
        RAM              0000F7-0007FF              100
        SFR              000F60-000FFF               A0
        SMALLCONST       002A17-002A17                1
                         002A1A-007FFF              100

                                  Symbol Table

?___aodiv                    cstackCOMRAM 000001
?___aomod                    cstackCOMRAM 000001
?___lodiv                    cstackCOMRAM 000001
?___xotofl                   cstackCOMRAM 000001
?_abs                        cstackCOMRAM 000013
?_sprintf                    cstackBANK0  0000C8
?_vfprintf                   cstackCOMRAM 000051
Lcd_Cmd@a                    cstackCOMRAM 000003
Lcd_Port@a                   cstackCOMRAM 000001
Lcd_Set_Cursor@a             cstackCOMRAM 000005
Lcd_Set_Cursor@b             cstackCOMRAM 000004
Lcd_Set_Cursor@temp          cstackCOMRAM 000008
Lcd_Set_Cursor@y             cstackCOMRAM 000007
Lcd_Set_Cursor@z             cstackCOMRAM 000006
Lcd_Write_Char@a             cstackCOMRAM 000004
Lcd_Write_Char@temp          cstackCOMRAM 000002
Lcd_Write_Char@y             cstackCOMRAM 000003
Lcd_Write_String@a           cstackCOMRAM 000005
Lcd_Write_String@i           cstackCOMRAM 000009
_BuzzerCounter               bssBANK0     000068
_BuzzerIsEnable              bssBANK0     00008B
_DosageA                     bssBANK0     000090
_DosageB                     bssBANK0     00008F
_Evening                     bssBANK0     000089
_EveningCounter              bssBANK0     000070
_INTCON2bits                 (abs)        000FF1
_INTCONbits                  (abs)        000FF2
_LATAbits                    (abs)        000F89
_Lcd_Blink_Cursor_Of         text20       0029B4
_Lcd_Blink_Cursor_On         text19       00299A
_Lcd_Clear                   text18       002A00
_Lcd_Cmd                     text28       00295C
_Lcd_Init                    text27       002594
_Lcd_Port                    text29       002766
_Lcd_Set_Cursor              text17       002700
_Lcd_Write_Char              text16       002924
_Lcd_Write_String            text15       002516
_Morning                     bssBANK0     00008A
_MorningCounter              bssBANK0     000078
_OSCCON                      (abs)        000FD3
_PIE1bits                    (abs)        000F9D
_PIR1bits                    (abs)        000F9E
_PORTBbits                   (abs)        000F81
_PORTCbits                   (abs)        000F82
_PORTDbits                   (abs)        000F83
_StateRunCounter             bssBANK0     000060
_T0CONbits                   (abs)        000FD5
_T1CONbits                   (abs)        000FCD
_TMR0L                       (abs)        000FD6
_TMR1                        (abs)        000FCE
_TRISAbits                   (abs)        000F92
_TRISB                       (abs)        000F93
_TRISCbits                   (abs)        000F94
_TRISD                       (abs)        000F95
_TimeA                       bssBANK0     00008E
_TimeB                       bssBANK0     00008D
_Timer0_start                text26       0029CE
_Timer1_start                text25       00297C
__HRAM                       (abs)        000000
__Habs1                      abs1         000000
__Hbank0                     bank0        000000
__Hbank1                     bank1        000000
__Hbank2                     bank2        000000
__Hbank3                     bank3        000000
__Hbank4                     bank4        000000
__Hbank5                     bank5        000000
__Hbank6                     bank6        000000
__Hbank7                     bank7        000000
__Hbigbss                    bigbss       000000
__Hbigdata                   bigdata      000000
__Hbigram                    bigram       000000
__Hbigsfr                    bigsfr       000000
__Hbss                       bss          000000
__HbssBANK0                  bssBANK0     000000
__HbssCOMRAM                 bssCOMRAM    000000
__Hcinit                     cinit        000000
__Hclrtext                   clrtext      000000
__Hcomram                    comram       000000
__Hconfig                    config       30000E
__Hconst                     const        000000
__HcstackBANK0               cstackBANK0  000000
__HcstackCOMRAM              cstackCOMRAM 000000
__Hdata                      data         000000
__HdataBANK0                 dataBANK0    000000
__Heeprom_data               eeprom_data  000000
__Hfarbss                    farbss       000000
__Hfardata                   fardata      000000
__Hheap                      heap         000000
__Hibigdata                  ibigdata     000000
__Hidata                     idata        000000
__HidataBANK0                idataBANK0   000000
__Hidloc                     idloc        200008
__Hifardata                  ifardata     000000
__Hinit                      init         000012
__Hintcode                   intcode      00000E
__Hintcode_body              intcode_body 000000
__Hintcodelo                 intcodelo    00000E
__Hintentry                  intentry     000000
__Hintret                    intret       000000
__Hintsave_regs              intsave_regs 000000
__Hirdata                    irdata       000000
__Hmediumconst               mediumconst  000000
__HnvBANK0                   nvBANK0      000000
__HnvFARRAM                  nvFARRAM     000000
__Hnvbit                     nvbit        000000
__Hnvrram                    nvrram       000000
__Hparam                     rparam       000000
__Hpowerup                   powerup      00000E
__Hram                       ram          000000
__Hramtop                    ramtop       000800
__Hrbit                      rbit         000000
__Hrbss                      rbss         000000
__Hrdata                     rdata        000000
__Hreset_vec                 reset_vec    000004
__Hrparam                    rparam       000000
__Hsfr                       sfr          000000
__Hsmallconst                smallconst   0008A8
__Hspace_0                   (abs)        002A1A
__Hspace_1                   (abs)        0000F7
__Hspace_2                   (abs)        000000
__Hspace_4                   (abs)        60000E
__Hstack                     stack        000000
__Hstruct                    struct       000000
__Htemp                      temp         000060
__Htext                      text         000000
__Htext0                     text0        000000
__Htext1                     text1        000000
__Htext10                    text10       000000
__Htext11                    text11       000000
__Htext12                    text12       000000
__Htext13                    text13       000000
__Htext14                    text14       000000
__Htext15                    text15       000000
__Htext16                    text16       000000
__Htext17                    text17       000000
__Htext18                    text18       000000
__Htext19                    text19       000000
__Htext2                     text2        000000
__Htext20                    text20       000000
__Htext21                    text21       000000
__Htext22                    text22       000000
__Htext23                    text23       000000
__Htext24                    text24       000000
__Htext25                    text25       000000
__Htext26                    text26       000000
__Htext27                    text27       000000
__Htext28                    text28       000000
__Htext29                    text29       000000
__Htext3                     text3        000000
__Htext4                     text4        000000
__Htext5                     text5        000000
__Htext6                     text6        000000
__Htext7                     text7        000000
__Htext8                     text8        000000
__Htext9                     text9        000000
__LRAM                       (abs)        000001
__Labs1                      abs1         000000
__Lbank0                     bank0        000000
__Lbank1                     bank1        000000
__Lbank2                     bank2        000000
__Lbank3                     bank3        000000
__Lbank4                     bank4        000000
__Lbank5                     bank5        000000
__Lbank6                     bank6        000000
__Lbank7                     bank7        000000
__Lbigbss                    bigbss       000000
__Lbigdata                   bigdata      000000
__Lbigram                    bigram       000000
__Lbigsfr                    bigsfr       000000
__Lbss                       bss          000000
__LbssBANK0                  bssBANK0     000000
__LbssCOMRAM                 bssCOMRAM    000000
__Lcinit                     cinit        000000
__Lclrtext                   clrtext      000000
__Lcomram                    comram       000000
__Lconfig                    config       000000
__Lconst                     const        000000
__LcstackBANK0               cstackBANK0  000000
__LcstackCOMRAM              cstackCOMRAM 000000
__Ldata                      data         000000
__LdataBANK0                 dataBANK0    000000
__Leeprom_data               eeprom_data  000000
__Lfarbss                    farbss       000000
__Lfardata                   fardata      000000
__Lheap                      heap         000000
__Libigdata                  ibigdata     000000
__Lidata                     idata        000000
__LidataBANK0                idataBANK0   000000
__Lidloc                     idloc        000000
__Lifardata                  ifardata     000000
__Linit                      init         00000E
__Lintcode                   intcode      000008
__Lintcode_body              intcode_body 000000
__Lintcodelo                 intcodelo    00000E
__Lintentry                  intentry     000000
__Lintret                    intret       000000
__Lintsave_regs              intsave_regs 000000
__Lirdata                    irdata       000000
__Lmediumconst               mediumconst  000000
__LnvBANK0                   nvBANK0      000000
__LnvFARRAM                  nvFARRAM     000000
__Lnvbit                     nvbit        000000
__Lnvrram                    nvrram       000000
__Lparam                     rparam       000000
__Lpowerup                   powerup      00000E
__Lram                       ram          000000
__Lramtop                    ramtop       000800
__Lrbit                      rbit         000000
__Lrbss                      rbss         000000
__Lrdata                     rdata        000000
__Lreset_vec                 reset_vec    000000
__Lrparam                    rparam       000000
__Lsfr                       sfr          000000
__Lsmallconst                smallconst   000800
__Lspace_0                   (abs)        000000
__Lspace_1                   (abs)        000000
__Lspace_2                   (abs)        000000
__Lspace_4                   (abs)        000000
__Lstack                     stack        000000
__Lstruct                    struct       000000
__Ltemp                      temp         00005F
__Ltext                      text         000000
__Ltext0                     text0        000000
__Ltext1                     text1        000000
__Ltext10                    text10       000000
__Ltext11                    text11       000000
__Ltext12                    text12       000000
__Ltext13                    text13       000000
__Ltext14                    text14       000000
__Ltext15                    text15       000000
__Ltext16                    text16       000000
__Ltext17                    text17       000000
__Ltext18                    text18       000000
__Ltext19                    text19       000000
__Ltext2                     text2        000000
__Ltext20                    text20       000000
__Ltext21                    text21       000000
__Ltext22                    text22       000000
__Ltext23                    text23       000000
__Ltext24                    text24       000000
__Ltext25                    text25       000000
__Ltext26                    text26       000000
__Ltext27                    text27       000000
__Ltext28                    text28       000000
__Ltext29                    text29       000000
__Ltext3                     text3        000000
__Ltext4                     text4        000000
__Ltext5                     text5        000000
__Ltext6                     text6        000000
__Ltext7                     text7        000000
__Ltext8                     text8        000000
__Ltext9                     text9        000000
__S0                         (abs)        002A1A
__S1                         (abs)        0000F7
__S4                         (abs)        000000
__S5                         (abs)        000000
___aodiv                     text12       001C94
___aodiv@counter             cstackCOMRAM 000011
___aodiv@dividend            cstackCOMRAM 000001
___aodiv@divisor             cstackCOMRAM 000009
___aodiv@quotient            cstackCOMRAM 000013
___aodiv@sign                cstackCOMRAM 000012
___aomod                     text11       001E1C
___aomod@counter             cstackCOMRAM 000011
___aomod@dividend            cstackCOMRAM 000001
___aomod@divisor             cstackCOMRAM 000009
___aomod@sign                cstackCOMRAM 000012
___fleq                      text24       00246C
___fleq@ff1                  cstackCOMRAM 00001B
___fleq@ff2                  cstackCOMRAM 00001F
___heap_hi                   (abs)        000000
___heap_lo                   (abs)        000000
___inthi_sp                  stack        000000
___intlo_sp                  stack        000000
___lodiv                     text14       0021F6
___lodiv@counter             cstackCOMRAM 000019
___lodiv@dividend            cstackCOMRAM 000001
___lodiv@divisor             cstackCOMRAM 000009
___lodiv@quotient            cstackCOMRAM 000011
___param_bank                (abs)        000000
___rparam_used               (abs)        000001
___sp                        stack        000000
___xotofl                    text23       001546
___xotofl@arg                cstackCOMRAM 000013
___xotofl@exp                cstackCOMRAM 000012
___xotofl@sign               cstackCOMRAM 000011
___xotofl@val                cstackCOMRAM 000001
__accesstop                  (abs)        000060
__activetblptr               (abs)        000002
__end_of_Lcd_Blink_Cursor_Of text20       0029CE
__end_of_Lcd_Blink_Cursor_On text19       0029B4
__end_of_Lcd_Clear           text18       002A0E
__end_of_Lcd_Cmd             text28       00297C
__end_of_Lcd_Init            text27       002612
__end_of_Lcd_Port            text29       0027C2
__end_of_Lcd_Set_Cursor      text17       002766
__end_of_Lcd_Write_Char      text16       00295C
__end_of_Lcd_Write_String    text15       002594
__end_of_Timer0_start        text26       0029E8
__end_of_Timer1_start        text25       00299A
__end_of___aodiv             text12       001E1C
__end_of___aomod             text11       001F80
__end_of___fleq              text24       002516
__end_of___lodiv             text14       0022E6
__end_of___xotofl            text23       0017F0
__end_of__initialization     cinit        002916
__end_of_abs                 text10       0028E6
__end_of_decode_key          text22       0021F6
__end_of_dtoa                text5        001A6C
__end_of_fputc               text8        0023B0
__end_of_fputs               text7        0028A6
__end_of_get_ir              text21       002A00
__end_of_isr                 intcode_body 00246C
__end_of_main                text0        001C94
__end_of_pad                 text6        00268C
__end_of_programStates       text1        001546
__end_of_putch               text9        002A1A
__end_of_set_led             text13       002700
__end_of_sprintf             text2        002814
__end_of_vfpfcnvrt           text4        0020CE
__end_of_vfprintf            text3        002862
__initialization             cinit        0028E6
__mediumconst                mediumconst  000000
__pbssBANK0                  bssBANK0     000060
__pbssCOMRAM                 bssCOMRAM    00005D
__pcinit                     cinit        0028E6
__pcstackBANK0               cstackBANK0  0000C8
__pcstackCOMRAM              cstackCOMRAM 000001
__pdataBANK0                 dataBANK0    0000ED
__pidataBANK0                idataBANK0   002A0E
__pintcode                   intcode      000008
__pintcode_body              intcode_body 0023B0
__pnvBANK0                   nvBANK0      0000F6
__psmallconst                smallconst   000800
__ptext0                     text0        001A6C
__ptext1                     text1        0008A8
__ptext10                    text10       0028A6
__ptext11                    text11       001E1C
__ptext12                    text12       001C94
__ptext13                    text13       00268C
__ptext14                    text14       0021F6
__ptext15                    text15       002516
__ptext16                    text16       002924
__ptext17                    text17       002700
__ptext18                    text18       002A00
__ptext19                    text19       00299A
__ptext2                     text2        0027C2
__ptext20                    text20       0029B4
__ptext21                    text21       0029E8
__ptext22                    text22       0020CE
__ptext23                    text23       001546
__ptext24                    text24       00246C
__ptext25                    text25       00297C
__ptext26                    text26       0029CE
__ptext27                    text27       002594
__ptext28                    text28       00295C
__ptext29                    text29       002766
__ptext3                     text3        002814
__ptext4                     text4        001F80
__ptext5                     text5        0017F0
__ptext6                     text6        002612
__ptext7                     text7        002862
__ptext8                     text8        0022E6
__ptext9                     text9        002A18
__ramtop                     ramtop       000800
__smallconst                 smallconst   000800
_abs                         text10       0028A6
_count1                      bssCOMRAM    00005D
_count2                      bssBANK0     000085
_currentState                nvBANK0      0000F6
_dbuf                        bssBANK0     000094
_decode_key                  text22       0020CE
_dtoa                        text5        0017F0
_dtoa$1280                   cstackCOMRAM 00002E
_enableBuzzer                bssBANK0     00008C
_enableServo                 bssBANK0     000087
_firstTime                   dataBANK0    0000F2
_flags                       bssBANK0     000084
_fputc                       text8        0022E6
_fputs                       text7        002862
_get_ir                      text21       0029E8
_input                       bssBANK0     000091
_ir_state                    bssBANK0     000086
_isr                         intcode      000008
_lastState                   bssBANK0     000093
_last_press_key              dataBANK0    0000F3
_lastposition                dataBANK0    0000ED
_main                        text0        001A6C
_msg                         bssBANK0     0000B4
_on_time1                    dataBANK0    0000F1
_on_time1_update             dataBANK0    0000EF
_on_time2                    dataBANK0    0000F0
_on_time2_update             dataBANK0    0000EE
_pad                         text6        002612
_prec                        bssBANK0     000082
_press_key                   dataBANK0    0000F4
_programStates               text1        0008A8
_putch                       text9        002A18
_run_mainloop                bssCOMRAM    00005E
_run_servo                   bssBANK0     000092
_scan                        dataBANK0    0000F5
_servoCounter                bssBANK0     000088
_set_led                     text13       00268C
_sprintf                     text2        0027C2
_vfpfcnvrt                   text4        001F80
_vfprintf                    text3        002814
_width                       bssBANK0     000080
abs@a                        cstackCOMRAM 000013
btemp                        temp         00005F
decode_key@key               cstackCOMRAM 000003
decode_key@ret               cstackCOMRAM 000004
dtoa@d                       cstackCOMRAM 00001E
dtoa@fp                      cstackCOMRAM 00001C
dtoa@i                       cstackCOMRAM 00003C
dtoa@n                       cstackCOMRAM 000034
dtoa@p                       cstackCOMRAM 000030
dtoa@s                       cstackCOMRAM 00003E
dtoa@w                       cstackCOMRAM 000032
end_of_initialization        cinit        002916
fputc@c                      cstackCOMRAM 000001
fputc@fp                     cstackCOMRAM 000003
fputs@c                      cstackCOMRAM 00000E
fputs@fp                     cstackCOMRAM 00000C
fputs@i                      cstackCOMRAM 00000F
fputs@s                      cstackCOMRAM 00000A
int$flags                    temp         00005F
int_func                     intcode_body 0023B0
intlevel0                    text         000000
intlevel1                    text         000000
intlevel2                    text         000000
intlevel3                    text         000000
isa$std                      (abs)        000001
isa$xinst                    (abs)        000000
main@scan_key                cstackCOMRAM 00005C
pad@buf                      cstackCOMRAM 000013
pad@fp                       cstackCOMRAM 000011
pad@i                        cstackCOMRAM 000018
pad@p                        cstackCOMRAM 000015
pad@w                        cstackCOMRAM 00001A
programStates@cases          cstackCOMRAM 000059
set_led@num                  cstackCOMRAM 000003
sprintf@ap                   cstackBANK0  0000D0
sprintf@f                    cstackBANK0  0000D2
sprintf@fmt                  cstackBANK0  0000CA
sprintf@s                    cstackBANK0  0000C8
stackhi                      (abs)        000000
stacklo                      (abs)        000000
start                        init         00000E
start_initialization         cinit        0028E6
ttemp5                       temp         000060
ttemp6                       temp         000063
ttemp7                       temp         000067
vfpfcnvrt@ap                 cstackCOMRAM 000043
vfpfcnvrt@convarg            cstackCOMRAM 000047
vfpfcnvrt@cp                 cstackCOMRAM 00004F
vfpfcnvrt@fmt                cstackCOMRAM 000041
vfpfcnvrt@fp                 cstackCOMRAM 00003F
vfprintf@ap                  cstackCOMRAM 000055
vfprintf@cfmt                cstackCOMRAM 000057
vfprintf@fmt                 cstackCOMRAM 000053
vfprintf@fp                  cstackCOMRAM 000051
wtemp8                       temp         000060


MODULE INFORMATION

Module		Function		Class		Link	Load	Size
C:\Program Files\Microchip\xc8\v2.40\pic\sources\c99\common\nf_fputc.c
		_fputc         		CODE           	22E6	0000	202

C:\Program Files\Microchip\xc8\v2.40\pic\sources\c99\common\nf_fputc.c estimated size: 202

C:\Program Files\Microchip\xc8\v2.40\pic\sources\c99\common\nf_sprintf.c
		_sprintf       		CODE           	27C2	0000	82

C:\Program Files\Microchip\xc8\v2.40\pic\sources\c99\common\nf_sprintf.c estimated size: 82

C:\Program Files\Microchip\xc8\v2.40\pic\sources\c99\common\xotofl.c
		___xotofl      		CODE           	1546	0000	682

C:\Program Files\Microchip\xc8\v2.40\pic\sources\c99\common\xotofl.c estimated size: 682

C:\Program Files\Microchip\xc8\v2.40\pic\sources\c99\common\fleq.c
		___fleq        		CODE           	246C	0000	170

C:\Program Files\Microchip\xc8\v2.40\pic\sources\c99\common\fleq.c estimated size: 170

C:\Program Files\Microchip\xc8\v2.40\pic\sources\c99\common\abs.c
		_abs           		CODE           	28A6	0000	64

C:\Program Files\Microchip\xc8\v2.40\pic\sources\c99\common\abs.c estimated size: 64

./lcd.h
		_Lcd_Write_String		CODE           	2516	0000	126
		_Lcd_Init      		CODE           	2594	0000	126
		_Lcd_Write_Char		CODE           	2924	0000	56
		_Lcd_Cmd       		CODE           	295C	0000	32
		_Lcd_Blink_Cursor_Of		CODE           	29B4	0000	26
		_Lcd_Set_Cursor		CODE           	2700	0000	102
		_Lcd_Clear     		CODE           	2A00	0000	14
		_Lcd_Port      		CODE           	2766	0000	92
		_Lcd_Blink_Cursor_On		CODE           	299A	0000	26

./lcd.h estimated size: 600

C:\Program Files\Microchip\xc8\v2.40\pic\sources\c99\common\nf_fputs.c
		_fputs         		CODE           	2862	0000	68

C:\Program Files\Microchip\xc8\v2.40\pic\sources\c99\common\nf_fputs.c estimated size: 68

C:\Program Files\Microchip\xc8\v2.40\pic\sources\c99\common\aomod.c
		___aomod       		CODE           	1E1C	0000	356

C:\Program Files\Microchip\xc8\v2.40\pic\sources\c99\common\aomod.c estimated size: 356

shared
		__initialization		CODE           	28E6	0000	48

shared estimated size: 48

C:\Program Files\Microchip\xc8\v2.40\pic\sources\c99\common\putch.c
		_putch         		CODE           	2A18	0000	2

C:\Program Files\Microchip\xc8\v2.40\pic\sources\c99\common\putch.c estimated size: 2

C:\Program Files\Microchip\xc8\v2.40\pic\sources\c99\common\doprnt.c
		_vfpfcnvrt     		CODE           	1F80	0000	334
		_pad           		CODE           	2612	0000	122
		_dtoa          		CODE           	17F0	0000	636
		_vfprintf      		CODE           	2814	0000	78

C:\Program Files\Microchip\xc8\v2.40\pic\sources\c99\common\doprnt.c estimated size: 1170

main.c
		_Timer0_start  		CODE           	29CE	0000	26
		_main          		CODE           	1A6C	0000	552
		_decode_key    		CODE           	20CE	0000	296
		_programStates 		CODE           	08A8	0000	3230
		_Timer1_start  		CODE           	297C	0000	30
		_isr           		CODE           	0008	0000	194
		_set_led       		CODE           	268C	0000	116
		_get_ir        		CODE           	29E8	0000	24

main.c estimated size: 4468

C:\Program Files\Microchip\xc8\v2.40\pic\sources\c99\common\lodiv.c
		___lodiv       		CODE           	21F6	0000	240

C:\Program Files\Microchip\xc8\v2.40\pic\sources\c99\common\lodiv.c estimated size: 240

C:\Program Files\Microchip\xc8\v2.40\pic\sources\c99\common\aodiv.c
		___aodiv       		CODE           	1C94	0000	392

C:\Program Files\Microchip\xc8\v2.40\pic\sources\c99\common\aodiv.c estimated size: 392

