Microchip MPLAB XC8 Compiler V2.40

Linker command line:

-W-3 \
  --edf=C:\Program Files\Microchip\xc8\v2.40\pic\dat\20220703182018_en.msgs \
  -cn -h+dist/default/production\Fan_Control_A2.X.production.sym \
  --cmf=dist/default/production\Fan_Control_A2.X.production.cmf -z \
  -Q16LF18326 -oC:\Users\nauma\AppData\Local\Temp\xcAsg88.4 \
  --defsym=__MPLAB_BUILD=1 --fixupoverflow=error \
  -Mdist/default/production/Fan_Control_A2.X.production.map \
  --md=C:\Users\nauma\AppData\Local\Temp\xcAsg88.dat -E1 -ver=XC8 Compiler \
  --acfsm=1493 -ACODE=00h-07FFhx8 -ASTRCODE=00h-03FFFh -ASTRING=00h-0FFhx64 \
  -ACONST=00h-0FFhx64 -AENTRY=00h-0FFhx64 -ACOMMON=070h-07Fh \
  -ABANK0=020h-06Fh -ABANK1=0A0h-0EFh -ABANK2=0120h-016Fh \
  -ABANK3=01A0h-01EFh -ABANK4=0220h-026Fh -ABANK5=02A0h-02EFh \
  -ABANK6=0320h-036Fh -ABANK7=03A0h-03EFh -ABANK8=0420h-046Fh \
  -ABANK9=04A0h-04EFh -ABANK10=0520h-056Fh -ABANK11=05A0h-05EFh \
  -ABANK12=0620h-066Fh -ABANK13=06A0h-06EFh -ABANK14=0720h-076Fh \
  -ABANK15=07A0h-07EFh -ABANK16=0820h-086Fh -ABANK17=08A0h-08EFh \
  -ABANK18=0920h-096Fh -ABANK19=09A0h-09EFh -ABANK20=0A20h-0A6Fh \
  -ABANK21=0AA0h-0AEFh -ABANK22=0B20h-0B6Fh -ABANK23=0BA0h-0BEFh \
  -ABANK24=0C20h-0C6Fh -ABANK25=0CA0h-0CBFh -ABIGRAM=02000h-027EFh \
  -ARAM=020h-06Fh,0A0h-0EFh,0120h-016Fh,01A0h-01EFh,0220h-026Fh,02A0h-02EFh,0320h-036Fh,03A0h-03EFh,0420h-046Fh,04A0h-04EFh,0520h-056Fh,05A0h-05EFh,0620h-066Fh,06A0h-06EFh,0720h-076Fh,07A0h-07EFh,0820h-086Fh,08A0h-08EFh,0920h-096Fh,09A0h-09EFh,0A20h-0A6Fh,0AA0h-0AEFh,0B20h-0B6Fh,0BA0h-0BEFh,0C20h-0C6Fh,0CA0h-0CBFh \
  -AABS1=020h-07Fh,0A0h-0EFh,0120h-016Fh,01A0h-01EFh,0220h-026Fh,02A0h-02EFh,0320h-036Fh,03A0h-03EFh,0420h-046Fh,04A0h-04EFh,0520h-056Fh,05A0h-05EFh,0620h-066Fh,06A0h-06EFh,0720h-076Fh,07A0h-07EFh,0820h-086Fh,08A0h-08EFh,0920h-096Fh,09A0h-09EFh,0A20h-0A6Fh,0AA0h-0AEFh,0B20h-0B6Fh,0BA0h-0BEFh,0C20h-0C6Fh,0CA0h-0CBFh \
  -ASFR0=00h-01Fh -ASFR1=080h-09Fh -ASFR2=0100h-011Fh -ASFR3=0180h-019Fh \
  -ASFR4=0200h-021Fh -ASFR5=0280h-029Fh -ASFR6=0300h-031Fh \
  -ASFR7=0380h-039Fh -ASFR8=0400h-041Fh -ASFR9=0480h-049Fh \
  -ASFR10=0500h-051Fh -ASFR11=0580h-059Fh -ASFR12=0600h-061Fh \
  -ASFR13=0680h-069Fh -ASFR14=0700h-071Fh -ASFR15=0780h-079Fh \
  -ASFR16=0800h-081Fh -ASFR17=0880h-089Fh -ASFR18=0900h-091Fh \
  -ASFR19=0980h-099Fh -ASFR20=0A00h-0A1Fh -ASFR21=0A80h-0A9Fh \
  -ASFR22=0B00h-0B1Fh -ASFR23=0B80h-0B9Fh -ASFR24=0C00h-0C1Fh \
  -ASFR25=0C80h-0C9Fh -ASFR26=0D00h-0D6Fh -ASFR27=0D80h-0DEFh \
  -ASFR28=0E00h-0E6Fh -ASFR29=0E80h-0EEFh -ASFR30=0F00h-0F6Fh \
  -ASFR31=0F80h-0FEFh -ACONFIG=08007h-0800Ah -DCONFIG=2 \
  -AIDLOC=08000h-08003h -DIDLOC=2 -AEEDATA=00h-0FFh/0F000h \
  -peeprom_data=EEDATA -DEEDATA=2 -DCODE=2 -DSTRCODE=2 -DSTRING=2 -DCONST=2 \
  -DENTRY=2 -preset_vec=00h,intentry=04h,init,end_init -ppowerup=CODE \
  -pcinit=CODE -pfunctab=ENTRY -k \
  C:\Users\nauma\AppData\Local\Temp\xcAsg88.o \
  dist/default/production\Fan_Control_A2.X.production.o 

Object code version is 3.11

Machine type is 16LF18326



                Name                               Link     Load   Length Selector   Space Scale
C:\Users\nauma\AppData\Local\Temp\xcAsg88.o
                end_init                             5C       5C        2        8       0
                reset_vec                             0        0        2        0       0
                config                             8007     8007        4        0       4
                idloc                              8000     8000        4        0       5
dist/default/production\Fan_Control_A2.X.production.o
                cinit                                5E       5E       3C        8       0
                intentry                              4        4       58        8       0
                config                             8007     8007        4        0       4
                idloc                              8000     8000        4        0       5
                text77                             1962     1962       90     32C4       0
                text76                             26A6     26A6       6A     4D4C       0
                text75                             2373     2373       13     46E6       0
                text74                             224A     224A        3     4494       0
                text73                             2266     2266        6     44CC       0
                text72                             2325     2325        D     464A       0
                text71                             224D     224D        3     449A       0
                text70                             2290     2290        7     4520       0
                text69                             2261     2261        5     44C2       0
                text68                             2259     2259        4     44B2       0
                text67                             2297     2297        7     452E       0
                text66                             226C     226C        6     44D8       0
                text65                             1E56     1E56      1AA     3CAC       0
                text64                             2303     2303        B     4606       0
                text63                             13F0     13F0      208     27E0       0
                text62                             1002     1002       20     2004       0
                text61                             1A88     1A88       AA     3510       0
                text60                             22E5     22E5        A     45CA       0
                text59                              B7C      B7C      484     16F8       0
                text58                             247A     247A       2D     48F4       0
                text57                             2250     2250        3     44A0       0
                text56                             23AC     23AC       17     4758       0
                text55                             2710     2710       6E     4E20       0
                text54                             184D     184D       8A     309A       0
                text53                              7AB      7AB       4C        8       0
                text51                             2386     2386       13     470C       0
                text50                             2509     2509       36     4A12       0
                text49                             19F2     19F2       96     33E4       0
                text48                             24D4     24D4       35     49A8       0
                text47                             23F4     23F4       1C     47E8       0
                text46                             2410     2410       1D     4820       0
                text45                             2575     2575       37     4AEA       0
                text44                             2644     2644       62     4C88       0
                text43                             22EF     22EF        A     45DE       0
                text42                             22A6     22A6        9     454C       0
                text41                             23DA     23DA       1A     47B4       0
                text40                             2332     2332        D     4664       0
                text39                             2253     2253        3     44A6       0
                text38                             233F     233F       11     467E       0
                text37                             22AF     22AF        9     455E       0
                text36                             22B8     22B8        9     4570       0
                text35                             22C1     22C1        9     4582       0
                text34                             22CA     22CA        9     4594       0
                text33                             2272     2272        6     44E4       0
                text32                             2278     2278        6     44F0       0
                text31                             22D3     22D3        9     45A6       0
                text30                             22DC     22DC        9     45B8       0
                text29                             180E     180E       3F     301C       0
                text28                             2399     2399       13     4732       0
                text27                              7F7      7F7        9        8       0
                text26                             25AC     25AC       38     4B58       0
                text25                             229E     229E        8     453C       0
                text24                             22F9     22F9        A     45F2       0
                text23                             1800     1800        E     2BF0       0
                text22                             2361     2361       12     46C2       0
                text21                             2256     2256        3     44AC       0
                text20                             230E     230E        B     461C       0
                text19                             225D     225D        4     44BA       0
                text18                             24A7     24A7       2D     494E       0
                text17                             11F0     11F0      200     23E0       0
                text16                             18D7     18D7       8B     31AE       0
                text15                             15F8     15F8      208     2BF0       0
                text14                              802      802       20     1004       0
                text13                             1B32     1B32       AB     3664       0
                text12                             1CEB     1CEB      16B     39D6       0
                text11                             2350     2350       11     46A0       0
                text10                             253F     253F       36     4A7E       0
                text9                              2451     2451       29     48A2       0
                text8                              1BDD     1BDD      10E     37BA       0
                text7                              242D     242D       24     485A       0
                text6                               53A      53A      271        8       0
                text5                              1022     1022      1CE     2044       0
                text4                              25E4     25E4       60     4BC8       0
                text3                              2319     2319        C     4632       0
                text2                              277E     277E       82     4EFC       0
                text1                                9A       9A      4A0        8       0
                maintext                            822      822      35A     1044       0
                cstackBANK0                          20       20       45       20       1
                cstackCOMMON                         70       70        E       70       1
                cstackBANK1                          A0       A0       50       A0       1
                cstackBANK2                         120      120       1C      120       1
                cstackBANK4                         244      244       15      220       1
                clrtext                            227E     227E        6     44FC       0
                inittext                           2284     2284        6     4508       0
                bssBANK4                            220      220       24      220       1
                dataBANK3                           1E0      1E0        6      1A0       1
                bssBANK3                            1A0      1A0       40      1A0       1
                dataBANK2                           153      153       17      120       1
                bssBANK2                            13C      13C       17      120       1
                bssBANK0                             65       65        7       20       1
                nvBANK3                             1E6      1E6        4      1A0       1
                idataBANK3                         228A     228A        6     4514       0
                idataBANK2                         23C3     23C3       17     4786       0

TOTAL           Name                               Link     Load   Length     Space
        CLASS   CODE           
                end_init                             5C       5C        2         0
                cinit                                5E       5E       3C         0
                intentry                              4        4       58         0
                reset_vec                             0        0        2         0
                text77                             1962     1962       90         0
                text76                             26A6     26A6       6A         0
                text75                             2373     2373       13         0
                text74                             224A     224A        3         0
                text73                             2266     2266        6         0
                text72                             2325     2325        D         0
                text71                             224D     224D        3         0
                text70                             2290     2290        7         0
                text69                             2261     2261        5         0
                text68                             2259     2259        4         0
                text67                             2297     2297        7         0
                text66                             226C     226C        6         0
                text65                             1E56     1E56      1AA         0
                text64                             2303     2303        B         0
                text63                             13F0     13F0      208         0
                text62                             1002     1002       20         0
                text61                             1A88     1A88       AA         0
                text60                             22E5     22E5        A         0
                text59                              B7C      B7C      484         0
                text58                             247A     247A       2D         0
                text57                             2250     2250        3         0
                text56                             23AC     23AC       17         0
                text55                             2710     2710       6E         0
                text54                             184D     184D       8A         0
                text53                              7AB      7AB       4C         0
                text51                             2386     2386       13         0
                text50                             2509     2509       36         0
                text49                             19F2     19F2       96         0
                text48                             24D4     24D4       35         0
                text47                             23F4     23F4       1C         0
                text46                             2410     2410       1D         0
                text45                             2575     2575       37         0
                text44                             2644     2644       62         0
                text43                             22EF     22EF        A         0
                text42                             22A6     22A6        9         0
                text41                             23DA     23DA       1A         0
                text40                             2332     2332        D         0
                text39                             2253     2253        3         0
                text38                             233F     233F       11         0
                text37                             22AF     22AF        9         0
                text36                             22B8     22B8        9         0
                text35                             22C1     22C1        9         0
                text34                             22CA     22CA        9         0
                text33                             2272     2272        6         0
                text32                             2278     2278        6         0
                text31                             22D3     22D3        9         0
                text30                             22DC     22DC        9         0
                text29                             180E     180E       3F         0
                text28                             2399     2399       13         0
                text27                              7F7      7F7        9         0
                text26                             25AC     25AC       38         0
                text25                             229E     229E        8         0
                text24                             22F9     22F9        A         0
                text23                             1800     1800        E         0
                text22                             2361     2361       12         0
                text21                             2256     2256        3         0
                text20                             230E     230E        B         0
                text19                             225D     225D        4         0
                text18                             24A7     24A7       2D         0
                text17                             11F0     11F0      200         0
                text16                             18D7     18D7       8B         0
                text15                             15F8     15F8      208         0
                text14                              802      802       20         0
                text13                             1B32     1B32       AB         0
                text12                             1CEB     1CEB      16B         0
                text11                             2350     2350       11         0
                text10                             253F     253F       36         0
                text9                              2451     2451       29         0
                text8                              1BDD     1BDD      10E         0
                text7                              242D     242D       24         0
                text6                               53A      53A      271         0
                text5                              1022     1022      1CE         0
                text4                              25E4     25E4       60         0
                text3                              2319     2319        C         0
                text2                              277E     277E       82         0
                text1                                9A       9A      4A0         0
                maintext                            822      822      35A         0
                clrtext                            227E     227E        6         0
                inittext                           2284     2284        6         0
                idataBANK3                         228A     228A        6         0
                idataBANK2                         23C3     23C3       17         0

        CLASS   STRCODE        

        CLASS   STRING         

        CLASS   CONST          

        CLASS   ENTRY          

        CLASS   COMMON         
                cstackCOMMON                         70       70        E         1

        CLASS   BANK0          
                cstackBANK0                          20       20       45         1
                bssBANK0                             65       65        7         1

        CLASS   BANK1          
                cstackBANK1                          A0       A0       50         1

        CLASS   BANK2          
                cstackBANK2                         120      120       1C         1
                dataBANK2                           153      153       17         1
                bssBANK2                            13C      13C       17         1

        CLASS   BANK3          
                dataBANK3                           1E0      1E0        6         1
                bssBANK3                            1A0      1A0       40         1
                nvBANK3                             1E6      1E6        4         1

        CLASS   BANK4          
                cstackBANK4                         244      244       15         1
                bssBANK4                            220      220       24         1

        CLASS   BANK5          

        CLASS   BANK6          

        CLASS   BANK7          

        CLASS   BANK8          

        CLASS   BANK9          

        CLASS   BANK10         

        CLASS   BANK11         

        CLASS   BANK12         

        CLASS   BANK13         

        CLASS   BANK14         

        CLASS   BANK15         

        CLASS   BANK16         

        CLASS   BANK17         

        CLASS   BANK18         

        CLASS   BANK19         

        CLASS   BANK20         

        CLASS   BANK21         

        CLASS   BANK22         

        CLASS   BANK23         

        CLASS   BANK24         

        CLASS   BANK25         

        CLASS   BIGRAM         

        CLASS   RAM            

        CLASS   ABS1           
                abs_s1                               7E       7E        2         1

        CLASS   SFR0           

        CLASS   SFR1           

        CLASS   SFR2           

        CLASS   SFR3           

        CLASS   SFR4           

        CLASS   SFR5           

        CLASS   SFR6           

        CLASS   SFR7           

        CLASS   SFR8           

        CLASS   SFR9           

        CLASS   SFR10          

        CLASS   SFR11          

        CLASS   SFR12          

        CLASS   SFR13          

        CLASS   SFR14          

        CLASS   SFR15          

        CLASS   SFR16          

        CLASS   SFR17          

        CLASS   SFR18          

        CLASS   SFR19          

        CLASS   SFR20          

        CLASS   SFR21          

        CLASS   SFR22          

        CLASS   SFR23          

        CLASS   SFR24          

        CLASS   SFR25          

        CLASS   SFR26          

        CLASS   SFR27          

        CLASS   SFR28          

        CLASS   SFR29          

        CLASS   SFR30          

        CLASS   SFR31          

        CLASS   CONFIG         
                config                             8007     8007        4         4

        CLASS   IDLOC          
                idloc                              8000     8000        4         5

        CLASS   EEDATA         

        CLASS   BANK31         

        CLASS   BANK30         

        CLASS   BANK29         

        CLASS   BANK28         

        CLASS   BANK27         

        CLASS   BANK26         

        CLASS   HEAP           

        CLASS   STACK          



SEGMENTS        Name                           Load    Length   Top    Selector   Space  Class     Delta

                reset_vec                      000000  000002  000002         0       0  CODE        2
                intentry                       000004  0007FC  000800         8       0  CODE        2
                cstackBANK0                    000020  00004C  00006C        20       1  BANK0       1
                cstackCOMMON                   000070  00000E  00007E        70       1  COMMON      1
                cstackBANK1                    0000A0  000050  0000F0        A0       1  BANK1       1
                cstackBANK2                    000120  00004A  00016A       120       1  BANK2       1
                bssBANK3                       0001A0  00004A  0001EA       1A0       1  BANK3       1
                bssBANK4                       000220  000039  000259       220       1  BANK4       1
                text14                         000802  000020  000822      1004       0  CODE        2
                maintext                       000822  00035A  000B7C      1044       0  CODE        2
                text59                         000B7C  000484  001000      16F8       0  CODE        2
                text62                         001002  000020  001022      2004       0  CODE        2
                text5                          001022  0001CE  0011F0      2044       0  CODE        2
                text17                         0011F0  000200  0013F0      23E0       0  CODE        2
                text63                         0013F0  000208  0015F8      27E0       0  CODE        2
                text15                         0015F8  000216  00180E      2BF0       0  CODE        2
                text29                         00180E  00003F  00184D      301C       0  CODE        2
                text54                         00184D  00008A  0018D7      309A       0  CODE        2
                text16                         0018D7  00008B  001962      31AE       0  CODE        2
                text77                         001962  000090  0019F2      32C4       0  CODE        2
                text49                         0019F2  000096  001A88      33E4       0  CODE        2
                text61                         001A88  0000AA  001B32      3510       0  CODE        2
                text13                         001B32  0000AB  001BDD      3664       0  CODE        2
                text8                          001BDD  00010E  001CEB      37BA       0  CODE        2
                text12                         001CEB  00016B  001E56      39D6       0  CODE        2
                text65                         001E56  0001AA  002000      3CAC       0  CODE        2
                text74                         00224A  000003  00224D      4494       0  CODE        2
                text71                         00224D  000003  002250      449A       0  CODE        2
                text57                         002250  000003  002253      44A0       0  CODE        2
                text39                         002253  000003  002256      44A6       0  CODE        2
                text21                         002256  000003  002259      44AC       0  CODE        2
                text68                         002259  000004  00225D      44B2       0  CODE        2
                text19                         00225D  000004  002261      44BA       0  CODE        2
                text69                         002261  000005  002266      44C2       0  CODE        2
                text73                         002266  000006  00226C      44CC       0  CODE        2
                text66                         00226C  000006  002272      44D8       0  CODE        2
                text33                         002272  000006  002278      44E4       0  CODE        2
                text32                         002278  000006  00227E      44F0       0  CODE        2
                clrtext                        00227E  000006  002284      44FC       0  CODE        2
                inittext                       002284  000006  00228A      4508       0  CODE        2
                idataBANK3                     00228A  000006  002290      4514       0  CODE        2
                text70                         002290  000007  002297      4520       0  CODE        2
                text67                         002297  000007  00229E      452E       0  CODE        2
                text25                         00229E  000008  0022A6      453C       0  CODE        2
                text42                         0022A6  000009  0022AF      454C       0  CODE        2
                text37                         0022AF  000009  0022B8      455E       0  CODE        2
                text36                         0022B8  000009  0022C1      4570       0  CODE        2
                text35                         0022C1  000009  0022CA      4582       0  CODE        2
                text34                         0022CA  000009  0022D3      4594       0  CODE        2
                text31                         0022D3  000009  0022DC      45A6       0  CODE        2
                text30                         0022DC  000009  0022E5      45B8       0  CODE        2
                text60                         0022E5  00000A  0022EF      45CA       0  CODE        2
                text43                         0022EF  00000A  0022F9      45DE       0  CODE        2
                text24                         0022F9  00000A  002303      45F2       0  CODE        2
                text64                         002303  00000B  00230E      4606       0  CODE        2
                text20                         00230E  00000B  002319      461C       0  CODE        2
                text3                          002319  00000C  002325      4632       0  CODE        2
                text72                         002325  00000D  002332      464A       0  CODE        2
                text40                         002332  00000D  00233F      4664       0  CODE        2
                text38                         00233F  000011  002350      467E       0  CODE        2
                text11                         002350  000011  002361      46A0       0  CODE        2
                text22                         002361  000012  002373      46C2       0  CODE        2
                text75                         002373  000013  002386      46E6       0  CODE        2
                text51                         002386  000013  002399      470C       0  CODE        2
                text28                         002399  000013  0023AC      4732       0  CODE        2
                text56                         0023AC  000017  0023C3      4758       0  CODE        2
                idataBANK2                     0023C3  000017  0023DA      4786       0  CODE        2
                text41                         0023DA  00001A  0023F4      47B4       0  CODE        2
                text47                         0023F4  00001C  002410      47E8       0  CODE        2
                text46                         002410  00001D  00242D      4820       0  CODE        2
                text7                          00242D  000024  002451      485A       0  CODE        2
                text9                          002451  000029  00247A      48A2       0  CODE        2
                text58                         00247A  00002D  0024A7      48F4       0  CODE        2
                text18                         0024A7  00002D  0024D4      494E       0  CODE        2
                text48                         0024D4  000035  002509      49A8       0  CODE        2
                text50                         002509  000036  00253F      4A12       0  CODE        2
                text10                         00253F  000036  002575      4A7E       0  CODE        2
                text45                         002575  000037  0025AC      4AEA       0  CODE        2
                text26                         0025AC  000038  0025E4      4B58       0  CODE        2
                text4                          0025E4  000060  002644      4BC8       0  CODE        2
                text44                         002644  000062  0026A6      4C88       0  CODE        2
                text76                         0026A6  00006A  002710      4D4C       0  CODE        2
                text55                         002710  00006E  00277E      4E20       0  CODE        2
                text2                          00277E  000082  002800      4EFC       0  CODE        2


UNUSED ADDRESS RANGES

        Name                Unused          Largest block    Delta
        BANK0            0006C-0006F               4           1
        BANK10           00520-0056F              50           1
        BANK11           005A0-005EF              50           1
        BANK12           00620-0066F              50           1
        BANK13           006A0-006EF              50           1
        BANK14           00720-0076F              50           1
        BANK15           007A0-007EF              50           1
        BANK16           00820-0086F              50           1
        BANK17           008A0-008EF              50           1
        BANK18           00920-0096F              50           1
        BANK19           009A0-009EF              50           1
        BANK2            0016A-0016F               6           1
        BANK20           00A20-00A6F              50           1
        BANK21           00AA0-00AEF              50           1
        BANK22           00B20-00B6F              50           1
        BANK23           00BA0-00BEF              50           1
        BANK24           00C20-00C6F              50           1
        BANK25           00CA0-00CBF              20           1
        BANK3            001EA-001EF               6           1
        BANK4            00259-0026F              17           1
        BANK5            002A0-002EF              50           1
        BANK6            00320-0036F              50           1
        BANK7            003A0-003EF              50           1
        BANK8            00420-0046F              50           1
        BANK9            004A0-004EF              50           1
        BIGRAM           02000-027EF             7F0           1
        CODE             00002-00003               2           2
                         00800-00801               2
                         01000-01001               2
                         02000-02249             24A
                         02800-03FFF             800
        CONST            00002-00003               2           2
                         00800-00801               2
                         01000-01001               2
                         02000-02249             100
                         02800-03FFF             100
        EEDATA           0F000-0F0FF             100           2
        ENTRY            00002-00003               2           2
                         00800-00801               2
                         01000-01001               2
                         02000-02249             100
                         02800-03FFF             100
        RAM              0006C-0006F               4           1
                         0016A-0016F               6
                         001EA-001EF               6
                         00259-0026F              17
                         002A0-002EF              50
                         00320-0036F              50
                         003A0-003EF              50
                         00420-0046F              50
                         004A0-004EF              50
                         00520-0056F              50
                         005A0-005EF              50
                         00620-0066F              50
                         006A0-006EF              50
                         00720-0076F              50
                         007A0-007EF              50
                         00820-0086F              50
                         008A0-008EF              50
                         00920-0096F              50
                         009A0-009EF              50
                         00A20-00A6F              50
                         00AA0-00AEF              50
                         00B20-00B6F              50
                         00BA0-00BEF              50
                         00C20-00C6F              50
                         00CA0-00CBF              20
        SFR0             00000-0001F              20           1
        SFR1             00080-0009F              20           1
        SFR10            00500-0051F              20           1
        SFR11            00580-0059F              20           1
        SFR12            00600-0061F              20           1
        SFR13            00680-0069F              20           1
        SFR14            00700-0071F              20           1
        SFR15            00780-0079F              20           1
        SFR16            00800-0081F              20           1
        SFR17            00880-0089F              20           1
        SFR18            00900-0091F              20           1
        SFR19            00980-0099F              20           1
        SFR2             00100-0011F              20           1
        SFR20            00A00-00A1F              20           1
        SFR21            00A80-00A9F              20           1
        SFR22            00B00-00B1F              20           1
        SFR23            00B80-00B9F              20           1
        SFR24            00C00-00C1F              20           1
        SFR25            00C80-00C9F              20           1
        SFR26            00D00-00D6F              70           1
        SFR27            00D80-00DEF              70           1
        SFR28            00E00-00E6F              70           1
        SFR29            00E80-00EEF              70           1
        SFR3             00180-0019F              20           1
        SFR30            00F00-00F6F              70           1
        SFR31            00F80-00FEF              70           1
        SFR4             00200-0021F              20           1
        SFR5             00280-0029F              20           1
        SFR6             00300-0031F              20           1
        SFR7             00380-0039F              20           1
        SFR8             00400-0041F              20           1
        SFR9             00480-0049F              20           1
        STRCODE          00002-00003               2           2
                         00800-00801               2
                         01000-01001               2
                         02000-02249             24A
                         02800-03FFF            1800
        STRING           00002-00003               2           2
                         00800-00801               2
                         01000-01001               2
                         02000-02249             100
                         02800-03FFF             100

                                  Symbol Table

?_VariableIntergralCoefficient             cstackBANK2  00128
?__Umul8_16                                cstackBANK1  000A0
?___aldiv                                  cstackCOMMON 00070
?___awdiv                                  cstackBANK1  000A0
?___fladd                                  cstackBANK1  000AE
?___fldiv                                  cstackBANK2  00120
?___flmul                                  cstackBANK2  00120
?___flneg                                  cstackBANK1  000A0
?___flsub                                  cstackBANK1  000C2
?___fltol                                  cstackBANK2  00128
?___xxtofl                                 cstackBANK1  000A0
?_cal_temp                                 cstackBANK2  00128
?_fabsf                                    cstackBANK1  000A0
?i1___fladd                                cstackBANK0  0003A
?i1___fldiv                                cstackBANK0  00020
?i1___flneg                                cstackCOMMON 00070
?i1___flsub                                cstackBANK0  0004E
?i1___xxtofl                               cstackCOMMON 00070
CCP1_CaptureISR@module                     cstackCOMMON 00079
CCP1_DefaultCallBack@capturedValue         cstackBANK0  00026
CCP1_SetCallBack@customCallBack            cstackBANK1  000A0
I2C2_SlaveRdCallBack@ch                    cstackBANK0  00062
I2C2_SlaveSetAddrIntHandler@handler        cstackBANK1  000A0
I2C2_SlaveSetBusColIntHandler@handler      cstackBANK1  000A0
I2C2_SlaveSetIsrHandler@handler            cstackBANK1  000A0
I2C2_SlaveSetReadIntHandler@handler        cstackBANK1  000A0
I2C2_SlaveSetSlaveAddr@slaveAddr           cstackBANK1  000A0
I2C2_SlaveSetSlaveMask@maskAddr            cstackBANK1  000A0
I2C2_SlaveSetWrColIntHandler@handler       cstackBANK1  000A0
I2C2_SlaveSetWriteIntHandler@handler       cstackBANK1  000A0
MCP9808_init@F404                          dataBANK3    001E4
MCP9808_init@cfg_data                      cstackBANK1  000AA
MSSP_ReadBlock@I2CReads                    cstackBANK1  000A8
MSSP_ReadBlock@blockMem                    cstackBANK1  000A3
MSSP_ReadBlock@deviceADDR                  cstackBANK1  000A7
MSSP_ReadBlock@memSize                     cstackBANK1  000A4
MSSP_RegisterSelectAndRead@I2CReads        cstackBANK1  000A9
MSSP_RegisterSelectAndRead@blockMem        cstackBANK1  000A4
MSSP_RegisterSelectAndRead@deviceADDR      cstackBANK1  000A8
MSSP_RegisterSelectAndRead@memSize         cstackBANK1  000A5
MSSP_RegisterSelectAndRead@registerADDR    cstackBANK1  000A3
MSSP_WriteBlock@I2CWrites                  cstackBANK1  000A7
MSSP_WriteBlock@blockMem                   cstackBANK1  000A3
MSSP_WriteBlock@deviceADDR                 cstackBANK1  000A6
MSSP_WriteBlock@memSize                    cstackBANK1  000A4
PWM5_LoadDutyValue@dutyValue               cstackBANK2  0012C
VariableIntergralCoefficient@absmax        cstackBANK2  0012C
VariableIntergralCoefficient@absmin        cstackBANK2  00130
VariableIntergralCoefficient@error         cstackBANK2  00128
VariableIntergralCoefficient@factor        cstackBANK1  000DC
_ANSELA                                    (abs)        0018C
_ANSELC                                    (abs)        0018E
_CCP1CAP                                   (abs)        00294
_CCP1CON                                   (abs)        00293
_CCP1CONbits                               (abs)        00293
_CCP1PPS                                   (abs)        00E14
_CCP1_CallBack                             nvBANK3      001E8
_CCP1_CaptureISR                           text75       02373
_CCP1_DefaultCallBack                      text76       026A6
_CCP1_Initialize                           text41       023DA
_CCP1_SetCallBack                          text42       022A6
_CCPR1H                                    (abs)        00292
_CCPR1L                                    (abs)        00291
_CCPTMRSbits                               (abs)        0029F
_I2C2_Initialize                           text40       02332
_I2C2_Isr                                  text55       02710
_I2C2_Open                                 text29       0180E
_I2C2_SlaveAddrCallBack                    text72       02325
_I2C2_SlaveAddrInterruptHandler            bssBANK2     00148
_I2C2_SlaveBusColInterruptHandler          bssBANK2     00146
_I2C2_SlaveClearIrq                        text71       0224D
_I2C2_SlaveDefAddrInterruptHandler         text73       02266
_I2C2_SlaveDefBusColInterruptHandler       (abs)        00000
_I2C2_SlaveDefRdInterruptHandler           text66       0226C
_I2C2_SlaveDefWrColInterruptHandler        (abs)        00000
_I2C2_SlaveDefWrInterruptHandler           (abs)        00000
_I2C2_SlaveEnableIrq                       text39       02253
_I2C2_SlaveGetRxData                       text74       0224A
_I2C2_SlaveIsAddr                          text70       02290
_I2C2_SlaveIsRead                          text69       02261
_I2C2_SlaveIsRxBufFull                     text68       02259
_I2C2_SlaveIsTxBufEmpty                    text67       02297
_I2C2_SlaveOpen                            text38       0233F
_I2C2_SlaveRdCallBack                      text58       0247A
_I2C2_SlaveRdInterruptHandler              bssBANK2     0014A
_I2C2_SlaveReleaseClock                    text57       02250
_I2C2_SlaveSetAddrIntHandler               text37       022AF
_I2C2_SlaveSetBusColIntHandler             text36       022B8
_I2C2_SlaveSetIsrHandler                   text35       022C1
_I2C2_SlaveSetReadIntHandler               text34       022CA
_I2C2_SlaveSetSlaveAddr                    text33       02272
_I2C2_SlaveSetSlaveMask                    text32       02278
_I2C2_SlaveSetWrColIntHandler              text31       022D3
_I2C2_SlaveSetWriteIntHandler              text30       022DC
_I2C2_SlaveWrCallBack                      text56       023AC
_I2C2_SlaveWrColInterruptHandler           bssBANK2     00144
_I2C2_SlaveWrInterruptHandler              bssBANK3     001DE
_INLVLA                                    (abs)        0038C
_INLVLC                                    (abs)        0038E
_INTCON                                    (abs)        0000B
_INTCONbits                                (abs)        0000B
_INTERRUPT_InterruptManager                intentry     00004
_LATA                                      (abs)        0010C
_LATAbits                                  (abs)        0010C
_LATC                                      (abs)        0010E
_MCP9808_init                              text47       023F4
_MSSP2_InterruptHandler                    bssBANK2     0014C
_MSSP_HostInit                             text28       02399
_MSSP_ReadBlock                            text44       02644
_MSSP_RegisterSelectAndRead                text49       019F2
_MSSP_WriteBlock                           text48       024D4
_MaxFanSpeed                               dataBANK2    00165
_ODCONA                                    (abs)        0028C
_ODCONC                                    (abs)        0028E
_OSCCON1                                   (abs)        00919
_OSCCON3                                   (abs)        0091B
_OSCEN                                     (abs)        0091D
_OSCFRQ                                    (abs)        0091F
_OSCILLATOR_Initialize                     text27       007F7
_OSCTUNE                                   (abs)        0091E
_PIE0bits                                  (abs)        00090
_PIE1bits                                  (abs)        00091
_PIE2bits                                  (abs)        00092
_PIE4bits                                  (abs)        00094
_PIN_MANAGER_Initialize                    text26       025AC
_PIR0bits                                  (abs)        00010
_PIR1                                      (abs)        00011
_PIR1bits                                  (abs)        00011
_PIR2                                      (abs)        00012
_PIR2bits                                  (abs)        00012
_PIR4bits                                  (abs)        00014
_PMD0                                      (abs)        00911
_PMD1                                      (abs)        00912
_PMD2                                      (abs)        00913
_PMD3                                      (abs)        00914
_PMD4                                      (abs)        00915
_PMD5                                      (abs)        00916
_PMD_Initialize                            text25       0229E
_PR2                                       (abs)        0001E
_PWM5CON                                   (abs)        00619
_PWM5DCH                                   (abs)        00618
_PWM5DCL                                   (abs)        00617
_PWM5_Initialize                           text24       022F9
_PWM5_LoadDutyValue                        text46       02410
_PWMTMRSbits                               (abs)        0061F
_RC0PPS                                    (abs)        00EA0
_RC1PPS                                    (abs)        00EA1
_RC2PPS                                    (abs)        00EA2
_RC4PPS                                    (abs)        00EA4
_RC5PPS                                    (abs)        00EA5
_Read_temp_MCP                             text43       022EF
_SLRCONA                                   (abs)        0030C
_SLRCONC                                   (abs)        0030E
_SSP1ADD                                   (abs)        00212
_SSP1BUF                                   (abs)        00211
_SSP1CLKPPS                                (abs)        00E20
_SSP1CON1                                  (abs)        00215
_SSP1CON1bits                              (abs)        00215
_SSP1CON2                                  (abs)        00216
_SSP1CON2bits                              (abs)        00216
_SSP1CON3                                  (abs)        00217
_SSP1DATPPS                                (abs)        00E21
_SSP1STAT                                  (abs)        00214
_SSP1STATbits                              (abs)        00214
_SSP2ADD                                   (abs)        0021A
_SSP2BUF                                   (abs)        00219
_SSP2CLKPPS                                (abs)        00E1D
_SSP2CON1                                  (abs)        0021D
_SSP2CON1bits                              (abs)        0021D
_SSP2CON2                                  (abs)        0021E
_SSP2CON2bits                              (abs)        0021E
_SSP2DATPPS                                (abs)        00E1E
_SSP2MSK                                   (abs)        0021B
_SSP2STAT                                  (abs)        0021C
_SSP2STATbits                              (abs)        0021C
_SYSTEM_Initialize                         text18       024A7
_SetTemp                                   dataBANK2    0015B
_T0CON0                                    (abs)        00017
_T0CON0bits                                (abs)        00017
_T0CON1                                    (abs)        00018
_T1CON                                     (abs)        0001B
_T1CONbits                                 (abs)        0001B
_T1GCON                                    (abs)        0001C
_T1GCONbits                                (abs)        0001C
_T2CON                                     (abs)        0001F
_T2CONbits                                 (abs)        0001F
_TMR0H                                     (abs)        00016
_TMR0L                                     (abs)        00015
_TMR0_Initialize                           text23       01800
_TMR0_interrupt                            text53       007AB
_TMR1H                                     (abs)        0001A
_TMR1L                                     (abs)        00019
_TMR1_Initialize                           text22       02361
_TMR2                                      (abs)        0001D
_TMR2_Initialize                           text20       0230E
_TMR2_StartTimer                           text21       02256
_TRISA                                     (abs)        0008C
_TRISC                                     (abs)        0008E
_Tol_1                                     dataBANK2    00157
_Tol_2                                     dataBANK2    00153
_Tol_max                                   dataBANK3    001E0
_Tol_min                                   dataBANK2    0015F
_VariableIntergralCoefficient              text8        01BDD
_WDTCON                                    (abs)        00097
_WDT_Initialize                            text19       0225D
_WPUA                                      (abs)        0020C
_WPUC                                      (abs)        0020E
__Habs1                                    abs1         00000
__Hbank0                                   bank0        00000
__Hbank1                                   bank1        00000
__Hbank10                                  bank10       00000
__Hbank11                                  bank11       00000
__Hbank12                                  bank12       00000
__Hbank13                                  bank13       00000
__Hbank14                                  bank14       00000
__Hbank15                                  bank15       00000
__Hbank16                                  bank16       00000
__Hbank17                                  bank17       00000
__Hbank18                                  bank18       00000
__Hbank19                                  bank19       00000
__Hbank2                                   bank2        00000
__Hbank20                                  bank20       00000
__Hbank21                                  bank21       00000
__Hbank22                                  bank22       00000
__Hbank23                                  bank23       00000
__Hbank24                                  bank24       00000
__Hbank25                                  bank25       00000
__Hbank26                                  bank26       00000
__Hbank27                                  bank27       00000
__Hbank28                                  bank28       00000
__Hbank29                                  bank29       00000
__Hbank3                                   bank3        00000
__Hbank30                                  bank30       00000
__Hbank31                                  bank31       00000
__Hbank4                                   bank4        00000
__Hbank5                                   bank5        00000
__Hbank6                                   bank6        00000
__Hbank7                                   bank7        00000
__Hbank8                                   bank8        00000
__Hbank9                                   bank9        00000
__Hbigram                                  bigram       00000
__HbssBANK0                                bssBANK0     00000
__HbssBANK2                                bssBANK2     00000
__HbssBANK3                                bssBANK3     00000
__HbssBANK4                                bssBANK4     00000
__Hcinit                                   cinit        0009A
__Hclrtext                                 clrtext      00000
__Hcode                                    code         00000
__Hcommon                                  common       00000
__Hconfig                                  config       0800B
__HcstackBANK0                             cstackBANK0  00000
__HcstackBANK1                             cstackBANK1  00000
__HcstackBANK2                             cstackBANK2  00000
__HcstackBANK4                             cstackBANK4  00000
__HcstackCOMMON                            cstackCOMMON 00000
__HdataBANK2                               dataBANK2    00000
__HdataBANK3                               dataBANK3    00000
__Heeprom_data                             eeprom_data  00000
__Hend_init                                end_init     0005E
__Hfunctab                                 functab      00000
__Hheap                                    heap         00000
__HidataBANK2                              idataBANK2   00000
__HidataBANK3                              idataBANK3   00000
__Hidloc                                   idloc        08004
__Hinit                                    init         0005C
__Hinittext                                inittext     00000
__Hintentry                                intentry     0005C
__Hmaintext                                maintext     00000
__HnvBANK3                                 nvBANK3      00000
__Hpowerup                                 powerup      00000
__Hram                                     ram          00000
__Hreset_vec                               reset_vec    00002
__Hsfr0                                    sfr0         00000
__Hsfr1                                    sfr1         00000
__Hsfr10                                   sfr10        00000
__Hsfr11                                   sfr11        00000
__Hsfr12                                   sfr12        00000
__Hsfr13                                   sfr13        00000
__Hsfr14                                   sfr14        00000
__Hsfr15                                   sfr15        00000
__Hsfr16                                   sfr16        00000
__Hsfr17                                   sfr17        00000
__Hsfr18                                   sfr18        00000
__Hsfr19                                   sfr19        00000
__Hsfr2                                    sfr2         00000
__Hsfr20                                   sfr20        00000
__Hsfr21                                   sfr21        00000
__Hsfr22                                   sfr22        00000
__Hsfr23                                   sfr23        00000
__Hsfr24                                   sfr24        00000
__Hsfr25                                   sfr25        00000
__Hsfr26                                   sfr26        00000
__Hsfr27                                   sfr27        00000
__Hsfr28                                   sfr28        00000
__Hsfr29                                   sfr29        00000
__Hsfr3                                    sfr3         00000
__Hsfr30                                   sfr30        00000
__Hsfr31                                   sfr31        00000
__Hsfr4                                    sfr4         00000
__Hsfr5                                    sfr5         00000
__Hsfr6                                    sfr6         00000
__Hsfr7                                    sfr7         00000
__Hsfr8                                    sfr8         00000
__Hsfr9                                    sfr9         00000
__Hspace_0                                 (abs)        02800
__Hspace_1                                 (abs)        00259
__Hspace_2                                 (abs)        00000
__Hspace_3                                 (abs)        00000
__Hspace_4                                 (abs)        10012
__Hstack                                   stack        00000
__Hstrings                                 strings      00000
__Htext                                    text         00000
__Labs1                                    abs1         00000
__Lbank0                                   bank0        00000
__Lbank1                                   bank1        00000
__Lbank10                                  bank10       00000
__Lbank11                                  bank11       00000
__Lbank12                                  bank12       00000
__Lbank13                                  bank13       00000
__Lbank14                                  bank14       00000
__Lbank15                                  bank15       00000
__Lbank16                                  bank16       00000
__Lbank17                                  bank17       00000
__Lbank18                                  bank18       00000
__Lbank19                                  bank19       00000
__Lbank2                                   bank2        00000
__Lbank20                                  bank20       00000
__Lbank21                                  bank21       00000
__Lbank22                                  bank22       00000
__Lbank23                                  bank23       00000
__Lbank24                                  bank24       00000
__Lbank25                                  bank25       00000
__Lbank26                                  bank26       00000
__Lbank27                                  bank27       00000
__Lbank28                                  bank28       00000
__Lbank29                                  bank29       00000
__Lbank3                                   bank3        00000
__Lbank30                                  bank30       00000
__Lbank31                                  bank31       00000
__Lbank4                                   bank4        00000
__Lbank5                                   bank5        00000
__Lbank6                                   bank6        00000
__Lbank7                                   bank7        00000
__Lbank8                                   bank8        00000
__Lbank9                                   bank9        00000
__Lbigram                                  bigram       00000
__LbssBANK0                                bssBANK0     00000
__LbssBANK2                                bssBANK2     00000
__LbssBANK3                                bssBANK3     00000
__LbssBANK4                                bssBANK4     00000
__Lcinit                                   cinit        0005E
__Lclrtext                                 clrtext      00000
__Lcode                                    code         00000
__Lcommon                                  common       00000
__Lconfig                                  config       00000
__LcstackBANK0                             cstackBANK0  00000
__LcstackBANK1                             cstackBANK1  00000
__LcstackBANK2                             cstackBANK2  00000
__LcstackBANK4                             cstackBANK4  00000
__LcstackCOMMON                            cstackCOMMON 00000
__LdataBANK2                               dataBANK2    00000
__LdataBANK3                               dataBANK3    00000
__Leeprom_data                             eeprom_data  00000
__Lend_init                                end_init     0005C
__Lfunctab                                 functab      00000
__Lheap                                    heap         00000
__LidataBANK2                              idataBANK2   00000
__LidataBANK3                              idataBANK3   00000
__Lidloc                                   idloc        00000
__Linit                                    init         0005C
__Linittext                                inittext     00000
__Lintentry                                intentry     00004
__Lmaintext                                maintext     00000
__LnvBANK3                                 nvBANK3      00000
__Lpowerup                                 powerup      00000
__Lram                                     ram          00000
__Lreset_vec                               reset_vec    00000
__Lsfr0                                    sfr0         00000
__Lsfr1                                    sfr1         00000
__Lsfr10                                   sfr10        00000
__Lsfr11                                   sfr11        00000
__Lsfr12                                   sfr12        00000
__Lsfr13                                   sfr13        00000
__Lsfr14                                   sfr14        00000
__Lsfr15                                   sfr15        00000
__Lsfr16                                   sfr16        00000
__Lsfr17                                   sfr17        00000
__Lsfr18                                   sfr18        00000
__Lsfr19                                   sfr19        00000
__Lsfr2                                    sfr2         00000
__Lsfr20                                   sfr20        00000
__Lsfr21                                   sfr21        00000
__Lsfr22                                   sfr22        00000
__Lsfr23                                   sfr23        00000
__Lsfr24                                   sfr24        00000
__Lsfr25                                   sfr25        00000
__Lsfr26                                   sfr26        00000
__Lsfr27                                   sfr27        00000
__Lsfr28                                   sfr28        00000
__Lsfr29                                   sfr29        00000
__Lsfr3                                    sfr3         00000
__Lsfr30                                   sfr30        00000
__Lsfr31                                   sfr31        00000
__Lsfr4                                    sfr4         00000
__Lsfr5                                    sfr5         00000
__Lsfr6                                    sfr6         00000
__Lsfr7                                    sfr7         00000
__Lsfr8                                    sfr8         00000
__Lsfr9                                    sfr9         00000
__Lspace_0                                 (abs)        00000
__Lspace_1                                 (abs)        00000
__Lspace_2                                 (abs)        00000
__Lspace_3                                 (abs)        00000
__Lspace_4                                 (abs)        00000
__Lstack                                   stack        00000
__Lstrings                                 strings      00000
__Ltext                                    text         00000
__S0                                       (abs)        02800
__S1                                       (abs)        00259
__S3                                       (abs)        00000
__Umul8_16                                 text7        0242D
__Umul8_16@multiplicand                    cstackBANK1  000A0
__Umul8_16@multiplier                      cstackBANK1  000A8
__Umul8_16@product                         cstackBANK1  000A4
__Umul8_16@word_mpld                       cstackBANK1  000A6
___aldiv                                   text77       01962
___aldiv@counter                           cstackBANK0  00020
___aldiv@dividend                          cstackCOMMON 00074
___aldiv@divisor                           cstackCOMMON 00070
___aldiv@quotient                          cstackBANK0  00022
___aldiv@sign                              cstackBANK0  00021
___awdiv                                   text4        025E4
___awdiv@counter                           cstackBANK1  000A5
___awdiv@dividend                          cstackBANK1  000A2
___awdiv@divisor                           cstackBANK1  000A0
___awdiv@quotient                          cstackBANK1  000A7
___awdiv@sign                              cstackBANK1  000A6
___fladd                                   text15       015F8
___fladd@a                                 cstackBANK1  000B2
___fladd@aexp                              cstackBANK1  000BF
___fladd@b                                 cstackBANK1  000AE
___fladd@bexp                              cstackBANK1  000C0
___fladd@grs                               cstackBANK1  000C1
___fladd@signs                             cstackBANK1  000BE
___fldiv                                   text17       011F0
___fldiv@a                                 cstackBANK2  00120
___fldiv@aexp                              cstackBANK1  000DB
___fldiv@b                                 cstackBANK2  00124
___fldiv@bexp                              cstackBANK1  000DA
___fldiv@grs                               cstackBANK1  000D6
___fldiv@new_exp                           cstackBANK1  000D4
___fldiv@rem                               cstackBANK1  000CF
___fldiv@sign                              cstackBANK1  000D3
___flge                                    text16       018D7
___flge@ff1                                cstackBANK1  000A8
___flge@ff2                                cstackBANK1  000AC
___flmul                                   text6        0053A
___flmul@a                                 cstackBANK2  00124
___flmul@aexp                              cstackBANK1  000D0
___flmul@b                                 cstackBANK2  00120
___flmul@bexp                              cstackBANK1  000D1
___flmul@grs                               cstackBANK1  000D2
___flmul@prod                              cstackBANK1  000D6
___flmul@sign                              cstackBANK1  000CF
___flmul@temp                              cstackBANK1  000DA
___flneg                                   text3        02319
___flneg@f1                                cstackBANK1  000A0
___flsub                                   text14       00802
___flsub@a                                 cstackBANK1  000C2
___flsub@b                                 cstackBANK1  000C6
___fltol                                   text2        0277E
___fltol@exp1                              cstackBANK1  000E1
___fltol@f1                                cstackBANK2  00128
___fltol@sign1                             cstackBANK1  000E0
___heap_hi                                 (abs)        00000
___heap_lo                                 (abs)        00000
___int_sp                                  stack        00000
___latbits                                 (abs)        00003
___sp                                      stack        00000
___stackhi                                 (abs)        00000
___stacklo                                 (abs)        00000
___xxtofl                                  text13       01B32
___xxtofl@arg                              cstackBANK1  000AA
___xxtofl@exp                              cstackBANK1  000A9
___xxtofl@sign                             cstackBANK1  000A8
___xxtofl@val                              cstackBANK1  000A0
__end_of_CCP1_CaptureISR                   text75       02386
__end_of_CCP1_DefaultCallBack              text76       02710
__end_of_CCP1_Initialize                   text41       023F4
__end_of_CCP1_SetCallBack                  text42       022AF
__end_of_I2C2_Initialize                   text40       0233F
__end_of_I2C2_Isr                          text55       0277E
__end_of_I2C2_Open                         text29       0184D
__end_of_I2C2_SlaveAddrCallBack            text72       02332
__end_of_I2C2_SlaveClearIrq                text71       02250
__end_of_I2C2_SlaveDefAddrInterruptHandler text73       0226C
__end_of_I2C2_SlaveDefRdInterruptHandler   text66       02272
__end_of_I2C2_SlaveEnableIrq               text39       02256
__end_of_I2C2_SlaveGetRxData               text74       0224D
__end_of_I2C2_SlaveIsAddr                  text70       02297
__end_of_I2C2_SlaveIsRead                  text69       02266
__end_of_I2C2_SlaveIsRxBufFull             text68       0225D
__end_of_I2C2_SlaveIsTxBufEmpty            text67       0229E
__end_of_I2C2_SlaveOpen                    text38       02350
__end_of_I2C2_SlaveRdCallBack              text58       024A7
__end_of_I2C2_SlaveReleaseClock            text57       02253
__end_of_I2C2_SlaveSetAddrIntHandler       text37       022B8
__end_of_I2C2_SlaveSetBusColIntHandler     text36       022C1
__end_of_I2C2_SlaveSetIsrHandler           text35       022CA
__end_of_I2C2_SlaveSetReadIntHandler       text34       022D3
__end_of_I2C2_SlaveSetSlaveAddr            text33       02278
__end_of_I2C2_SlaveSetSlaveMask            text32       0227E
__end_of_I2C2_SlaveSetWrColIntHandler      text31       022DC
__end_of_I2C2_SlaveSetWriteIntHandler      text30       022E5
__end_of_I2C2_SlaveWrCallBack              text56       023C3
__end_of_INTERRUPT_InterruptManager        intentry     0005C
__end_of_MCP9808_init                      text47       02410
__end_of_MSSP_HostInit                     text28       023AC
__end_of_MSSP_ReadBlock                    text44       026A6
__end_of_MSSP_RegisterSelectAndRead        text49       01A88
__end_of_MSSP_WriteBlock                   text48       02509
__end_of_OSCILLATOR_Initialize             text27       00800
__end_of_PIN_MANAGER_Initialize            text26       025E4
__end_of_PMD_Initialize                    text25       022A6
__end_of_PWM5_Initialize                   text24       02303
__end_of_PWM5_LoadDutyValue                text46       0242D
__end_of_Read_temp_MCP                     text43       022F9
__end_of_SYSTEM_Initialize                 text18       024D4
__end_of_TMR0_Initialize                   text23       0180E
__end_of_TMR0_interrupt                    text53       007F7
__end_of_TMR1_Initialize                   text22       02373
__end_of_TMR2_Initialize                   text20       02319
__end_of_TMR2_StartTimer                   text21       02259
__end_of_VariableIntergralCoefficient      text8        01CEB
__end_of_WDT_Initialize                    text19       02261
__end_of__Umul8_16                         text7        02451
__end_of___aldiv                           text77       019F2
__end_of___awdiv                           text4        02644
__end_of___fladd                           text15       01800
__end_of___fldiv                           text17       013F0
__end_of___flge                            text16       01962
__end_of___flmul                           text6        007AB
__end_of___flneg                           text3        02325
__end_of___flsub                           text14       00822
__end_of___fltol                           text2        02800
__end_of___xxtofl                          text13       01BDD
__end_of__initialization                   cinit        00096
__end_of_cal_temp                          text12       01E56
__end_of_fabsf                             text9        0247A
__end_of_init_pid                          text10       02575
__end_of_main                              maintext     00B7C
__end_of_pos_PIDRegulation                 text5        011F0
__end_of_set_pid_target                    text11       02361
__end_of_startI2CRead                      text45       025AC
__end_of_startI2CWrite                     text50       0253F
__end_of_stopI2C                           text51       02399
__end_of_update_offset_n_offFan_value      text59       01000
__end_of_update_slave_reg                  text1        0053A
__end_ofi1___fladd                         text63       015F8
__end_ofi1___fldiv                         text65       02000
__end_ofi1___flge                          text54       018D7
__end_ofi1___flneg                         text64       0230E
__end_ofi1___flsub                         text62       01022
__end_ofi1___xxtofl                        text61       01B32
__end_ofi1_set_pid_target                  text60       022EF
__initialization                           cinit        0005E
__pbssBANK0                                bssBANK0     00065
__pbssBANK2                                bssBANK2     0013C
__pbssBANK3                                bssBANK3     001A0
__pbssBANK4                                bssBANK4     00220
__pcstackBANK0                             cstackBANK0  00020
__pcstackBANK1                             cstackBANK1  000A0
__pcstackBANK2                             cstackBANK2  00120
__pcstackBANK4                             cstackBANK4  00244
__pcstackCOMMON                            cstackCOMMON 00070
__pdataBANK2                               dataBANK2    00153
__pdataBANK3                               dataBANK3    001E0
__pidataBANK2                              idataBANK2   023C3
__pidataBANK3                              idataBANK3   0228A
__pintentry                                intentry     00004
__pmaintext                                maintext     00822
__pnvBANK3                                 nvBANK3      001E6
__ptext1                                   text1        0009A
__ptext10                                  text10       0253F
__ptext11                                  text11       02350
__ptext12                                  text12       01CEB
__ptext13                                  text13       01B32
__ptext14                                  text14       00802
__ptext15                                  text15       015F8
__ptext16                                  text16       018D7
__ptext17                                  text17       011F0
__ptext18                                  text18       024A7
__ptext19                                  text19       0225D
__ptext2                                   text2        0277E
__ptext20                                  text20       0230E
__ptext21                                  text21       02256
__ptext22                                  text22       02361
__ptext23                                  text23       01800
__ptext24                                  text24       022F9
__ptext25                                  text25       0229E
__ptext26                                  text26       025AC
__ptext27                                  text27       007F7
__ptext28                                  text28       02399
__ptext29                                  text29       0180E
__ptext3                                   text3        02319
__ptext30                                  text30       022DC
__ptext31                                  text31       022D3
__ptext32                                  text32       02278
__ptext33                                  text33       02272
__ptext34                                  text34       022CA
__ptext35                                  text35       022C1
__ptext36                                  text36       022B8
__ptext37                                  text37       022AF
__ptext38                                  text38       0233F
__ptext39                                  text39       02253
__ptext4                                   text4        025E4
__ptext40                                  text40       02332
__ptext41                                  text41       023DA
__ptext42                                  text42       022A6
__ptext43                                  text43       022EF
__ptext44                                  text44       02644
__ptext45                                  text45       02575
__ptext46                                  text46       02410
__ptext47                                  text47       023F4
__ptext48                                  text48       024D4
__ptext49                                  text49       019F2
__ptext5                                   text5        01022
__ptext50                                  text50       02509
__ptext51                                  text51       02386
__ptext53                                  text53       007AB
__ptext54                                  text54       0184D
__ptext55                                  text55       02710
__ptext56                                  text56       023AC
__ptext57                                  text57       02250
__ptext58                                  text58       0247A
__ptext59                                  text59       00B7C
__ptext6                                   text6        0053A
__ptext60                                  text60       022E5
__ptext61                                  text61       01A88
__ptext62                                  text62       01002
__ptext63                                  text63       013F0
__ptext64                                  text64       02303
__ptext65                                  text65       01E56
__ptext66                                  text66       0226C
__ptext67                                  text67       02297
__ptext68                                  text68       02259
__ptext69                                  text69       02261
__ptext7                                   text7        0242D
__ptext70                                  text70       02290
__ptext71                                  text71       0224D
__ptext72                                  text72       02325
__ptext73                                  text73       02266
__ptext74                                  text74       0224A
__ptext75                                  text75       02373
__ptext76                                  text76       026A6
__ptext77                                  text77       01962
__ptext8                                   text8        01BDD
__ptext9                                   text9        02451
_buffer_index                              bssBANK0     00069
_cal_temp                                  text12       01CEB
_cal_temp$2340                             cstackBANK1  000E2
_duty                                      dataBANK2    00163
_fabsf                                     text9        02451
_i2c2RdData                                bssBANK0     00066
_i2c2SlaveAddr                             bssBANK2     0014F
_i2c2SlaveState                            bssBANK0     00065
_i2c2WrData                                bssBANK0     00067
_init_pid                                  text10       0253F
_main                                      maintext     00822
_new_ccp                                   bssBANK0     0006A
_offFan_temp                               bssBANK3     001DA
_offset_temp                               bssBANK3     001D6
_old_ccp                                   bssBANK2     00142
_percent                                   dataBANK2    00166
_pos_PIDRegulation                         text5        01022
_pos_PIDRegulation$2341                    cstackBANK4  0024C
_pos_PIDRegulation$2342                    cstackBANK4  00250
_rxBuf                                     bssBANK3     001C4
_rxBuf_idx                                 bssBANK0     00068
_set_pid_target                            text11       02350
_slave_reg                                 bssBANK3     001A0
_slave_reg_buf                             bssBANK3     001B2
_speed                                     bssBANK2     00140
_startI2CRead                              text45       02575
_startI2CWrite                             text50       02509
_stopI2C                                   text51       02386
_temp_ctrl                                 bssBANK4     00220
_temp_data                                 bssBANK2     00151
_temperature                               bssBANK2     0013C
_time                                      bssBANK2     00150
_timer1ReloadVal                           nvBANK3      001E6
_update_offset_n_offFan_value              text59       00B7C
_update_offset_n_offFan_value$2412         cstackBANK0  0005C
_update_slave_reg                          text1        0009A
_update_slave_reg$2345                     cstackBANK1  000E8
btemp                                      (abs)        0007E
cal_temp@re_temp                           cstackBANK1  000E7
cal_temp@temp                              cstackBANK1  000E6
clear_ram0                                 clrtext      0227E
end_of_initialization                      cinit        00096
fabsf@F465                                 bssBANK3     001D2
fabsf@u                                    cstackBANK1  000A4
fabsf@x                                    cstackBANK1  000A0
i1___fladd                                 text63       013F0
i1___fladd@a                               cstackBANK0  0003E
i1___fladd@aexp                            cstackBANK0  0004B
i1___fladd@b                               cstackBANK0  0003A
i1___fladd@bexp                            cstackBANK0  0004C
i1___fladd@grs                             cstackBANK0  0004D
i1___fladd@signs                           cstackBANK0  0004A
i1___fldiv                                 text65       01E56
i1___fldiv@a                               cstackBANK0  00020
i1___fldiv@aexp                            cstackBANK0  00039
i1___fldiv@b                               cstackBANK0  00024
i1___fldiv@bexp                            cstackBANK0  00038
i1___fldiv@grs                             cstackBANK0  00034
i1___fldiv@new_exp                         cstackBANK0  00032
i1___fldiv@rem                             cstackBANK0  0002D
i1___fldiv@sign                            cstackBANK0  00031
i1___flge                                  text54       0184D
i1___flge@ff1                              cstackCOMMON 00070
i1___flge@ff2                              cstackCOMMON 00074
i1___flneg                                 text64       02303
i1___flneg@f1                              cstackCOMMON 00070
i1___flsub                                 text62       01002
i1___flsub@a                               cstackBANK0  0004E
i1___flsub@b                               cstackBANK0  00052
i1___xxtofl                                text61       01A88
i1___xxtofl@arg                            cstackCOMMON 0007A
i1___xxtofl@exp                            cstackCOMMON 00079
i1___xxtofl@sign                           cstackCOMMON 00078
i1___xxtofl@val                            cstackCOMMON 00070
i1_set_pid_target                          text60       022E5
i1set_pid_target@settemp                   cstackCOMMON 00070
init_ram                                   inittext     02284
int$flags                                  (abs)        0007E
intlevel0                                  functab      00000
intlevel1                                  functab      00000
intlevel2                                  functab      00000
intlevel3                                  functab      00000
intlevel4                                  functab      00000
intlevel5                                  functab      00000
main@temperature_temp                      cstackBANK2  00138
pos_PIDRegulation@factor                   cstackBANK4  00248
pos_PIDRegulation@processValue             cstackBANK4  00244
pos_PIDRegulation@thisError                cstackBANK4  00254
pos_PIDRegulation@vPID                     cstackBANK4  00258
reset_vec                                  reset_vec    00000
set_pid_target@settemp                     cstackBANK1  000A0
start                                      init         0005C
startI2CRead@addr                          cstackBANK1  000A2
startI2CWrite@addr                         cstackBANK1  000A2
start_initialization                       cinit        0005E
update_offset_n_offFan_value@temp          cstackBANK0  00060
update_slave_reg@temp                      cstackBANK1  000E3
update_slave_reg@temp_storage              cstackBANK1  000EE
update_slave_reg@temp_storage1             cstackBANK1  000EC
update_slave_reg@x                         cstackBANK1  000E7
wtemp0                                     (abs)        0007E


MODULE INFORMATION

Module		Function		Class		Link	Load	Size
C:\Program Files\Microchip\xc8\v2.40\pic\sources\c99\common\sprcmul.c
		___flmul       		CODE           	053A	0000	625

C:\Program Files\Microchip\xc8\v2.40\pic\sources\c99\common\sprcmul.c estimated size: 625

mcc_generated_files/ccp1.c
		_CCP1_SetCallBack		CODE           	22A6	0000	9
		_CCP1_CaptureISR		CODE           	2373	0000	19
		_CCP1_DefaultCallBack		CODE           	26A6	0000	106
		_CCP1_Initialize		CODE           	23DA	0000	26

mcc_generated_files/ccp1.c estimated size: 160

C:\Program Files\Microchip\xc8\v2.40\pic\sources\c99\common\sprcdiv.c
		___fldiv       		CODE           	11F0	0000	512

C:\Program Files\Microchip\xc8\v2.40\pic\sources\c99\common\sprcdiv.c estimated size: 512

C:\Program Files\Microchip\xc8\v2.40\pic\sources\c99\common\awdiv.c
		___awdiv       		CODE           	25E4	0000	96

C:\Program Files\Microchip\xc8\v2.40\pic\sources\c99\common\awdiv.c estimated size: 96

C:\Program Files\Microchip\xc8\v2.40\pic\sources\c99\common\fltol.c
		___fltol       		CODE           	277E	0000	130

C:\Program Files\Microchip\xc8\v2.40\pic\sources\c99\common\fltol.c estimated size: 130

C:\Program Files\Microchip\xc8\v2.40\pic\sources\c99\common\aldiv.c
		___aldiv       		CODE           	1962	0000	144

C:\Program Files\Microchip\xc8\v2.40\pic\sources\c99\common\aldiv.c estimated size: 144

mcc_generated_files/tmr2.c
		_TMR2_Initialize		CODE           	230E	0000	11
		_TMR2_StartTimer		CODE           	2256	0000	3

mcc_generated_files/tmr2.c estimated size: 14

mcc_generated_files/interrupt_manager.c
		_INTERRUPT_InterruptManager		CODE           	0004	0000	88

mcc_generated_files/interrupt_manager.c estimated size: 88

mssp1_host.c
		_stopI2C       		CODE           	2386	0000	19
		_startI2CRead  		CODE           	2575	0000	55
		_startI2CWrite 		CODE           	2509	0000	54
		_MSSP_WriteBlock		CODE           	24D4	0000	53
		_MSSP_ReadBlock		CODE           	2644	0000	98
		_MSSP_HostInit 		CODE           	2399	0000	19
		_MSSP_RegisterSelectAndRead		CODE           	19F2	0000	150

mssp1_host.c estimated size: 448

mcc_generated_files/tmr0.c
		_TMR0_interrupt		CODE           	07AB	0000	76
		_TMR0_Initialize		CODE           	1800	0000	14

mcc_generated_files/tmr0.c estimated size: 90

mcc_generated_files/pin_manager.c
		_PIN_MANAGER_Initialize		CODE           	25AC	0000	56

mcc_generated_files/pin_manager.c estimated size: 56

C:\Program Files\Microchip\xc8\v2.40\pic\sources\c99\common\sprcadd.c
		___flsub       		CODE           	0802	0000	32
		___fladd       		CODE           	15F8	0000	520

C:\Program Files\Microchip\xc8\v2.40\pic\sources\c99\common\sprcadd.c estimated size: 552

C:\Program Files\Microchip\xc8\v2.40\pic\sources\c99\common\flneg.c
		___flneg       		CODE           	2319	0000	12

C:\Program Files\Microchip\xc8\v2.40\pic\sources\c99\common\flneg.c estimated size: 12

C:\Program Files\Microchip\xc8\v2.40\pic\sources\c99\common\fabsf.c
		_fabsf         		CODE           	2451	0000	41

C:\Program Files\Microchip\xc8\v2.40\pic\sources\c99\common\fabsf.c estimated size: 41

slave_service.c
		_update_offset_n_offFan_value		CODE           	0B7C	0000	1156
		_update_slave_reg		CODE           	009A	0000	1184

slave_service.c estimated size: 2340

C:\Program Files\Microchip\xc8\v2.40\pic\sources\c99\common\xxtofl.c
		___xxtofl      		CODE           	1B32	0000	171

C:\Program Files\Microchip\xc8\v2.40\pic\sources\c99\common\xxtofl.c estimated size: 171

MCP9808.c
		_MCP9808_init  		CODE           	23F4	0000	28
		_cal_temp      		CODE           	1CEB	0000	363
		_Read_temp_MCP 		CODE           	22EF	0000	10

MCP9808.c estimated size: 401

shared
		i1_set_pid_target		CODE           	22E5	0000	10
		i1___flneg     		CODE           	2303	0000	11
		i1___fladd     		CODE           	13F0	0000	520
		i1___fldiv     		CODE           	1E56	0000	426
		__initialization		CODE           	005E	0000	56
		i1___flge      		CODE           	184D	0000	138
		i1___xxtofl    		CODE           	1A88	0000	170
		i1___flsub     		CODE           	1002	0000	32

shared estimated size: 1363

mcc_generated_files/pwm5.c
		_PWM5_LoadDutyValue		CODE           	2410	0000	29
		_PWM5_Initialize		CODE           	22F9	0000	10

mcc_generated_files/pwm5.c estimated size: 39

mcc_generated_files/mcc.c
		_WDT_Initialize		CODE           	225D	0000	4
		_PMD_Initialize		CODE           	229E	0000	8
		_OSCILLATOR_Initialize		CODE           	07F7	0000	9
		_SYSTEM_Initialize		CODE           	24A7	0000	45

mcc_generated_files/mcc.c estimated size: 66

C:\Program Files\Microchip\xc8\v2.40\pic\sources\c99\common\flge.c
		___flge        		CODE           	18D7	0000	139

C:\Program Files\Microchip\xc8\v2.40\pic\sources\c99\common\flge.c estimated size: 139

mcc_generated_files/i2c2_slave.c
		_I2C2_SlaveSetSlaveMask		CODE           	2278	0000	6
		_I2C2_SlaveSetReadIntHandler		CODE           	22CA	0000	9
		_I2C2_SlaveDefAddrInterruptHandler		CODE           	2266	0000	6
		_I2C2_SlaveSetAddrIntHandler		CODE           	22AF	0000	9
		_I2C2_SlaveIsRead		CODE           	2261	0000	5
		_I2C2_SlaveSetIsrHandler		CODE           	22C1	0000	9
		_I2C2_SlaveIsAddr		CODE           	2290	0000	7
		_I2C2_SlaveEnableIrq		CODE           	2253	0000	3
		_I2C2_SlaveDefRdInterruptHandler		CODE           	226C	0000	6
		_I2C2_SlaveOpen		CODE           	233F	0000	17
		_I2C2_SlaveSetSlaveAddr		CODE           	2272	0000	6
		_I2C2_SlaveRdCallBack		CODE           	247A	0000	45
		_I2C2_SlaveWrCallBack		CODE           	23AC	0000	23
		_I2C2_Isr      		CODE           	2710	0000	110
		_I2C2_Open     		CODE           	180E	0000	63
		_I2C2_SlaveAddrCallBack		CODE           	2325	0000	13
		_I2C2_Initialize		CODE           	2332	0000	13
		_I2C2_SlaveSetWrColIntHandler		CODE           	22D3	0000	9
		_I2C2_SlaveIsTxBufEmpty		CODE           	2297	0000	7
		_I2C2_SlaveIsRxBufFull		CODE           	2259	0000	4
		_I2C2_SlaveClearIrq		CODE           	224D	0000	3
		_I2C2_SlaveGetRxData		CODE           	224A	0000	3
		_I2C2_SlaveSetWriteIntHandler		CODE           	22DC	0000	9
		_I2C2_SlaveSetBusColIntHandler		CODE           	22B8	0000	9
		_I2C2_SlaveReleaseClock		CODE           	2250	0000	3

mcc_generated_files/i2c2_slave.c estimated size: 397

mcc_generated_files/tmr1.c
		_TMR1_Initialize		CODE           	2361	0000	18

mcc_generated_files/tmr1.c estimated size: 18

C:\Program Files\Microchip\xc8\v2.40\pic\sources\c99\common\Umul8_16.c
		__Umul8_16     		CODE           	242D	0000	36

C:\Program Files\Microchip\xc8\v2.40\pic\sources\c99\common\Umul8_16.c estimated size: 36

main.c
		_main          		CODE           	0822	0000	858

main.c estimated size: 858

pid.c
		_set_pid_target		CODE           	2350	0000	17
		_init_pid      		CODE           	253F	0000	54
		_pos_PIDRegulation		CODE           	1022	0000	462
		_VariableIntergralCoefficient		CODE           	1BDD	0000	270

pid.c estimated size: 803

