Microchip MPLAB XC8 Compiler V2.40

Linker command line:

-W-3 \
  --edf=C:/Users/nauma/.mchp_packs/Microchip/PIC16F1xxxx_DFP/1.15.191/xc8\pic\dat\20220719204315_en.msgs \
  -cn -h+dist/default/production\sound_generator_pic16.X.production.sym \
  --cmf=dist/default/production\sound_generator_pic16.X.production.cmf -z \
  -Q16F18126 -oC:\Users\nauma\AppData\Local\Temp\xcAshss.4 \
  --defsym=__MPLAB_BUILD=1 --fixupoverflow=error \
  -Mdist/default/production/sound_generator_pic16.X.production.map \
  --md=C:\Users\nauma\AppData\Local\Temp\xcAshss.dat -E1 -ver=XC8 Compiler \
  --acfsm=1493 -ACODE=00h-07FFhx8 -ASTRCODE=00h-03FFFh -ASTRING=00h-0FFhx64 \
  -ACONST=00h-0FFhx64 -AENTRY=00h-0FFhx64 -ACOMMON=070h-07Fh \
  -ABANK0=020h-06Fh -ABANK1=0A0h-0EFh -ABANK2=0120h-016Fh \
  -ABANK3=01A0h-01EFh -ABANK4=0220h-026Fh -ABANK5=02A0h-02EFh \
  -ABANK6=0320h-036Fh -ABANK7=03A0h-03EFh -ABANK8=0420h-046Fh \
  -ABANK9=04A0h-04EFh -ABANK10=0520h-056Fh -ABANK11=05A0h-05EFh \
  -ABANK12=0620h-066Fh -ABANK13=06A0h-06EFh -ABANK14=0720h-076Fh \
  -ABANK15=07A0h-07EFh -ABANK16=0820h-086Fh -ABANK17=08A0h-08EFh \
  -ABANK18=0920h-096Fh -ABANK19=09A0h-09EFh -ABANK20=0A20h-0A6Fh \
  -ABANK21=0AA0h-0AEFh -ABANK22=0B20h-0B6Fh -ABANK23=0BA0h-0BEFh \
  -ABANK24=0C20h-0C6Fh -ABANK25=0CA0h-0CBFh -ABIGRAM=02000h-027EFh \
  -ARAM=020h-06Fh,0A0h-0EFh,0120h-016Fh,01A0h-01EFh,0220h-026Fh,02A0h-02EFh,0320h-036Fh,03A0h-03EFh,0420h-046Fh,04A0h-04EFh,0520h-056Fh,05A0h-05EFh,0620h-066Fh,06A0h-06EFh,0720h-076Fh,07A0h-07EFh,0820h-086Fh,08A0h-08EFh,0920h-096Fh,09A0h-09EFh,0A20h-0A6Fh,0AA0h-0AEFh,0B20h-0B6Fh,0BA0h-0BEFh,0C20h-0C6Fh,0CA0h-0CBFh \
  -AABS1=020h-07Fh,0A0h-0EFh,0120h-016Fh,01A0h-01EFh,0220h-026Fh,02A0h-02EFh,0320h-036Fh,03A0h-03EFh,0420h-046Fh,04A0h-04EFh,0520h-056Fh,05A0h-05EFh,0620h-066Fh,06A0h-06EFh,0720h-076Fh,07A0h-07EFh,0820h-086Fh,08A0h-08EFh,0920h-096Fh,09A0h-09EFh,0A20h-0A6Fh,0AA0h-0AEFh,0B20h-0B6Fh,0BA0h-0BEFh,0C20h-0C6Fh,0CA0h-0CBFh \
  -ASFR0=00h-01Fh -ASFR1=080h-09Fh -ASFR2=0100h-011Fh -ASFR3=0180h-019Fh \
  -ASFR4=0200h-021Fh -ASFR5=0280h-029Fh -ASFR6=0300h-031Fh \
  -ASFR7=0380h-039Fh -ASFR8=0400h-041Fh -ASFR9=0480h-049Fh \
  -ASFR10=0500h-051Fh -ASFR11=0580h-059Fh -ASFR12=0600h-061Fh \
  -ASFR13=0680h-069Fh -ASFR14=0700h-071Fh -ASFR15=0780h-079Fh \
  -ASFR16=0800h-081Fh -ASFR17=0880h-089Fh -ASFR18=0900h-091Fh \
  -ASFR19=0980h-099Fh -ASFR20=0A00h-0A1Fh -ASFR21=0A80h-0A9Fh \
  -ASFR22=0B00h-0B1Fh -ASFR23=0B80h-0B9Fh -ASFR24=0C00h-0C1Fh \
  -ASFR25=0C80h-0C9Fh -ASFR26=0D00h-0D6Fh -ASFR27=0D80h-0DEFh \
  -ASFR28=0E00h-0E6Fh -ASFR29=0E80h-0EEFh -ASFR30=0F00h-0F6Fh \
  -ASFR31=0F80h-0FEFh -ASFR32=01000h-0106Fh -ASFR33=01080h-010EFh \
  -ASFR34=01100h-0116Fh -ASFR35=01180h-011EFh -ASFR36=01200h-0126Fh \
  -ASFR37=01280h-012EFh -ASFR38=01300h-0136Fh -ASFR39=01380h-013EFh \
  -ASFR40=01400h-0146Fh -ASFR41=01480h-014EFh -ASFR42=01500h-0156Fh \
  -ASFR43=01580h-015EFh -ASFR44=01600h-0166Fh -ASFR45=01680h-016EFh \
  -ASFR46=01700h-0176Fh -ASFR47=01780h-017EFh -ASFR48=01800h-0186Fh \
  -ASFR49=01880h-018EFh -ASFR50=01900h-0196Fh -ASFR51=01980h-019EFh \
  -ASFR52=01A00h-01A6Fh -ASFR53=01A80h-01AEFh -ASFR54=01B00h-01B6Fh \
  -ASFR55=01B80h-01BEFh -ASFR56=01C00h-01C6Fh -ASFR57=01C80h-01CEFh \
  -ASFR58=01D00h-01D6Fh -ASFR59=01D80h-01DEFh -ASFR60=01E00h-01E6Fh \
  -ASFR61=01E80h-01EEFh -ASFR62=01F00h-01F6Fh -ASFR63=01F80h-01FEFh \
  -ACONFIG=08007h-0800Bh -DCONFIG=2 -AIDLOC=08000h-08003h -DIDLOC=2 \
  -AEEDATA=00h-0FFh/0F000h -peeprom_data=EEDATA -DEEDATA=2 -DCODE=2 \
  -DSTRCODE=2 -DSTRING=2 -DCONST=2 -DENTRY=2 \
  -preset_vec=00h,intentry=04h,init,end_init -ppowerup=CODE -pcinit=CODE \
  -pfunctab=ENTRY -k C:\Users\nauma\AppData\Local\Temp\xcAshss.o \
  dist/default/production\sound_generator_pic16.X.production.o 

Object code version is 3.11

Machine type is 16F18126



                Name                               Link     Load   Length Selector   Space Scale
C:\Users\nauma\AppData\Local\Temp\xcAshss.o
                end_init                             17       17        2        8       0
                reset_vec                             0        0        2        0       0
                config                             8007     8007        5        0       4
                idloc                              8000     8000        4        0       5
dist/default/production\sound_generator_pic16.X.production.o
                cinit                                19       19       28        8       0
                intentry                              4        4       13        8       0
                config                             8007     8007        5        0       4
                idloc                              8000     8000        4        0       5
                text71                             2F0D     2F0D       F3     5E1A       0
                text70                             2D53     2D53       DC     5AA6       0
                text69                             285B     285B       17     50B6       0
                text68                             370D     370D        B     6E1A       0
                text67                             36AC     36AC        4     6D58       0
                text66                             3723     3723        C     6E46       0
                text65                             2A8E     2A8E       37     551C       0
                text64                             2949     2949       21     5292       0
                text63                             29FE     29FE       2F     53FC       0
                text62                             2406     2406      11A     480C       0
                text61                             2CA2     2CA2       B1     5944       0
                text60                             28D3     28D3       1C     51A6       0
                text59                             37D9     37D9       13     6FB2       0
                text58                             28B8     28B8       1B     5170       0
                text57                                2        2        1        0       0
                text56                             375F     375F        D     6EBE       0
                text55                             36B9     36B9        6     6D72       0
                text54                             3779     3779        F     6EF2       0
                text53                             36B0     36B0        4     6D60       0
                text52                                3        3        1        6       0
                text51                             37EC     37EC       14     6FD8       0
                text49                             36BF     36BF        6     6D7E       0
                text48                             2807     2807       14     500E       0
                text47                             36B4     36B4        5     6D68       0
                text46                             3718     3718        B     6E30       0
                text45                             36C5     36C5        6     6D8A       0
                text44                             372F     372F        C     6E5E       0
                text43                             373B     373B        C     6E76       0
                text42                             290C     290C       1E     5218       0
                text41                             36CB     36CB        8     6D96       0
                text40                             3703     3703        A     6E06       0
                text39                             36D3     36D3        8     6DA6       0
                text38                             2A5C     2A5C       32     54B8       0
                text37                             36DB     36DB        8     6DB6       0
                text36                             36E3     36E3        8     6DC6       0
                text35                             29AC     29AC       27     5358       0
                text34                             37C7     37C7       12     6F8E       0
                text33                             296A     296A       21     52D4       0
                text32                             36EB     36EB        8     6DD6       0
                text31                             36F3     36F3        8     6DE6       0
                text30                             2B39     2B39       3F     5672       0
                text29                             2872     2872       17     50E4       0
                text28                             376C     376C        D     6ED8       0
                text27                             281B     281B       14     5036       0
                text26                             282F     282F       16     505E       0
                text25                             3788     3788        F     6F10       0
                text24                             3797     3797        F     6F2E       0
                text23                             29D3     29D3       2B     53A6       0
                text22                             2310     2310       F6     4620       0
                text21                             2E2F     2E2F       DE     5C5E       0
                text20                             28A0     28A0       18     5140       0
                text19                             37A6     37A6       10     6F4C       0
                text18                             36FB     36FB        8     6DF6       0
                text17                             3747     3747        C     6E8E       0
                text16                             2AC5     2AC5       38     558A       0
                text15                             298B     298B       21     5316       0
                text14                             2A2D     2A2D       2F     545A       0
                text13                             2520     2520      11F     4A40       0
                text12                             2C00     2C00       A2     5800       0
                text11                             28EF     28EF       1D     51DE       0
                text10                             3753     3753        C     6EA6       0
                text9                              228D     228D       2B     451A       0
                text8                              292A     292A       1F     5254       0
                text7                              2845     2845       16     508A       0
                text6                              2B78     2B78       42     56F0       0
                text5                              37B6     37B6       11     6F6C       0
                text4                              22B8     22B8       58     4570       0
                text3                              2BBA     2BBA       46     5774       0
                text2                              2889     2889       17     5112       0
                text1                              2AFD     2AFD       3C     55FA       0
                maintext                           263F     263F      1C1     4C7E       0
                cstackBANK0                          20       20       47       20       1
                cstackCOMMON                         70       70        E       70       1
                cstackBANK1                          A0       A0       4C       A0       1
                cstackBANK2                         120      120       29      120       1
                clrtext                            2801     2801        6     5002       0
                bssBANK3                            1A0      1A0       20      1A0       1
                dataBANK2                           15F      15F        3      120       1
                bssBANK2                            149      149       16      120       1
                bssBANK0                             67       67        9       20       1
                stringtext22                       3842     3842        4     7000       0
                stringtext21                       383E     383E        4     7000       0
                stringtext20                       3823     3823        F     7000       0
                stringtext19                       3813     3813       10     7000       0
                stringtext18                       3800     3800       13     7000       0
                stringtext17                       31BB     31BB       14     6000       0
                stringtext16                       31A7     31A7       14     6000       0
                stringtext15                       3192     3192       15     6000       0
                stringtext14                       317B     317B       17     6000       0
                stringtext13                       3162     3162       19     6000       0
                stringtext12                       3147     3147       1B     6000       0
                stringtext11                       312C     312C       1B     6000       0
                stringtext10                       310E     310E       1E     6000       0
                stringtext9                        30EF     30EF       1F     6000       0
                stringtext8                        30CE     30CE       21     6000       0
                stringtext7                        30A0     30A0       2E     6000       0
                stringtext6                        303D     303D       33     6000       0
                stringtext5                        3000     3000       3D     6000       0
                nvBANK2                             162      162        2      120       1
                stringtext4                          41       41     2249       82       0
                stringtext3                        3846     3846        1     7000       0
                stringtext2                        3832     3832        C     7000       0
                stringtext1                        3070     3070       30     6000       0
                idataBANK2                         228A     228A        3     4514       0

TOTAL           Name                               Link     Load   Length     Space
        CLASS   CODE           
                end_init                             17       17        2         0
                cinit                                19       19       28         0
                intentry                              4        4       13         0
                reset_vec                             0        0        2         0
                text71                             2F0D     2F0D       F3         0
                text70                             2D53     2D53       DC         0
                text69                             285B     285B       17         0
                text68                             370D     370D        B         0
                text67                             36AC     36AC        4         0
                text66                             3723     3723        C         0
                text65                             2A8E     2A8E       37         0
                text64                             2949     2949       21         0
                text63                             29FE     29FE       2F         0
                text62                             2406     2406      11A         0
                text61                             2CA2     2CA2       B1         0
                text60                             28D3     28D3       1C         0
                text59                             37D9     37D9       13         0
                text58                             28B8     28B8       1B         0
                text57                                2        2        1         0
                text56                             375F     375F        D         0
                text55                             36B9     36B9        6         0
                text54                             3779     3779        F         0
                text53                             36B0     36B0        4         0
                text52                                3        3        1         0
                text51                             37EC     37EC       14         0
                text49                             36BF     36BF        6         0
                text48                             2807     2807       14         0
                text47                             36B4     36B4        5         0
                text46                             3718     3718        B         0
                text45                             36C5     36C5        6         0
                text44                             372F     372F        C         0
                text43                             373B     373B        C         0
                text42                             290C     290C       1E         0
                text41                             36CB     36CB        8         0
                text40                             3703     3703        A         0
                text39                             36D3     36D3        8         0
                text38                             2A5C     2A5C       32         0
                text37                             36DB     36DB        8         0
                text36                             36E3     36E3        8         0
                text35                             29AC     29AC       27         0
                text34                             37C7     37C7       12         0
                text33                             296A     296A       21         0
                text32                             36EB     36EB        8         0
                text31                             36F3     36F3        8         0
                text30                             2B39     2B39       3F         0
                text29                             2872     2872       17         0
                text28                             376C     376C        D         0
                text27                             281B     281B       14         0
                text26                             282F     282F       16         0
                text25                             3788     3788        F         0
                text24                             3797     3797        F         0
                text23                             29D3     29D3       2B         0
                text22                             2310     2310       F6         0
                text21                             2E2F     2E2F       DE         0
                text20                             28A0     28A0       18         0
                text19                             37A6     37A6       10         0
                text18                             36FB     36FB        8         0
                text17                             3747     3747        C         0
                text16                             2AC5     2AC5       38         0
                text15                             298B     298B       21         0
                text14                             2A2D     2A2D       2F         0
                text13                             2520     2520      11F         0
                text12                             2C00     2C00       A2         0
                text11                             28EF     28EF       1D         0
                text10                             3753     3753        C         0
                text9                              228D     228D       2B         0
                text8                              292A     292A       1F         0
                text7                              2845     2845       16         0
                text6                              2B78     2B78       42         0
                text5                              37B6     37B6       11         0
                text4                              22B8     22B8       58         0
                text3                              2BBA     2BBA       46         0
                text2                              2889     2889       17         0
                text1                              2AFD     2AFD       3C         0
                maintext                           263F     263F      1C1         0
                clrtext                            2801     2801        6         0
                idataBANK2                         228A     228A        3         0

        CLASS   STRCODE        
                stringtext22                       3842     3842        4         0
                stringtext21                       383E     383E        4         0
                stringtext20                       3823     3823        F         0
                stringtext19                       3813     3813       10         0
                stringtext18                       3800     3800       13         0
                stringtext17                       31BB     31BB       14         0
                stringtext16                       31A7     31A7       14         0
                stringtext15                       3192     3192       15         0
                stringtext14                       317B     317B       17         0
                stringtext13                       3162     3162       19         0
                stringtext12                       3147     3147       1B         0
                stringtext11                       312C     312C       1B         0
                stringtext10                       310E     310E       1E         0
                stringtext9                        30EF     30EF       1F         0
                stringtext8                        30CE     30CE       21         0
                stringtext7                        30A0     30A0       2E         0
                stringtext6                        303D     303D       33         0
                stringtext5                        3000     3000       3D         0
                stringtext4                          41       41     2249         0
                stringtext3                        3846     3846        1         0
                stringtext2                        3832     3832        C         0
                stringtext1                        3070     3070       30         0

        CLASS   STRING         

        CLASS   CONST          

        CLASS   ENTRY          

        CLASS   COMMON         
                cstackCOMMON                         70       70        E         1

        CLASS   BANK0          
                cstackBANK0                          20       20       47         1
                bssBANK0                             67       67        9         1

        CLASS   BANK1          
                cstackBANK1                          A0       A0       4C         1

        CLASS   BANK2          
                cstackBANK2                         120      120       29         1
                dataBANK2                           15F      15F        3         1
                bssBANK2                            149      149       16         1
                nvBANK2                             162      162        2         1

        CLASS   BANK3          
                bssBANK3                            1A0      1A0       20         1

        CLASS   BANK4          

        CLASS   BANK5          

        CLASS   BANK6          

        CLASS   BANK7          

        CLASS   BANK8          

        CLASS   BANK9          

        CLASS   BANK10         

        CLASS   BANK11         

        CLASS   BANK12         

        CLASS   BANK13         

        CLASS   BANK14         

        CLASS   BANK15         

        CLASS   BANK16         

        CLASS   BANK17         

        CLASS   BANK18         

        CLASS   BANK19         

        CLASS   BANK20         

        CLASS   BANK21         

        CLASS   BANK22         

        CLASS   BANK23         

        CLASS   BANK24         

        CLASS   BANK25         

        CLASS   BIGRAM         

        CLASS   RAM            

        CLASS   ABS1           
                abs_s1                               7E       7E        2         1

        CLASS   SFR0           

        CLASS   SFR1           

        CLASS   SFR2           

        CLASS   SFR3           

        CLASS   SFR4           

        CLASS   SFR5           

        CLASS   SFR6           

        CLASS   SFR7           

        CLASS   SFR8           

        CLASS   SFR9           

        CLASS   SFR10          

        CLASS   SFR11          

        CLASS   SFR12          

        CLASS   SFR13          

        CLASS   SFR14          

        CLASS   SFR15          

        CLASS   SFR16          

        CLASS   SFR17          

        CLASS   SFR18          

        CLASS   SFR19          

        CLASS   SFR20          

        CLASS   SFR21          

        CLASS   SFR22          

        CLASS   SFR23          

        CLASS   SFR24          

        CLASS   SFR25          

        CLASS   SFR26          

        CLASS   SFR27          

        CLASS   SFR28          

        CLASS   SFR29          

        CLASS   SFR30          

        CLASS   SFR31          

        CLASS   SFR32          

        CLASS   SFR33          

        CLASS   SFR34          

        CLASS   SFR35          

        CLASS   SFR36          

        CLASS   SFR37          

        CLASS   SFR38          

        CLASS   SFR39          

        CLASS   SFR40          

        CLASS   SFR41          

        CLASS   SFR42          

        CLASS   SFR43          

        CLASS   SFR44          

        CLASS   SFR45          

        CLASS   SFR46          

        CLASS   SFR47          

        CLASS   SFR48          

        CLASS   SFR49          

        CLASS   SFR50          

        CLASS   SFR51          

        CLASS   SFR52          

        CLASS   SFR53          

        CLASS   SFR54          

        CLASS   SFR55          

        CLASS   SFR56          

        CLASS   SFR57          

        CLASS   SFR58          

        CLASS   SFR59          

        CLASS   SFR60          

        CLASS   SFR61          

        CLASS   SFR62          

        CLASS   SFR63          

        CLASS   CONFIG         
                config                             8007     8007        5         4

        CLASS   IDLOC          
                idloc                              8000     8000        4         5

        CLASS   EEDATA         

        CLASS   BANK63         

        CLASS   BANK62         

        CLASS   BANK61         

        CLASS   BANK60         

        CLASS   BANK59         

        CLASS   BANK58         

        CLASS   BANK57         

        CLASS   BANK56         

        CLASS   BANK55         

        CLASS   BANK54         

        CLASS   BANK53         

        CLASS   BANK52         

        CLASS   BANK51         

        CLASS   BANK50         

        CLASS   BANK49         

        CLASS   BANK48         

        CLASS   BANK47         

        CLASS   BANK46         

        CLASS   BANK45         

        CLASS   BANK44         

        CLASS   BANK43         

        CLASS   BANK42         

        CLASS   BANK41         

        CLASS   BANK40         

        CLASS   BANK39         

        CLASS   BANK38         

        CLASS   BANK37         

        CLASS   BANK36         

        CLASS   BANK35         

        CLASS   BANK34         

        CLASS   BANK33         

        CLASS   BANK32         

        CLASS   BANK31         

        CLASS   BANK30         

        CLASS   BANK29         

        CLASS   BANK28         

        CLASS   BANK27         

        CLASS   BANK26         

        CLASS   HEAP           

        CLASS   STACK          



SEGMENTS        Name                           Load    Length   Top    Selector   Space  Class     Delta

                reset_vec                      000000  000003  000003         0       0  CODE        2
                text52                         000003  000001  000004         6       0  CODE        2
                intentry                       000004  00003D  000041         8       0  CODE        2
                cstackBANK0                    000020  000050  000070        20       1  BANK0       1
                cstackCOMMON                   000070  00000E  00007E        70       1  COMMON      1
                stringtext4                    000041  002249  00228A        82       0  STRCODE     2
                cstackBANK1                    0000A0  00004C  0000EC        A0       1  BANK1       1
                cstackBANK2                    000120  000044  000164       120       1  BANK2       1
                bssBANK3                       0001A0  000020  0001C0       1A0       1  BANK3       1
                idataBANK2                     00228A  000003  00228D      4514       0  CODE        2
                text9                          00228D  00002B  0022B8      451A       0  CODE        2
                text4                          0022B8  000058  002310      4570       0  CODE        2
                text22                         002310  0000F6  002406      4620       0  CODE        2
                text62                         002406  00011A  002520      480C       0  CODE        2
                text13                         002520  00011F  00263F      4A40       0  CODE        2
                maintext                       00263F  0001C1  002800      4C7E       0  CODE        2
                clrtext                        002801  000006  002807      5002       0  CODE        2
                text48                         002807  000014  00281B      500E       0  CODE        2
                text27                         00281B  000014  00282F      5036       0  CODE        2
                text26                         00282F  000016  002845      505E       0  CODE        2
                text7                          002845  000016  00285B      508A       0  CODE        2
                text69                         00285B  000017  002872      50B6       0  CODE        2
                text29                         002872  000017  002889      50E4       0  CODE        2
                text2                          002889  000017  0028A0      5112       0  CODE        2
                text20                         0028A0  000018  0028B8      5140       0  CODE        2
                text58                         0028B8  00001B  0028D3      5170       0  CODE        2
                text60                         0028D3  00001C  0028EF      51A6       0  CODE        2
                text11                         0028EF  00001D  00290C      51DE       0  CODE        2
                text42                         00290C  00001E  00292A      5218       0  CODE        2
                text8                          00292A  00001F  002949      5254       0  CODE        2
                text64                         002949  000021  00296A      5292       0  CODE        2
                text33                         00296A  000021  00298B      52D4       0  CODE        2
                text15                         00298B  000021  0029AC      5316       0  CODE        2
                text35                         0029AC  000027  0029D3      5358       0  CODE        2
                text23                         0029D3  00002B  0029FE      53A6       0  CODE        2
                text63                         0029FE  00002F  002A2D      53FC       0  CODE        2
                text14                         002A2D  00002F  002A5C      545A       0  CODE        2
                text38                         002A5C  000032  002A8E      54B8       0  CODE        2
                text65                         002A8E  000037  002AC5      551C       0  CODE        2
                text16                         002AC5  000038  002AFD      558A       0  CODE        2
                text1                          002AFD  00003C  002B39      55FA       0  CODE        2
                text30                         002B39  00003F  002B78      5672       0  CODE        2
                text6                          002B78  000042  002BBA      56F0       0  CODE        2
                text3                          002BBA  000046  002C00      5774       0  CODE        2
                text12                         002C00  0000A2  002CA2      5800       0  CODE        2
                text61                         002CA2  0000B1  002D53      5944       0  CODE        2
                text70                         002D53  0000DC  002E2F      5AA6       0  CODE        2
                text21                         002E2F  0000DE  002F0D      5C5E       0  CODE        2
                text71                         002F0D  0000F3  003000      5E1A       0  CODE        2
                stringtext5                    003000  0001CF  0031CF      6000       0  STRCODE     2
                text67                         0036AC  000004  0036B0      6D58       0  CODE        2
                text53                         0036B0  000004  0036B4      6D60       0  CODE        2
                text47                         0036B4  000005  0036B9      6D68       0  CODE        2
                text55                         0036B9  000006  0036BF      6D72       0  CODE        2
                text49                         0036BF  000006  0036C5      6D7E       0  CODE        2
                text45                         0036C5  000006  0036CB      6D8A       0  CODE        2
                text41                         0036CB  000008  0036D3      6D96       0  CODE        2
                text39                         0036D3  000008  0036DB      6DA6       0  CODE        2
                text37                         0036DB  000008  0036E3      6DB6       0  CODE        2
                text36                         0036E3  000008  0036EB      6DC6       0  CODE        2
                text32                         0036EB  000008  0036F3      6DD6       0  CODE        2
                text31                         0036F3  000008  0036FB      6DE6       0  CODE        2
                text18                         0036FB  000008  003703      6DF6       0  CODE        2
                text40                         003703  00000A  00370D      6E06       0  CODE        2
                text68                         00370D  00000B  003718      6E1A       0  CODE        2
                text46                         003718  00000B  003723      6E30       0  CODE        2
                text66                         003723  00000C  00372F      6E46       0  CODE        2
                text44                         00372F  00000C  00373B      6E5E       0  CODE        2
                text43                         00373B  00000C  003747      6E76       0  CODE        2
                text17                         003747  00000C  003753      6E8E       0  CODE        2
                text10                         003753  00000C  00375F      6EA6       0  CODE        2
                text56                         00375F  00000D  00376C      6EBE       0  CODE        2
                text28                         00376C  00000D  003779      6ED8       0  CODE        2
                text54                         003779  00000F  003788      6EF2       0  CODE        2
                text25                         003788  00000F  003797      6F10       0  CODE        2
                text24                         003797  00000F  0037A6      6F2E       0  CODE        2
                text19                         0037A6  000010  0037B6      6F4C       0  CODE        2
                text5                          0037B6  000011  0037C7      6F6C       0  CODE        2
                text34                         0037C7  000012  0037D9      6F8E       0  CODE        2
                text59                         0037D9  000013  0037EC      6FB2       0  CODE        2
                text51                         0037EC  000014  003800      6FD8       0  CODE        2
                stringtext18                   003800  000047  003847      7000       0  STRCODE     2


UNUSED ADDRESS RANGES

        Name                Unused          Largest block    Delta
        BANK1            000EC-000EF               4           1
        BANK10           00520-0056F              50           1
        BANK11           005A0-005EF              50           1
        BANK12           00620-0066F              50           1
        BANK13           006A0-006EF              50           1
        BANK14           00720-0076F              50           1
        BANK15           007A0-007EF              50           1
        BANK16           00820-0086F              50           1
        BANK17           008A0-008EF              50           1
        BANK18           00920-0096F              50           1
        BANK19           009A0-009EF              50           1
        BANK2            00164-0016F               C           1
        BANK20           00A20-00A6F              50           1
        BANK21           00AA0-00AEF              50           1
        BANK22           00B20-00B6F              50           1
        BANK23           00BA0-00BEF              50           1
        BANK24           00C20-00C6F              50           1
        BANK25           00CA0-00CBF              20           1
        BANK3            001C0-001EF              30           1
        BANK4            00220-0026F              50           1
        BANK5            002A0-002EF              50           1
        BANK6            00320-0036F              50           1
        BANK7            003A0-003EF              50           1
        BANK8            00420-0046F              50           1
        BANK9            004A0-004EF              50           1
        BIGRAM           02000-027EF             7F0           1
        CODE             02800-02800               1           2
                         031CF-036AB             4DD
                         03847-03FFF             7B9
        CONST            02800-02800               1           2
                         031CF-036AB             100
                         03847-03FFF             100
        EEDATA           0F000-0F0FF             100           2
        ENTRY            02800-02800               1           2
                         031CF-036AB             100
                         03847-03FFF             100
        RAM              000EC-000EF               4           1
                         00164-0016F               C
                         001C0-001EF              30
                         00220-0026F              50
                         002A0-002EF              50
                         00320-0036F              50
                         003A0-003EF              50
                         00420-0046F              50
                         004A0-004EF              50
                         00520-0056F              50
                         005A0-005EF              50
                         00620-0066F              50
                         006A0-006EF              50
                         00720-0076F              50
                         007A0-007EF              50
                         00820-0086F              50
                         008A0-008EF              50
                         00920-0096F              50
                         009A0-009EF              50
                         00A20-00A6F              50
                         00AA0-00AEF              50
                         00B20-00B6F              50
                         00BA0-00BEF              50
                         00C20-00C6F              50
                         00CA0-00CBF              20
        SFR0             00000-0001F              20           1
        SFR1             00080-0009F              20           1
        SFR10            00500-0051F              20           1
        SFR11            00580-0059F              20           1
        SFR12            00600-0061F              20           1
        SFR13            00680-0069F              20           1
        SFR14            00700-0071F              20           1
        SFR15            00780-0079F              20           1
        SFR16            00800-0081F              20           1
        SFR17            00880-0089F              20           1
        SFR18            00900-0091F              20           1
        SFR19            00980-0099F              20           1
        SFR2             00100-0011F              20           1
        SFR20            00A00-00A1F              20           1
        SFR21            00A80-00A9F              20           1
        SFR22            00B00-00B1F              20           1
        SFR23            00B80-00B9F              20           1
        SFR24            00C00-00C1F              20           1
        SFR25            00C80-00C9F              20           1
        SFR26            00D00-00D6F              70           1
        SFR27            00D80-00DEF              70           1
        SFR28            00E00-00E6F              70           1
        SFR29            00E80-00EEF              70           1
        SFR3             00180-0019F              20           1
        SFR30            00F00-00F6F              70           1
        SFR31            00F80-00FEF              70           1
        SFR32            01000-0106F              70           1
        SFR33            01080-010EF              70           1
        SFR34            01100-0116F              70           1
        SFR35            01180-011EF              70           1
        SFR36            01200-0126F              70           1
        SFR37            01280-012EF              70           1
        SFR38            01300-0136F              70           1
        SFR39            01380-013EF              70           1
        SFR4             00200-0021F              20           1
        SFR40            01400-0146F              70           1
        SFR41            01480-014EF              70           1
        SFR42            01500-0156F              70           1
        SFR43            01580-015EF              70           1
        SFR44            01600-0166F              70           1
        SFR45            01680-016EF              70           1
        SFR46            01700-0176F              70           1
        SFR47            01780-017EF              70           1
        SFR48            01800-0186F              70           1
        SFR49            01880-018EF              70           1
        SFR5             00280-0029F              20           1
        SFR50            01900-0196F              70           1
        SFR51            01980-019EF              70           1
        SFR52            01A00-01A6F              70           1
        SFR53            01A80-01AEF              70           1
        SFR54            01B00-01B6F              70           1
        SFR55            01B80-01BEF              70           1
        SFR56            01C00-01C6F              70           1
        SFR57            01C80-01CEF              70           1
        SFR58            01D00-01D6F              70           1
        SFR59            01D80-01DEF              70           1
        SFR6             00300-0031F              20           1
        SFR60            01E00-01E6F              70           1
        SFR61            01E80-01EEF              70           1
        SFR62            01F00-01F6F              70           1
        SFR63            01F80-01FEF              70           1
        SFR7             00380-0039F              20           1
        SFR8             00400-0041F              20           1
        SFR9             00480-0049F              20           1
        STRCODE          02800-02800               1           2
                         031CF-036AB             4DD
                         03847-03FFF             7B9
        STRING           02800-02800               1           2
                         031CF-036AB             100
                         03847-03FFF             100

                                  Symbol Table

?_I2C_Multi_Read                                     cstackBANK1  000AD
?_I2C_Multi_Write                                    cstackBANK1  000AD
?___aodiv                                            cstackBANK1  000A4
?___aomod                                            cstackBANK1  000A4
?_abs                                                cstackBANK1  000B7
?_mpu_get_acceleration                               cstackBANK1  000B9
?_printf                                             cstackBANK2  00126
?_vfprintf                                           cstackBANK2  00120
?i1___aodiv                                          cstackBANK0  00020
?i1___aomod                                          cstackBANK0  00020
?i1_abs                                              cstackCOMMON 00073
?i1_printf                                           cstackBANK1  000A0
?i1_vfprintf                                         cstackBANK0  0005E
DAC1_SetOutput@inputData                             cstackBANK1  000A4
DELAY_microseconds@microseconds                      cstackBANK1  000A4
DELAY_milliseconds@milliseconds                      cstackBANK1  000A4
EUSART1_FramingErrorCallbackRegister@callbackHandler cstackBANK1  000A4
EUSART1_OverrunErrorCallbackRegister@callbackHandler cstackBANK1  000A4
EUSART1_Write@txData                                 cstackBANK1  000A4
I2C_Multi_Read@count                                 cstackBANK1  000B1
I2C_Multi_Read@len                                   cstackBANK1  000AE
I2C_Multi_Read@ptr                                   cstackBANK1  000AD
I2C_Multi_Read@slave_address                         cstackBANK1  000B3
I2C_Multi_Write@count                                cstackBANK1  000B1
I2C_Multi_Write@i                                    cstackBANK1  000B3
I2C_Multi_Write@len                                  cstackBANK1  000AE
I2C_Multi_Write@ptr                                  cstackBANK1  000AD
I2C_Multi_Write@resp                                 cstackBANK1  000B6
I2C_Multi_Write@slave_address                        cstackBANK1  000B5
I2C_Receive_Byte@i                                   cstackBANK1  000A7
I2C_Receive_Byte@received_byte                       cstackBANK1  000A9
I2C_Send_ACK@ack                                     cstackBANK1  000A6
I2C_Single_Read@data                                 cstackBANK2  0012D
I2C_Single_Read@slave_address                        cstackBANK2  0012E
I2C_Single_Write@data                                cstackBANK1  000AD
I2C_Single_Write@resp                                cstackBANK1  000AF
I2C_Single_Write@slave_address                       cstackBANK1  000AE
I2C_Transmit_Byte@check                              cstackBANK1  000A8
I2C_Transmit_Byte@data                               cstackBANK1  000AB
I2C_Transmit_Byte@i                                  cstackBANK1  000A9
I2C_Transmit_Byte@mask                               cstackBANK1  000AC
I2C_Transmit_Byte@resp                               cstackBANK1  000A7
INT_SetInterruptHandler@InterruptHandler             cstackBANK1  000A4
SW_SetInterruptHandler@InterruptHandler              cstackBANK1  000A4
TMR1_GateCallbackRegister@CallbackHandler            cstackBANK1  000A4
TMR1_OverflowCallbackRegister@CallbackHandler        cstackBANK1  000A4
TMR1_Write@timerVal                                  cstackCOMMON 00070
_ACTCON                                              (abs)        00294
_ANSELA                                              (abs)        01E8C
_ANSELC                                              (abs)        01EA0
_BAUD1CON                                            (abs)        00712
_BAUD1CONbits                                        (abs)        00712
_CLOCK_Initialize                                    text46       03718
_DAC1CON                                             (abs)        0088C
_DAC1DATL                                            (abs)        0088D
_DAC1_Initialize                                     text45       036C5
_DAC1_SetOutput                                      text49       036BF
_DELAY_microseconds                                  text33       0296A
_DELAY_milliseconds                                  text48       02807
_EUSART1_AutoBaudQuery                               (abs)        00000
_EUSART1_AutoBaudSet                                 (abs)        00000
_EUSART1_DefaultFramingErrorCallback                 (abs)        00000
_EUSART1_DefaultOverrunErrorCallback                 (abs)        00000
_EUSART1_Deinitialize                                (abs)        00000
_EUSART1_ErrorGet                                    (abs)        00000
_EUSART1_FramingErrorCallbackRegister                text44       0372F
_EUSART1_FramingErrorHandler                         bssBANK2     0014F
_EUSART1_Initialize                                  text42       0290C
_EUSART1_IsRxReady                                   (abs)        00000
_EUSART1_IsTxDone                                    (abs)        00000
_EUSART1_IsTxReady                                   text19       037A6
_EUSART1_IsTxReady$923                               cstackBANK1  000A4
_EUSART1_IsTxReady$intlevel0                         text19       037AA
_EUSART1_OverrunErrorCallbackRegister                text43       0373B
_EUSART1_OverrunErrorHandler                         bssBANK2     0014D
_EUSART1_Read                                        (abs)        00000
_EUSART1_TransmitDisable                             (abs)        00000
_EUSART1_TransmitEnable                              (abs)        00000
_EUSART1_Write                                       text18       036FB
_EUSART1_Write$intlevel0                             text18       036FF
_I2C_Check_ACK                                       text26       0282F
_I2C_Delay                                           text32       036EB
_I2C_Delay2                                          text31       036F3
_I2C_Init                                            text47       036B4
_I2C_Multi_Read                                      text3        02BBA
_I2C_Multi_Write                                     text6        02B78
_I2C_Receive_Byte                                    text30       02B39
_I2C_Send_ACK                                        text29       02872
_I2C_Single_Read                                     text9        0228D
_I2C_Single_Write                                    text8        0292A
_I2C_Start                                           text28       0376C
_I2C_Stop                                            text27       0281B
_I2C_Transmit_Byte                                   text23       029D3
_INLVLA                                              (abs)        01E90
_INLVLC                                              (abs)        01EA4
_INTCONbits                                          (abs)        0000B
_INTERRUPT_Initialize                                text40       03703
_INTERRUPT_InterruptManager                          intentry     00004
_INT_DefaultInterruptHandler                         (abs)        00000
_INT_InterruptHandler                                bssBANK2     00157
_INT_SetInterruptHandler                             text41       036CB
_IOCAF                                               (abs)        01E93
_IOCAFbits                                           (abs)        01E93
_IOCAN                                               (abs)        01E92
_IOCAP                                               (abs)        01E91
_IOCCF                                               (abs)        01EA7
_IOCCN                                               (abs)        01EA6
_IOCCP                                               (abs)        01EA5
_LATA                                                (abs)        00018
_LATC                                                (abs)        0001A
_LATCbits                                            (abs)        0001A
_ODCONA                                              (abs)        01E8E
_ODCONC                                              (abs)        01EA2
_OSCCON1                                             (abs)        0028D
_OSCCON3                                             (abs)        0028F
_OSCEN                                               (abs)        00291
_OSCFRQ                                              (abs)        00293
_OSCTUNE                                             (abs)        00292
_PIE0bits                                            (abs)        00096
_PIE1bits                                            (abs)        00097
_PIN_MANAGER_IOC                                     text55       036B9
_PIN_MANAGER_Initialize                              text38       02A5C
_PIR0bits                                            (abs)        0008C
_PIR1bits                                            (abs)        0008D
_PIR4bits                                            (abs)        00090
_PORTAbits                                           (abs)        0000C
_PORTCbits                                           (abs)        0000E
_RC1REG                                              (abs)        0070C
_RC1STA                                              (abs)        00710
_RC1STAbits                                          (abs)        00710
_RC4PPS                                              (abs)        01DA0
_RX1PPS                                              (abs)        01E42
_SLRCONA                                             (abs)        01E8F
_SLRCONC                                             (abs)        01EA3
_SP1BRGH                                             (abs)        0070F
_SP1BRGL                                             (abs)        0070E
_SW_DefaultInterruptHandler                          text57       00002
_SW_ISR                                              text56       0375F
_SW_InterruptHandler                                 nvBANK2      00162
_SW_SetInterruptHandler                              text39       036D3
_SYSTEM_Initialize                                   text34       037C7
_T1CLK                                               (abs)        00311
_T1CON                                               (abs)        0030E
_T1CONbits                                           (abs)        0030E
_T1GATE                                              (abs)        00310
_T1GCON                                              (abs)        0030F
_TMR1H                                               (abs)        0030D
_TMR1L                                               (abs)        0030C
_TMR1_DefaultGateCallback                            (abs)        00000
_TMR1_DefaultOverflowCallback                        text52       00003
_TMR1_GateCallback                                   bssBANK2     00153
_TMR1_GateCallbackRegister                           text37       036DB
_TMR1_Initialize                                     text35       029AC
_TMR1_OverflowCallback                               bssBANK0     00069
_TMR1_OverflowCallbackRegister                       text36       036E3
_TMR1_OverflowISR                                    text51       037EC
_TMR1_PeriodCountSet                                 (abs)        00000
_TMR1_Start                                          (abs)        00000
_TMR1_Stop                                           (abs)        00000
_TMR1_Write                                          text54       03779
_TRISA                                               (abs)        00012
_TRISC                                               (abs)        00014
_TRISCbits                                           (abs)        00014
_TX1REG                                              (abs)        0070D
_TX1STA                                              (abs)        00711
_TX1STAbits                                          (abs)        00711
_WPUA                                                (abs)        01E8D
_WPUC                                                (abs)        01EA1
__Habs1                                              abs1         00000
__Hbank0                                             bank0        00000
__Hbank1                                             bank1        00000
__Hbank10                                            bank10       00000
__Hbank11                                            bank11       00000
__Hbank12                                            bank12       00000
__Hbank13                                            bank13       00000
__Hbank14                                            bank14       00000
__Hbank15                                            bank15       00000
__Hbank16                                            bank16       00000
__Hbank17                                            bank17       00000
__Hbank18                                            bank18       00000
__Hbank19                                            bank19       00000
__Hbank2                                             bank2        00000
__Hbank20                                            bank20       00000
__Hbank21                                            bank21       00000
__Hbank22                                            bank22       00000
__Hbank23                                            bank23       00000
__Hbank24                                            bank24       00000
__Hbank25                                            bank25       00000
__Hbank26                                            bank26       00000
__Hbank27                                            bank27       00000
__Hbank28                                            bank28       00000
__Hbank29                                            bank29       00000
__Hbank3                                             bank3        00000
__Hbank30                                            bank30       00000
__Hbank31                                            bank31       00000
__Hbank32                                            bank32       00000
__Hbank33                                            bank33       00000
__Hbank34                                            bank34       00000
__Hbank35                                            bank35       00000
__Hbank36                                            bank36       00000
__Hbank37                                            bank37       00000
__Hbank38                                            bank38       00000
__Hbank39                                            bank39       00000
__Hbank4                                             bank4        00000
__Hbank40                                            bank40       00000
__Hbank41                                            bank41       00000
__Hbank42                                            bank42       00000
__Hbank43                                            bank43       00000
__Hbank44                                            bank44       00000
__Hbank45                                            bank45       00000
__Hbank46                                            bank46       00000
__Hbank47                                            bank47       00000
__Hbank48                                            bank48       00000
__Hbank49                                            bank49       00000
__Hbank5                                             bank5        00000
__Hbank50                                            bank50       00000
__Hbank51                                            bank51       00000
__Hbank52                                            bank52       00000
__Hbank53                                            bank53       00000
__Hbank54                                            bank54       00000
__Hbank55                                            bank55       00000
__Hbank56                                            bank56       00000
__Hbank57                                            bank57       00000
__Hbank58                                            bank58       00000
__Hbank59                                            bank59       00000
__Hbank6                                             bank6        00000
__Hbank60                                            bank60       00000
__Hbank61                                            bank61       00000
__Hbank62                                            bank62       00000
__Hbank63                                            bank63       00000
__Hbank7                                             bank7        00000
__Hbank8                                             bank8        00000
__Hbank9                                             bank9        00000
__Hbigram                                            bigram       00000
__HbssBANK0                                          bssBANK0     00000
__HbssBANK2                                          bssBANK2     00000
__HbssBANK3                                          bssBANK3     00000
__Hcinit                                             cinit        00041
__Hclrtext                                           clrtext      00000
__Hcode                                              code         00000
__Hcommon                                            common       00000
__Hconfig                                            config       0800C
__HcstackBANK0                                       cstackBANK0  00000
__HcstackBANK1                                       cstackBANK1  00000
__HcstackBANK2                                       cstackBANK2  00000
__HcstackCOMMON                                      cstackCOMMON 00000
__HdataBANK2                                         dataBANK2    00000
__Heeprom_data                                       eeprom_data  00000
__Hend_init                                          end_init     00019
__Hfunctab                                           functab      00000
__Hheap                                              heap         00000
__HidataBANK2                                        idataBANK2   00000
__Hidloc                                             idloc        08004
__Hinit                                              init         00017
__Hintentry                                          intentry     00017
__Hmaintext                                          maintext     00000
__HnvBANK2                                           nvBANK2      00000
__Hpowerup                                           powerup      00000
__Hram                                               ram          00000
__Hreset_vec                                         reset_vec    00002
__Hsfr0                                              sfr0         00000
__Hsfr1                                              sfr1         00000
__Hsfr10                                             sfr10        00000
__Hsfr11                                             sfr11        00000
__Hsfr12                                             sfr12        00000
__Hsfr13                                             sfr13        00000
__Hsfr14                                             sfr14        00000
__Hsfr15                                             sfr15        00000
__Hsfr16                                             sfr16        00000
__Hsfr17                                             sfr17        00000
__Hsfr18                                             sfr18        00000
__Hsfr19                                             sfr19        00000
__Hsfr2                                              sfr2         00000
__Hsfr20                                             sfr20        00000
__Hsfr21                                             sfr21        00000
__Hsfr22                                             sfr22        00000
__Hsfr23                                             sfr23        00000
__Hsfr24                                             sfr24        00000
__Hsfr25                                             sfr25        00000
__Hsfr26                                             sfr26        00000
__Hsfr27                                             sfr27        00000
__Hsfr28                                             sfr28        00000
__Hsfr29                                             sfr29        00000
__Hsfr3                                              sfr3         00000
__Hsfr30                                             sfr30        00000
__Hsfr31                                             sfr31        00000
__Hsfr32                                             sfr32        00000
__Hsfr33                                             sfr33        00000
__Hsfr34                                             sfr34        00000
__Hsfr35                                             sfr35        00000
__Hsfr36                                             sfr36        00000
__Hsfr37                                             sfr37        00000
__Hsfr38                                             sfr38        00000
__Hsfr39                                             sfr39        00000
__Hsfr4                                              sfr4         00000
__Hsfr40                                             sfr40        00000
__Hsfr41                                             sfr41        00000
__Hsfr42                                             sfr42        00000
__Hsfr43                                             sfr43        00000
__Hsfr44                                             sfr44        00000
__Hsfr45                                             sfr45        00000
__Hsfr46                                             sfr46        00000
__Hsfr47                                             sfr47        00000
__Hsfr48                                             sfr48        00000
__Hsfr49                                             sfr49        00000
__Hsfr5                                              sfr5         00000
__Hsfr50                                             sfr50        00000
__Hsfr51                                             sfr51        00000
__Hsfr52                                             sfr52        00000
__Hsfr53                                             sfr53        00000
__Hsfr54                                             sfr54        00000
__Hsfr55                                             sfr55        00000
__Hsfr56                                             sfr56        00000
__Hsfr57                                             sfr57        00000
__Hsfr58                                             sfr58        00000
__Hsfr59                                             sfr59        00000
__Hsfr6                                              sfr6         00000
__Hsfr60                                             sfr60        00000
__Hsfr61                                             sfr61        00000
__Hsfr62                                             sfr62        00000
__Hsfr63                                             sfr63        00000
__Hsfr7                                              sfr7         00000
__Hsfr8                                              sfr8         00000
__Hsfr9                                              sfr9         00000
__Hspace_0                                           (abs)        03847
__Hspace_1                                           (abs)        001C0
__Hspace_2                                           (abs)        00000
__Hspace_3                                           (abs)        00000
__Hspace_4                                           (abs)        10013
__Hstack                                             stack        00000
__Hstrings                                           strings      00000
__Hstringtext1                                       stringtext1  00000
__Hstringtext10                                      stringtext10 00000
__Hstringtext11                                      stringtext11 00000
__Hstringtext12                                      stringtext12 00000
__Hstringtext13                                      stringtext13 00000
__Hstringtext14                                      stringtext14 00000
__Hstringtext15                                      stringtext15 00000
__Hstringtext16                                      stringtext16 00000
__Hstringtext17                                      stringtext17 00000
__Hstringtext18                                      stringtext18 00000
__Hstringtext19                                      stringtext19 00000
__Hstringtext2                                       stringtext2  00000
__Hstringtext20                                      stringtext20 00000
__Hstringtext21                                      stringtext21 00000
__Hstringtext22                                      stringtext22 00000
__Hstringtext23                                      stringtext23 00000
__Hstringtext3                                       stringtext3  00000
__Hstringtext4                                       stringtext4  00000
__Hstringtext5                                       stringtext5  00000
__Hstringtext6                                       stringtext6  00000
__Hstringtext7                                       stringtext7  00000
__Hstringtext8                                       stringtext8  00000
__Hstringtext9                                       stringtext9  00000
__Htext                                              text         00000
__Labs1                                              abs1         00000
__Lbank0                                             bank0        00000
__Lbank1                                             bank1        00000
__Lbank10                                            bank10       00000
__Lbank11                                            bank11       00000
__Lbank12                                            bank12       00000
__Lbank13                                            bank13       00000
__Lbank14                                            bank14       00000
__Lbank15                                            bank15       00000
__Lbank16                                            bank16       00000
__Lbank17                                            bank17       00000
__Lbank18                                            bank18       00000
__Lbank19                                            bank19       00000
__Lbank2                                             bank2        00000
__Lbank20                                            bank20       00000
__Lbank21                                            bank21       00000
__Lbank22                                            bank22       00000
__Lbank23                                            bank23       00000
__Lbank24                                            bank24       00000
__Lbank25                                            bank25       00000
__Lbank26                                            bank26       00000
__Lbank27                                            bank27       00000
__Lbank28                                            bank28       00000
__Lbank29                                            bank29       00000
__Lbank3                                             bank3        00000
__Lbank30                                            bank30       00000
__Lbank31                                            bank31       00000
__Lbank32                                            bank32       00000
__Lbank33                                            bank33       00000
__Lbank34                                            bank34       00000
__Lbank35                                            bank35       00000
__Lbank36                                            bank36       00000
__Lbank37                                            bank37       00000
__Lbank38                                            bank38       00000
__Lbank39                                            bank39       00000
__Lbank4                                             bank4        00000
__Lbank40                                            bank40       00000
__Lbank41                                            bank41       00000
__Lbank42                                            bank42       00000
__Lbank43                                            bank43       00000
__Lbank44                                            bank44       00000
__Lbank45                                            bank45       00000
__Lbank46                                            bank46       00000
__Lbank47                                            bank47       00000
__Lbank48                                            bank48       00000
__Lbank49                                            bank49       00000
__Lbank5                                             bank5        00000
__Lbank50                                            bank50       00000
__Lbank51                                            bank51       00000
__Lbank52                                            bank52       00000
__Lbank53                                            bank53       00000
__Lbank54                                            bank54       00000
__Lbank55                                            bank55       00000
__Lbank56                                            bank56       00000
__Lbank57                                            bank57       00000
__Lbank58                                            bank58       00000
__Lbank59                                            bank59       00000
__Lbank6                                             bank6        00000
__Lbank60                                            bank60       00000
__Lbank61                                            bank61       00000
__Lbank62                                            bank62       00000
__Lbank63                                            bank63       00000
__Lbank7                                             bank7        00000
__Lbank8                                             bank8        00000
__Lbank9                                             bank9        00000
__Lbigram                                            bigram       00000
__LbssBANK0                                          bssBANK0     00000
__LbssBANK2                                          bssBANK2     00000
__LbssBANK3                                          bssBANK3     00000
__Lcinit                                             cinit        00019
__Lclrtext                                           clrtext      00000
__Lcode                                              code         00000
__Lcommon                                            common       00000
__Lconfig                                            config       00000
__LcstackBANK0                                       cstackBANK0  00000
__LcstackBANK1                                       cstackBANK1  00000
__LcstackBANK2                                       cstackBANK2  00000
__LcstackCOMMON                                      cstackCOMMON 00000
__LdataBANK2                                         dataBANK2    00000
__Leeprom_data                                       eeprom_data  00000
__Lend_init                                          end_init     00017
__Lfunctab                                           functab      00000
__Lheap                                              heap         00000
__LidataBANK2                                        idataBANK2   00000
__Lidloc                                             idloc        00000
__Linit                                              init         00017
__Lintentry                                          intentry     00004
__Lmaintext                                          maintext     00000
__LnvBANK2                                           nvBANK2      00000
__Lpowerup                                           powerup      00000
__Lram                                               ram          00000
__Lreset_vec                                         reset_vec    00000
__Lsfr0                                              sfr0         00000
__Lsfr1                                              sfr1         00000
__Lsfr10                                             sfr10        00000
__Lsfr11                                             sfr11        00000
__Lsfr12                                             sfr12        00000
__Lsfr13                                             sfr13        00000
__Lsfr14                                             sfr14        00000
__Lsfr15                                             sfr15        00000
__Lsfr16                                             sfr16        00000
__Lsfr17                                             sfr17        00000
__Lsfr18                                             sfr18        00000
__Lsfr19                                             sfr19        00000
__Lsfr2                                              sfr2         00000
__Lsfr20                                             sfr20        00000
__Lsfr21                                             sfr21        00000
__Lsfr22                                             sfr22        00000
__Lsfr23                                             sfr23        00000
__Lsfr24                                             sfr24        00000
__Lsfr25                                             sfr25        00000
__Lsfr26                                             sfr26        00000
__Lsfr27                                             sfr27        00000
__Lsfr28                                             sfr28        00000
__Lsfr29                                             sfr29        00000
__Lsfr3                                              sfr3         00000
__Lsfr30                                             sfr30        00000
__Lsfr31                                             sfr31        00000
__Lsfr32                                             sfr32        00000
__Lsfr33                                             sfr33        00000
__Lsfr34                                             sfr34        00000
__Lsfr35                                             sfr35        00000
__Lsfr36                                             sfr36        00000
__Lsfr37                                             sfr37        00000
__Lsfr38                                             sfr38        00000
__Lsfr39                                             sfr39        00000
__Lsfr4                                              sfr4         00000
__Lsfr40                                             sfr40        00000
__Lsfr41                                             sfr41        00000
[...]
__ptext42                                            text42       0290C
__ptext43                                            text43       0373B
__ptext44                                            text44       0372F
__ptext45                                            text45       036C5
__ptext46                                            text46       03718
__ptext47                                            text47       036B4
__ptext48                                            text48       02807
__ptext49                                            text49       036BF
__ptext5                                             text5        037B6
__ptext51                                            text51       037EC
__ptext52                                            text52       00003
__ptext53                                            text53       036B0
__ptext54                                            text54       03779
__ptext55                                            text55       036B9
__ptext56                                            text56       0375F
__ptext57                                            text57       00002
__ptext58                                            text58       028B8
__ptext59                                            text59       037D9
__ptext6                                             text6        02B78
__ptext60                                            text60       028D3
__ptext61                                            text61       02CA2
__ptext62                                            text62       02406
__ptext63                                            text63       029FE
__ptext64                                            text64       02949
__ptext65                                            text65       02A8E
__ptext66                                            text66       03723
__ptext67                                            text67       036AC
__ptext68                                            text68       0370D
__ptext69                                            text69       0285B
__ptext7                                             text7        02845
__ptext70                                            text70       02D53
__ptext71                                            text71       02F0D
__ptext8                                             text8        0292A
__ptext9                                             text9        0228D
_abs                                                 text20       028A0
_audio_8bit                                          stringtext4  00041
_buffer_2_byte                                       bssBANK2     0015D
_button_pressed                                      bssBANK2     00159
_dbuf                                                bssBANK3     001A0
_delay                                               dataBANK2    00161
_dtoa                                                text13       02520
_dtoa$1785                                           cstackBANK1  000C9
_eusart1RxLastError                                  bssBANK2     00151
_flags                                               bssBANK0     0006D
_fputc                                               text16       02AC5
_fputs                                               text15       0298B
_get_switch_state                                    text58       028B8
_main                                                maintext     0263F
_mpu6050_init                                        text4        022B8
_mpu_get_acceleration                                text1        02AFD
_mpu_read_multi_reg                                  text2        02889
_mpu_read_single_reg                                 text7        02845
_mpu_write_reg                                       text5        037B6
_pad                                                 text14       02A2D
_prec                                                bssBANK0     00067
_printf                                              text10       03753
_putch                                               text17       03747
_run_main                                            bssBANK2     0015C
_sound_off                                           bssBANK2     0015A
_sound_on                                            bssBANK2     0015B
_timer1ReloadVal                                     bssBANK0     0006B
_timer_isr                                           text53       036B0
_transmit_0                                          text25       03788
_transmit_1                                          text24       03797
_vfpfcnvrt                                           text12       02C00
_vfprintf                                            text11       028EF
_width                                               bssBANK2     00149
abs@a                                                cstackBANK1  000B7
btemp                                                (abs)        0007E
clear_ram0                                           clrtext      02801
dtoa@d                                               cstackBANK1  000BF
dtoa@fp                                              cstackBANK1  000C8
dtoa@i                                               cstackBANK1  000D8
dtoa@n                                               cstackBANK1  000CF
dtoa@p                                               cstackBANK1  000CB
dtoa@s                                               cstackBANK1  000D7
dtoa@w                                               cstackBANK1  000CD
end_of_initialization                                cinit        0003D
fputc@c                                              cstackBANK1  000A6
fputc@fp                                             cstackBANK1  000A8
fputs@c                                              cstackBANK1  000B2
fputs@fp                                             cstackBANK1  000AE
fputs@i                                              cstackBANK1  000B3
fputs@s                                              cstackBANK1  000B1
get_switch_state@button                              cstackBANK0  00066
i1EUSART1_Write@txData                               cstackCOMMON 00070
i1_EUSART1_IsTxReady                                 text68       0370D
i1_EUSART1_IsTxReady$923                             cstackCOMMON 00070
i1_EUSART1_Write                                     text67       036AC
i1___aodiv                                           text71       02F0D
i1___aodiv@counter                                   cstackCOMMON 00071
i1___aodiv@dividend                                  cstackBANK0  00028
i1___aodiv@divisor                                   cstackBANK0  00020
i1___aodiv@quotient                                  cstackCOMMON 00073
i1___aodiv@sign                                      cstackCOMMON 00072
i1___aomod                                           text70       02D53
i1___aomod@counter                                   cstackCOMMON 00071
i1___aomod@dividend                                  cstackBANK0  00028
i1___aomod@divisor                                   cstackBANK0  00020
i1___aomod@sign                                      cstackCOMMON 00072
i1_abs                                               text69       0285B
i1_dtoa                                              text62       02406
i1_dtoa$1785                                         cstackBANK0  0003A
i1_fputc                                             text65       02A8E
i1_fputs                                             text64       02949
i1_pad                                               text63       029FE
i1_printf                                            text59       037D9
i1_putch                                             text66       03723
i1_vfpfcnvrt                                         text61       02CA2
i1_vfprintf                                          text60       028D3
i1abs@a                                              cstackCOMMON 00073
i1dtoa@d                                             cstackBANK0  00030
i1dtoa@fp                                            cstackBANK0  00039
i1dtoa@i                                             cstackBANK0  00049
i1dtoa@n                                             cstackBANK0  00041
i1dtoa@p                                             cstackBANK0  0003C
i1dtoa@s                                             cstackBANK0  00040
i1dtoa@w                                             cstackBANK0  0003E
i1fputc@c                                            cstackCOMMON 00072
i1fputc@fp                                           cstackCOMMON 00074
i1fputs@c                                            cstackBANK0  00021
i1fputs@fp                                           cstackCOMMON 0007A
i1fputs@i                                            cstackBANK0  00022
i1fputs@s                                            cstackBANK0  00020
i1pad@buf                                            cstackBANK0  00024
i1pad@fp                                             cstackBANK0  0002B
i1pad@i                                              cstackBANK0  00027
i1pad@p                                              cstackBANK0  00025
i1pad@w                                              cstackBANK0  00029
i1printf@ap                                          cstackBANK1  000A2
i1printf@fmt                                         cstackBANK1  000A0
i1putch@txData                                       cstackCOMMON 00071
i1vfpfcnvrt@ap                                       cstackBANK0  0004D
i1vfpfcnvrt@convarg                                  cstackBANK0  00053
i1vfpfcnvrt@cp                                       cstackBANK0  0005C
i1vfpfcnvrt@fmt                                      cstackBANK0  0004B
i1vfpfcnvrt@fp                                       cstackBANK0  0005B
i1vfprintf@ap                                        cstackBANK0  00060
i1vfprintf@cfmt                                      cstackBANK0  00064
i1vfprintf@fmt                                       cstackBANK0  0005E
i1vfprintf@fp                                        cstackBANK0  00063
int$flags                                            (abs)        0007E
intlevel0                                            functab      00000
intlevel1                                            functab      00000
intlevel2                                            functab      00000
intlevel3                                            functab      00000
intlevel4                                            functab      00000
intlevel5                                            functab      00000
main@acc_x                                           cstackBANK2  00147
main@acc_x_prev                                      cstackBANK2  00143
main@count                                           cstackBANK2  0013A
main@count_1064                                      cstackBANK2  0013B
main@dac_val                                         cstackBANK2  00142
main@direction                                       cstackBANK2  0013F
main@i                                               cstackBANK2  0013C
main@j                                               cstackBANK2  00140
main@resp                                            cstackBANK2  00139
main@sample                                          cstackBANK2  0013E
main@sound_index                                     cstackBANK2  00145
mpu6050_init@id                                      cstackBANK2  00135
mpu6050_init@resp                                    cstackBANK2  00134
mpu_get_acceleration@acc                             cstackBANK1  000C0
mpu_get_acceleration@axis                            cstackBANK1  000C2
mpu_get_acceleration@start_add                       cstackBANK1  000C3
mpu_read_multi_reg@data                              cstackBANK1  000B4
mpu_read_multi_reg@len                               cstackBANK1  000B5
mpu_read_multi_reg@start_address                     cstackBANK1  000B8
mpu_read_single_reg@data                             cstackBANK2  0012F
mpu_read_single_reg@reg_to_read                      cstackBANK2  00132
mpu_read_single_reg@resp                             cstackBANK2  00133
mpu_write_reg@buffer                                 cstackBANK1  000B9
mpu_write_reg@data                                   cstackBANK1  000B7
mpu_write_reg@reg_to_write                           cstackBANK1  000B8
pad@buf                                              cstackBANK1  000B5
pad@fp                                               cstackBANK1  000BD
pad@i                                                cstackBANK1  000B9
pad@p                                                cstackBANK1  000B6
pad@w                                                cstackBANK1  000BB
printf@ap                                            cstackBANK2  0012C
printf@fmt                                           cstackBANK2  00126
putch@txData                                         cstackBANK1  000A5
reset_vec                                            reset_vec    00000
start                                                init         00017
start_initialization                                 cinit        00019
vfpfcnvrt@ap                                         cstackBANK1  000DB
vfpfcnvrt@convarg                                    cstackBANK1  000E0
vfpfcnvrt@cp                                         cstackBANK1  000E9
vfpfcnvrt@fmt                                        cstackBANK1  000DA
vfpfcnvrt@fp                                         cstackBANK1  000E8
vfprintf@ap                                          cstackBANK2  00122
vfprintf@cfmt                                        cstackBANK2  00124
vfprintf@fmt                                         cstackBANK2  00120
vfprintf@fp                                          cstackBANK2  00123
wtemp0                                               (abs)        0007E


MODULE INFORMATION

Module		Function		Class		Link	Load	Size
C:\Program Files\Microchip\xc8\v2.40\pic\sources\c99\common\nf_fputc.c
		_fputc         		CODE           	2AC5	0000	56

C:\Program Files\Microchip\xc8\v2.40\pic\sources\c99\common\nf_fputc.c estimated size: 56

C:\Program Files\Microchip\xc8\v2.40\pic\sources\c99\common\abs.c
		_abs           		CODE           	28A0	0000	24

C:\Program Files\Microchip\xc8\v2.40\pic\sources\c99\common\abs.c estimated size: 24

i2c.c
		_I2C_Multi_Read		CODE           	2BBA	0000	70
		_I2C_Receive_Byte		CODE           	2B39	0000	63
		_I2C_Single_Write		CODE           	292A	0000	31
		_I2C_Multi_Write		CODE           	2B78	0000	66
		_I2C_Stop      		CODE           	281B	0000	20
		_I2C_Single_Read		CODE           	228D	0000	43
		_I2C_Init      		CODE           	36B4	0000	5
		_I2C_Transmit_Byte		CODE           	29D3	0000	43
		_I2C_Send_ACK  		CODE           	2872	0000	23
		_I2C_Delay     		CODE           	36EB	0000	8
		_I2C_Delay2    		CODE           	36F3	0000	8
		_I2C_Check_ACK 		CODE           	282F	0000	22
		_I2C_Start     		CODE           	376C	0000	13
		_transmit_0    		CODE           	3788	0000	15
		_transmit_1    		CODE           	3797	0000	15

i2c.c estimated size: 445

C:\Program Files\Microchip\xc8\v2.40\pic\sources\c99\common\printf.c
		_printf        		CODE           	3753	0000	12

C:\Program Files\Microchip\xc8\v2.40\pic\sources\c99\common\printf.c estimated size: 12

mcc_generated_files/timer/src/tmr1.c
		_TMR1_Initialize		CODE           	29AC	0000	39
		_TMR1_Write    		CODE           	3779	0000	15
		_TMR1_OverflowCallbackRegister		CODE           	36E3	0000	8
		_TMR1_DefaultOverflowCallback		CODE           	0003	0000	1
		_TMR1_GateCallbackRegister		CODE           	36DB	0000	8
		_TMR1_OverflowISR		CODE           	37EC	0000	20

mcc_generated_files/timer/src/tmr1.c estimated size: 91

mcc_generated_files/system/src/interrupt.c
		_INT_SetInterruptHandler		CODE           	36CB	0000	8
		_INTERRUPT_Initialize		CODE           	3703	0000	10
		_INTERRUPT_InterruptManager		CODE           	0004	0000	19

mcc_generated_files/system/src/interrupt.c estimated size: 37

C:\Program Files\Microchip\xc8\v2.40\pic\sources\c99\common\nf_fputs.c
		_fputs         		CODE           	298B	0000	33

C:\Program Files\Microchip\xc8\v2.40\pic\sources\c99\common\nf_fputs.c estimated size: 33

mcc_generated_files/system/src/pins.c
		_PIN_MANAGER_Initialize		CODE           	2A5C	0000	50
		_SW_SetInterruptHandler		CODE           	36D3	0000	8
		_SW_DefaultInterruptHandler		CODE           	0002	0000	1
		_SW_ISR        		CODE           	375F	0000	13
		_PIN_MANAGER_IOC		CODE           	36B9	0000	6

mcc_generated_files/system/src/pins.c estimated size: 78

mcc_generated_files/timer/src/delay.c
		_DELAY_milliseconds		CODE           	2807	0000	20
		_DELAY_microseconds		CODE           	296A	0000	33

mcc_generated_files/timer/src/delay.c estimated size: 53

C:\Program Files\Microchip\xc8\v2.40\pic\sources\c99\common\aomod.c
		___aomod       		CODE           	2E2F	0000	222

C:\Program Files\Microchip\xc8\v2.40\pic\sources\c99\common\aomod.c estimated size: 222

mcc_generated_files/dac/src/dac1.c
		_DAC1_SetOutput		CODE           	36BF	0000	6
		_DAC1_Initialize		CODE           	36C5	0000	6

mcc_generated_files/dac/src/dac1.c estimated size: 12

shared
		i1_printf      		CODE           	37D9	0000	19
		i1_vfpfcnvrt   		CODE           	2CA2	0000	177
		i1_pad         		CODE           	29FE	0000	47
		_Timer1        		STRCODE        	0000	0000	0
		i1_abs         		CODE           	285B	0000	23
		i1_putch       		CODE           	3723	0000	12
		i1_vfprintf    		CODE           	28D3	0000	28
		_audio_8bit    		STRCODE        	0041	0000	8777
		main@dac_res   		STRCODE        	0000	0000	0
		i1_dtoa        		CODE           	2406	0000	282
		i1_EUSART1_IsTxReady		CODE           	370D	0000	11
		__initialization		CODE           	0019	0000	36
		_UART1         		STRCODE        	0000	0000	0
		i1_EUSART1_Write		CODE           	36AC	0000	4
		i1___aodiv     		CODE           	2F0D	0000	243
		i1___aomod     		CODE           	2D53	0000	220
		i1_fputc       		CODE           	2A8E	0000	55
		i1_fputs       		CODE           	2949	0000	33

shared estimated size: 9967

mpu6050.c
		_mpu_read_multi_reg		CODE           	2889	0000	23
		_mpu_read_single_reg		CODE           	2845	0000	22
		_mpu6050_init  		CODE           	22B8	0000	88
		_mpu_write_reg 		CODE           	37B6	0000	17
		_mpu_get_acceleration		CODE           	2AFD	0000	60

mpu6050.c estimated size: 210

C:\Program Files\Microchip\xc8\v2.40\pic\sources\c99\common\doprnt.c
		_vfpfcnvrt     		CODE           	2C00	0000	162
		_pad           		CODE           	2A2D	0000	47
		_dtoa          		CODE           	2520	0000	287
		_vfprintf      		CODE           	28EF	0000	29

C:\Program Files\Microchip\xc8\v2.40\pic\sources\c99\common\doprnt.c estimated size: 525

mcc_generated_files/system/src/clock.c
		_CLOCK_Initialize		CODE           	3718	0000	11

mcc_generated_files/system/src/clock.c estimated size: 11

main.c
		_main          		CODE           	263F	0000	449
		_timer_isr     		CODE           	36B0	0000	4
		_get_switch_state		CODE           	28B8	0000	27

main.c estimated size: 480

mcc_generated_files/uart/src/eusart1.c
		_EUSART1_Initialize		CODE           	290C	0000	30
		_putch         		CODE           	3747	0000	12
		_EUSART1_Write 		CODE           	36FB	0000	8
		_EUSART1_FramingErrorCallbackRegister		CODE           	372F	0000	12
		_EUSART1_IsTxReady		CODE           	37A6	0000	16
		_EUSART1_OverrunErrorCallbackRegister		CODE           	373B	0000	12

mcc_generated_files/uart/src/eusart1.c estimated size: 90

mcc_generated_files/system/src/system.c
		_SYSTEM_Initialize		CODE           	37C7	0000	18

mcc_generated_files/system/src/system.c estimated size: 18

C:\Program Files\Microchip\xc8\v2.40\pic\sources\c99\common\aodiv.c
		___aodiv       		CODE           	2310	0000	246

C:\Program Files\Microchip\xc8\v2.40\pic\sources\c99\common\aodiv.c estimated size: 246

